     VMA      LMA     Size Align Out     In      Symbol
       0        0        0     1 RAM_START = 0x22000000
       0        0        0     1 RAM_LENGTH = 0x001d4000
       0        0        0     1 FLASH_START = 0x02000000
       0        0        0     1 FLASH_LENGTH = 0x00100000
       0        0        0     1 DATA_FLASH_START = 0x27000000
       0        0        0     1 DATA_FLASH_LENGTH = 0x00000000
       0        0        0     1 SDRAM_START = 0x68000000
       0        0        0     1 SDRAM_LENGTH = 0x08000000
       0        0        0     1 OSPI0_CS0_START = 0x80000000
       0        0        0     1 OSPI0_CS0_LENGTH = 0x10000000
       0        0        0     1 OSPI0_CS1_START = 0x90000000
       0        0        0     1 OSPI0_CS1_LENGTH = 0x10000000
       0        0        0     1 OSPI1_CS0_START = 0x70000000
       0        0        0     1 OSPI1_CS0_LENGTH = 0x08000000
       0        0        0     1 OSPI1_CS1_START = 0x78000000
       0        0        0     1 OSPI1_CS1_LENGTH = 0x08000000
       0        0        0     1 OPTION_SETTING_OFS0_START = 0x02c9f040
       0        0        0     1 OPTION_SETTING_OFS0_LENGTH = 0x00000004
       0        0        0     1 OPTION_SETTING_OFS2_START = 0x02c9f044
       0        0        0     1 OPTION_SETTING_OFS2_LENGTH = 0x00000004
       0        0        0     1 OPTION_SETTING_SAS_START = 0x02c9f074
       0        0        0     1 OPTION_SETTING_SAS_LENGTH = 0x00000004
       0        0        0     1 OPTION_SETTING_OFS1_START = 0x12c9f4c0
       0        0        0     1 OPTION_SETTING_OFS1_LENGTH = 0x00000004
       0        0        0     1 OPTION_SETTING_OFS1_SEC_START = 0x02c9f0c0
       0        0        0     1 OPTION_SETTING_OFS1_SEC_LENGTH = 0x00000004
       0        0        0     1 OPTION_SETTING_OFS1_SEL_START = 0x02c9f120
       0        0        0     1 OPTION_SETTING_OFS1_SEL_LENGTH = 0x00000004
       0        0        0     1 OPTION_SETTING_OFS3_START = 0x12c9f4c4
       0        0        0     1 OPTION_SETTING_OFS3_LENGTH = 0x00000004
       0        0        0     1 OPTION_SETTING_OFS3_SEC_START = 0x02c9f0c4
       0        0        0     1 OPTION_SETTING_OFS3_SEC_LENGTH = 0x00000004
       0        0        0     1 OPTION_SETTING_OFS3_SEL_START = 0x02c9f124
       0        0        0     1 OPTION_SETTING_OFS3_SEL_LENGTH = 0x00000004
       0        0        0     1 OPTION_SETTING_BPS_START = 0x12c9f600
       0        0        0     1 OPTION_SETTING_BPS_LENGTH = 0x00000080
       0        0        0     1 OPTION_SETTING_BPS_SEC_START = 0x02c9f200
       0        0        0     1 OPTION_SETTING_BPS_SEC_LENGTH = 0x00000080
       0        0        0     1 OPTION_SETTING_OTP_PBPS_SEC_START = 0x02e07700
       0        0        0     1 OPTION_SETTING_OTP_PBPS_SEC_LENGTH = 0x00000080
       0        0        0     1 OPTION_SETTING_OTP_PBPS_START = 0x12e07780
       0        0        0     1 OPTION_SETTING_OTP_PBPS_LENGTH = 0x00000080
       0        0        0     1 ITCM_START = 0x00000000
       0        0        0     1 ITCM_LENGTH = 0x00020000
       0        0        0     1 DTCM_START = 0x20000000
       0        0        0     1 DTCM_LENGTH = 0x00020000
90000000 90000000        0     1 .ospi0_cs1.startof
90000000 90000000        0     1         __ddsc_OSPI0_CS1_START = .
68000000 68000000        0     1 .sdram.startof
68000000 68000000        0     1         __ddsc_SDRAM_START = .
68000000 68000000        0     1 __sdram_from_ospi0_cs1$$
68000000 68000000        0     1         __sdram_from_ospi0_cs1$$Base = .
68000000 68000000        0     1         __sdram_from_ospi0_cs1$$Load = LOADADDR ( __sdram_from_ospi0_cs1$$ )
68000000 68000000        0     1         __sdram_from_ospi0_cs1$$Limit = .
80000000 80000000        0     1 .ospi0_cs0.startof
80000000 80000000        0     1         __ddsc_OSPI0_CS0_START = .
80000000 80000000        0     1 __ospi0_cs0_from_ospi0_cs1$$
80000000 80000000        0     1         __ospi0_cs0_from_ospi0_cs1$$Base = .
80000000 80000000        0     1         __ospi0_cs0_from_ospi0_cs1$$Load = LOADADDR ( __ospi0_cs0_from_ospi0_cs1$$ )
80000000 80000000        0     1         __ospi0_cs0_from_ospi0_cs1$$Limit = .
70000000 70000000        0     1 .ospi1_cs0.startof
70000000 70000000        0     1         __ddsc_OSPI1_CS0_START = .
70000000 70000000        0     1 __ospi1_cs0_from_ospi0_cs1$$
70000000 70000000        0     1         __ospi1_cs0_from_ospi0_cs1$$Base = .
70000000 70000000        0     1         __ospi1_cs0_from_ospi0_cs1$$Load = LOADADDR ( __ospi1_cs0_from_ospi0_cs1$$ )
70000000 70000000        0     1         __ospi1_cs0_from_ospi0_cs1$$Limit = .
       0        0        0     1 .itcm.startof
       0        0        0     1         __ddsc_ITCM_START = .
       0        0        0     1 __itcm_from_ospi0_cs1$$
       0        0        0     1         __itcm_from_ospi0_cs1$$Base = .
       0        0        0     1         __itcm_from_ospi0_cs1$$Load = LOADADDR ( __itcm_from_ospi0_cs1$$ )
       0        0        0     1         __itcm_from_ospi0_cs1$$Limit = .
20000000 20000000        0     1 .dtcm.startof
20000000 20000000        0     1         __ddsc_DTCM_START = .
20000000 20000000        0     1 __dtcm_from_ospi0_cs1$$
20000000 20000000        0     1         __dtcm_from_ospi0_cs1$$Base = .
20000000 20000000        0     1         __dtcm_from_ospi0_cs1$$Load = LOADADDR ( __dtcm_from_ospi0_cs1$$ )
20000000 20000000        0     1         __dtcm_from_ospi0_cs1$$Limit = .
22000000 22000000        0     1 .ram.startof
22000000 22000000        0     1         __ddsc_RAM_START = .
22000000 22000000       1c  1024 __ram_dtc_vector$$
22000000 22000000        0     1         __ram_dtc_vector$$Base = .
22000000 22000000       1c  1024         ./ra/fsp/src/r_dtc/r_dtc.o:(.fsp_dtc_vector_table)
22000000 22000000       1c     1                 gp_dtc_vector_table
2200001c 2200001c        0     1         __ram_dtc_vector$$Limit = .
2200001c 2200001c        0     1 __ram_from_ospi0_cs1$$
2200001c 2200001c        0     1         __ram_from_ospi0_cs1$$Base = .
2200001c 2200001c        0     1         __ram_from_ospi0_cs1$$Load = LOADADDR ( __ram_from_ospi0_cs1$$ )
2200001c 2200001c        0     1         __ram_from_ospi0_cs1$$Limit = .
90000000 90000000        0     1 __ospi0_cs1_readonly$$
90000000 90000000        0     1         __ospi0_cs1_readonly$$Base = .
90000000 90000000        0     1         __ospi0_cs1_readonly$$Limit = .
90000000 90000000        0     1 __ospi0_cs1_noinit$$
90000000 90000000        0     1         __ospi0_cs1_noinit$$Base = .
90000000 90000000        0     1         __ospi0_cs1_noinit$$Limit = .
90000000 90000000        0     1 .ospi0_cs1.endof
90000000 90000000        0     1         __ddsc_OSPI0_CS1_END = .
78000000 78000000        0     1 .ospi1_cs1.startof
78000000 78000000        0     1         __ddsc_OSPI1_CS1_START = .
68000000 68000000        0     1 __sdram_from_ospi1_cs1$$
68000000 68000000        0     1         __sdram_from_ospi1_cs1$$Base = .
68000000 68000000        0     1         __sdram_from_ospi1_cs1$$Load = LOADADDR ( __sdram_from_ospi1_cs1$$ )
68000000 68000000        0     1         __sdram_from_ospi1_cs1$$Limit = .
80000000 80000000        0     1 __ospi0_cs0_from_ospi1_cs1$$
80000000 80000000        0     1         __ospi0_cs0_from_ospi1_cs1$$Base = .
80000000 80000000        0     1         __ospi0_cs0_from_ospi1_cs1$$Load = LOADADDR ( __ospi0_cs0_from_ospi1_cs1$$ )
80000000 80000000        0     1         __ospi0_cs0_from_ospi1_cs1$$Limit = .
70000000 70000000        0     1 __ospi1_cs0_from_ospi1_cs1$$
70000000 70000000        0     1         __ospi1_cs0_from_ospi1_cs1$$Base = .
70000000 70000000        0     1         __ospi1_cs0_from_ospi1_cs1$$Load = LOADADDR ( __ospi1_cs0_from_ospi1_cs1$$ )
70000000 70000000        0     1         __ospi1_cs0_from_ospi1_cs1$$Limit = .
       0        0        0     1 __itcm_from_ospi1_cs1$$
       0        0        0     1         __itcm_from_ospi1_cs1$$Base = .
       0        0        0     1         __itcm_from_ospi1_cs1$$Load = LOADADDR ( __itcm_from_ospi1_cs1$$ )
       0        0        0     1         __itcm_from_ospi1_cs1$$Limit = .
20000000 20000000        0     1 __dtcm_from_ospi1_cs1$$
20000000 20000000        0     1         __dtcm_from_ospi1_cs1$$Base = .
20000000 20000000        0     1         __dtcm_from_ospi1_cs1$$Load = LOADADDR ( __dtcm_from_ospi1_cs1$$ )
20000000 20000000        0     1         __dtcm_from_ospi1_cs1$$Limit = .
2200001c 2200001c        0     1 __ram_from_ospi1_cs1$$
2200001c 2200001c        0     1         __ram_from_ospi1_cs1$$Base = .
2200001c 2200001c        0     1         __ram_from_ospi1_cs1$$Load = LOADADDR ( __ram_from_ospi1_cs1$$ )
2200001c 2200001c        0     1         __ram_from_ospi1_cs1$$Limit = .
78000000 78000000        0     1 __ospi1_cs1_readonly$$
78000000 78000000        0     1         __ospi1_cs1_readonly$$Base = .
78000000 78000000        0     1         __ospi1_cs1_readonly$$Limit = .
78000000 78000000        0     1 __ospi1_cs1_noinit$$
78000000 78000000        0     1         __ospi1_cs1_noinit$$Base = .
78000000 78000000        0     1         __ospi1_cs1_noinit$$Limit = .
78000000 78000000        0     1 .ospi1_cs1.endof
78000000 78000000        0     1         __ddsc_OSPI1_CS1_END = .
27000000 27000000        0     1 .data_flash.startof
27000000 27000000        0     1         __ddsc_DATA_FLASH_START = .
68000000 68000000        0     1 __sdram_from_data_flash$$
68000000 68000000        0     1         __sdram_from_data_flash$$Base = .
68000000 68000000        0     1         __sdram_from_data_flash$$Load = LOADADDR ( __sdram_from_data_flash$$ )
68000000 68000000        0     1         __sdram_from_data_flash$$Limit = .
80000000 80000000        0     1 __ospi0_cs0_from_data_flash$$
80000000 80000000        0     1         __ospi0_cs0_from_data_flash$$Base = .
80000000 80000000        0     1         __ospi0_cs0_from_data_flash$$Load = LOADADDR ( __ospi0_cs0_from_data_flash$$ )
80000000 80000000        0     1         __ospi0_cs0_from_data_flash$$Limit = .
70000000 70000000        0     1 __ospi1_cs0_from_data_flash$$
70000000 70000000        0     1         __ospi1_cs0_from_data_flash$$Base = .
70000000 70000000        0     1         __ospi1_cs0_from_data_flash$$Load = LOADADDR ( __ospi1_cs0_from_data_flash$$ )
70000000 70000000        0     1         __ospi1_cs0_from_data_flash$$Limit = .
       0        0        0     1 __itcm_from_data_flash$$
       0        0        0     1         __itcm_from_data_flash$$Base = .
       0        0        0     1         __itcm_from_data_flash$$Load = LOADADDR ( __itcm_from_data_flash$$ )
       0        0        0     1         __itcm_from_data_flash$$Limit = .
20000000 20000000        0     1 __dtcm_from_data_flash$$
20000000 20000000        0     1         __dtcm_from_data_flash$$Base = .
20000000 20000000        0     1         __dtcm_from_data_flash$$Load = LOADADDR ( __dtcm_from_data_flash$$ )
20000000 20000000        0     1         __dtcm_from_data_flash$$Limit = .
2200001c 2200001c        0     1 __ram_from_data_flash$$
2200001c 2200001c        0     1         __ram_from_data_flash$$Base = .
2200001c 2200001c        0     1         __ram_from_data_flash$$Load = LOADADDR ( __ram_from_data_flash$$ )
2200001c 2200001c        0     1         __ram_from_data_flash$$Limit = .
27000000 27000000        0     1 __data_flash_readonly$$
27000000 27000000        0     1         __data_flash_readonly$$Base = .
27000000 27000000        0     1         __data_flash_readonly$$Limit = .
27000000 27000000        0     1 __data_flash_noinit$$
27000000 27000000        0     1         __data_flash_noinit$$Base = .
27000000 27000000        0     1         __data_flash_noinit$$Limit = .
27000000 27000000        0     1 .data_flash.endof
27000000 27000000        0     1         __ddsc_DATA_FLASH_END = .
 2000000  2000000        0     1 .flash.startof
 2000000  2000000        0     1         __ddsc_FLASH_START = .
 2000000  2000000       5c     4 __flash_vectors$$
 2000000  2000000        0     1         __flash_vectors$$Base = .
 2000000  2000000        0     1         _VECTORS = .
 2000000  2000000       40     4         ./ra/fsp/src/bsp/cmsis/Device/RENESAS/Source/startup.o:(.fixed_vectors)
 2000000  2000000       40     1                 __Vectors
 2000040  2000040       1c     4         ./ra_gen/vector_data.o:(.application_vectors)
 2000040  2000040       1c     1                 g_vector_table
 200005c  200005c        0     1         __flash_vectors$$Limit = .
 200005c  200005c       18     4 .eh_frame
 200005c  200005c       14     1         /Applications/Renesas e2 studio with RA FSP v6.0.0/toolchains/LLVM-ET-Arm-18.1.3-Darwin-universal/bin/../lib/clang-runtimes/arm-none-eabi/armv8.1m.main_hard_fpdp_nomve_exn_rtti/lib/libc.a(strlen.S.o):(.eh_frame+0x0)
 2000074  2000074        0     1 __flash_noinit$$
 2000074  2000074        0     1         __flash_noinit$$Base = .
 2000074  2000074        0     1         __flash_noinit$$Limit = .
68000000 68000000        0     1 __sdram_from_flash$$
68000000 68000000        0     1         __sdram_from_flash$$Base = .
68000000 68000000        0     1         __sdram_from_flash$$Load = LOADADDR ( __sdram_from_flash$$ )
68000000 68000000        0     1         __sdram_from_flash$$Limit = .
68000000 68000000        0     1 __sdram_noinit_nocache$$
68000000 68000000        0     1         __sdram_noinit_nocache$$Base = .
68000000 68000000        0     1         __sdram_noinit_nocache$$Limit = .
68000000 68000000        0     1 __sdram_zero_nocache$$
68000000 68000000        0     1         __sdram_zero_nocache$$Base = .
68000000 68000000        0     1         . = ALIGN ( 32 )
68000000 68000000        0     1         __sdram_zero_nocache$$Limit = .
68000000 68000000        0     1 __sdram_noinit$$
68000000 68000000        0     1         __sdram_noinit$$Base = .
68000000 68000000        0     1         __sdram_noinit$$Limit = .
68000000 68000000        0     1 __sdram_zero$$
68000000 68000000        0     1         __sdram_zero$$Base = .
68000000 68000000        0     1         __sdram_zero$$Limit = .
68000000 68000000        0     1 .sdram.endof
68000000 68000000        0     1         __ddsc_SDRAM_END = .
80000000 80000000        0     1 __ospi0_cs0_from_flash$$
80000000 80000000        0     1         __ospi0_cs0_from_flash$$Base = .
80000000 80000000        0     1         __ospi0_cs0_from_flash$$Load = LOADADDR ( __ospi0_cs0_from_flash$$ )
80000000 80000000        0     1         __ospi0_cs0_from_flash$$Limit = .
80000000 80000000        0     1 __ospi0_cs0_noinit_nocache$$
80000000 80000000        0     1         __ospi0_cs0_noinit_nocache$$Base = .
80000000 80000000        0     1         __ospi0_cs0_noinit_nocache$$Limit = .
80000000 80000000        0     1 __ospi0_cs0_zero_nocache$$
80000000 80000000        0     1         __ospi0_cs0_zero_nocache$$Base = .
80000000 80000000        0     1         . = ALIGN ( 32 )
80000000 80000000        0     1         __ospi0_cs0_zero_nocache$$Limit = .
80000000 80000000        0     1 __ospi0_cs0_noinit$$
80000000 80000000        0     1         __ospi0_cs0_noinit$$Base = .
80000000 80000000        0     1         __ospi0_cs0_noinit$$Limit = .
80000000 80000000        0     1 __ospi0_cs0_zero$$
80000000 80000000        0     1         __ospi0_cs0_zero$$Base = .
80000000 80000000        0     1         __ospi0_cs0_zero$$Limit = .
80000000 80000000        0     1 .ospi0_cs0.endof
80000000 80000000        0     1         __ddsc_OSPI0_CS0_END = .
70000000 70000000        0     1 __ospi1_cs0_from_flash$$
70000000 70000000        0     1         __ospi1_cs0_from_flash$$Base = .
70000000 70000000        0     1         __ospi1_cs0_from_flash$$Load = LOADADDR ( __ospi1_cs0_from_flash$$ )
70000000 70000000        0     1         __ospi1_cs0_from_flash$$Limit = .
70000000 70000000        0     1 __ospi1_cs0_noinit_nocache$$
70000000 70000000        0     1         __ospi1_cs0_noinit_nocache$$Base = .
70000000 70000000        0     1         __ospi1_cs0_noinit_nocache$$Limit = .
70000000 70000000        0     1 __ospi1_cs0_zero_nocache$$
70000000 70000000        0     1         __ospi1_cs0_zero_nocache$$Base = .
70000000 70000000        0     1         . = ALIGN ( 32 )
70000000 70000000        0     1         __ospi1_cs0_zero_nocache$$Limit = .
70000000 70000000        0     1 __ospi1_cs0_noinit$$
70000000 70000000        0     1         __ospi1_cs0_noinit$$Base = .
70000000 70000000        0     1         __ospi1_cs0_noinit$$Limit = .
70000000 70000000        0     1 __ospi1_cs0_zero$$
70000000 70000000        0     1         __ospi1_cs0_zero$$Base = .
70000000 70000000        0     1         __ospi1_cs0_zero$$Limit = .
70000000 70000000        0     1 .ospi1_cs0.endof
70000000 70000000        0     1         __ddsc_OSPI1_CS0_END = .
       0        0        0     1 __itcm_from_flash$$
       0        0        0     1         __itcm_from_flash$$Base = .
       0        0        0     1         __itcm_from_flash$$Load = LOADADDR ( __itcm_from_flash$$ )
       0        0        0     1         __itcm_from_flash$$Limit = .
       0        0        0     1 __itcm_noinit$$
       0        0        0     1         __itcm_noinit$$Base = .
       0        0        0     1         __itcm_noinit$$Limit = .
       0        0        0     1 __itcm_zero$$
       0        0        0     1         __itcm_zero$$Base = .
       0        0        0     1         __itcm_zero$$Limit = .
       0        0        0     1 .itcm.endof
       0        0        0     1         __ddsc_ITCM_END = .
20000000 20000000        0     1 __dtcm_from_flash$$
20000000 20000000        0     1         __dtcm_from_flash$$Base = .
20000000 20000000        0     1         __dtcm_from_flash$$Load = LOADADDR ( __dtcm_from_flash$$ )
20000000 20000000        0     1         __dtcm_from_flash$$Limit = .
20000000 20000000        0     1 __dtcm_noinit$$
20000000 20000000        0     1         __dtcm_noinit$$Base = .
20000000 20000000        0     1         __dtcm_noinit$$Limit = .
20000000 20000000        0     1 __dtcm_zero$$
20000000 20000000        0     1         __dtcm_zero$$Base = .
20000000 20000000        0     1         __dtcm_zero$$Limit = .
20000000 20000000        0     1 .dtcm.endof
20000000 20000000        0     1         __ddsc_DTCM_END = .
22000020  2000080       30    16 __ram_from_flash$$
22000020  2000080        0     1         __ram_from_flash$$Base = .
22000020  2000080        0     1         __ram_from_flash$$Load = LOADADDR ( __ram_from_flash$$ )
22000020  2000080        1     1         ./src/ssi_ep.o:(.data.g_i2s_event)
22000020  2000080        1     1                 g_i2s_event
22000021  2000081        1     1         ./src/ssi_ep.o:(.data.g_send_data_in_main_loop)
22000021  2000081        1     1                 g_send_data_in_main_loop
22000030  2000090       10    16         ./ra_gen/hal_data.o:(.data.g_transfer1_info)
22000030  2000090       10     1                 g_transfer1_info
22000040  20000a0       10    16         ./ra_gen/hal_data.o:(.data.g_transfer0_info)
22000040  20000a0       10     1                 g_transfer0_info
22000050  20000b0        0     1         __ram_from_flash$$Limit = .
22000060 22000060        0     1 __ram_noinit_nocache$$
22000060 22000060        0     1         __ram_noinit_nocache$$Base = .
22000060 22000060        0     1         __ram_noinit_nocache$$Limit = .
22000060 22000060        0     1 __ram_zero_nocache$$
22000060 22000060        0     1         __ram_zero_nocache$$Base = .
22000060 22000060        0     1         . = ALIGN ( 32 )
22000060 22000060        0     1         __ram_zero_nocache$$Limit = .
22000060 22000060      42c     8 __ram_noinit$$
22000060 22000060        0     1         __ram_noinit$$Base = .
22000060 22000060      400     8         ./ra/fsp/src/bsp/cmsis/Device/RENESAS/Source/startup.o:(.bss.g_main_stack)
22000060 22000060      400     1                 g_main_stack
22000460 22000460       2c     4         ./ra/fsp/src/bsp/mcu/all/bsp_clocks.o:(.ram_noinit)
22000460 22000460       2c     1                 g_clock_freq
2200048c 2200048c        0     1         __ram_noinit$$Limit = .
22000490 22000490     21f4    16 __ram_zero$$
22000490 22000490        0     1         __ram_zero$$Base = .
22000490 22000490       a8     4         ./src/SEGGER_RTT/SEGGER_RTT.o:(.bss._SEGGER_RTT)
22000490 22000490       a8     1                 _SEGGER_RTT
22000538 22000538      800     1         ./src/SEGGER_RTT/SEGGER_RTT.o:(.bss._acUpBuffer)
22000538 22000538      800     1                 _acUpBuffer
22000d38 22000d38       10     1         ./src/SEGGER_RTT/SEGGER_RTT.o:(.bss._acDownBuffer)
22000d38 22000d38       10     1                 _acDownBuffer
22000d48 22000d48        1     1         ./src/ssi_ep.o:(.bss.g_data_ready)
22000d48 22000d48        1     1                 g_data_ready
22000d49 22000d49        1     1         ./src/ssi_ep.o:(.bss.g_buffer_index)
22000d49 22000d49        1     1                 g_buffer_index
22000d4c 22000d4c      800     4         ./src/ssi_ep.o:(.bss.g_dest_buff)
22000d4c 22000d4c      800     1                 g_dest_buff
2200154c 2200154c     1000     2         ./src/ssi_ep.o:(.bss.g_src_buff)
2200154c 2200154c     1000     1                 g_src_buff
2200254c 2200254c        4     4         ./src/ssi_ep.o:(.bss.ssi_entry.dbg_cnt)
2200254c 2200254c        4     1                 ssi_entry.dbg_cnt
22002550 22002550        4     4         ./src/ssi_ep.o:(.bss.ssi_example_calculate_samples.t)
22002550 22002550        4     1                 ssi_example_calculate_samples.t
22002554 22002554        8     4         ./ra_gen/common_data.o:(.bss.g_ioport_ctrl)
22002554 22002554        8     1                 g_ioport_ctrl
2200255c 2200255c       40     4         ./ra_gen/hal_data.o:(.bss.g_i2c_master0_ctrl)
2200255c 2200255c       40     1                 g_i2c_master0_ctrl
2200259c 2200259c       20     4         ./ra_gen/hal_data.o:(.bss.g_timer_ctrl)
2200259c 2200259c       20     1                 g_timer_ctrl
220025bc 220025bc        8     4         ./ra_gen/hal_data.o:(.bss.g_transfer1_ctrl)
220025bc 220025bc        8     1                 g_transfer1_ctrl
220025c4 220025c4        8     4         ./ra_gen/hal_data.o:(.bss.g_transfer0_ctrl)
220025c4 220025c4        8     1                 g_transfer0_ctrl
220025cc 220025cc       2c     4         ./ra_gen/hal_data.o:(.bss.g_i2s_ctrl)
220025cc 220025cc       2c     1                 g_i2s_ctrl
220025f8 220025f8        1     1         ./ra/fsp/src/r_dtc/r_dtc.o:(.bss.r_dtc_state_initialize.g_dtc_state_initialized)
220025f8 220025f8        1     1                 r_dtc_state_initialize.g_dtc_state_initialized
220025fc 220025fc       54     4         ./ra/fsp/src/bsp/mcu/all/bsp_group_irq.o:(.bss.g_bsp_group_irq_sources)
220025fc 220025fc       54     1                 g_bsp_group_irq_sources
22002650 22002650        4     4         ./ra/fsp/src/bsp/mcu/all/bsp_io.o:(.bss.g_protect_pfswe_counter)
22002650 22002650        4     1                 g_protect_pfswe_counter
22002654 22002654       1c     4         ./ra/fsp/src/bsp/mcu/all/bsp_irq.o:(.bss.gp_renesas_isr_context)
22002654 22002654       1c     1                 gp_renesas_isr_context
22002670 22002670        8     2         ./ra/fsp/src/bsp/mcu/all/bsp_register_protection.o:(.bss.g_protect_counters)
22002670 22002670        8     1                 g_protect_counters
22002678 22002678        4     4         ./ra/fsp/src/bsp/cmsis/Device/RENESAS/Source/system.o:(.bss.SystemCoreClock)
22002678 22002678        4     1                 SystemCoreClock
22002680 22002680        4    16         /Applications/Renesas e2 studio with RA FSP v6.0.0/toolchains/LLVM-ET-Arm-18.1.3-Darwin-universal/bin/../lib/clang-runtimes/arm-none-eabi/armv8.1m.main_hard_fpdp_nomve_exn_rtti/lib/libc.a(libc_picolib_machine_arm_read_tp.S.o):(.bss)
22002680 22002680        4     1                 __tls
22002684 22002684        0     1         __ram_zero$$Limit = .
22002684 22002684        0     1 __ram_tdata$$
22002684 22002684        0     1         __ram_tdata$$Base = .
22002684 22002684        0     1         __ram_tdata$$Load = LOADADDR ( __ram_tdata$$ )
22002684 22002684        0     1         __ram_tdata$$Limit = .
22002684 22002684        0     1 __ram_tbss$$
22002684 22002684        0     1         __ram_tbss$$Base = .
22002684 22002684        0     1         __ram_tbss$$Limit = .
22002688 22002688        0     1 __ram_thread_stack$$
22002688 22002688        0     1         __ram_thread_stack$$Base = .
22002688 22002688        0     1         __ram_thread_stack$$Limit = .
22004000 22004000        0     1 .ram.endof
22004000 22004000        0     1         __ddsc_RAM_END = .
22004000 22004000        0     1 .ram.flat_nsc
22004000 22004000        0     1         __sau_ddsc_RAM_NSC = .
 20000b0  20000b0     56b2    16 __flash_readonly$$
 20000b0  20000b0        0     1         __flash_readonly$$Base = .
 20000b0  20000b0      186     2         ./src/SEGGER_RTT/SEGGER_RTT.o:(.text.SEGGER_RTT_WriteNoLock)
 20000b0  20000b0        0     1                 $t.6
 20000b1  20000b1      186     1                 SEGGER_RTT_WriteNoLock
 2000236  2000236       a6     2         ./src/SEGGER_RTT/SEGGER_RTT.o:(.text.SEGGER_RTT_Write)
 2000236  2000236        0     1                 $t.8
 2000237  2000237       a6     1                 SEGGER_RTT_Write
 20002dc  20002dc      488     4         ./src/SEGGER_RTT/SEGGER_RTT_printf.o:(.text.SEGGER_RTT_vprintf)
 20002dc  20002dc        0     1                 $t.0
 20002dd  20002dd      488     1                 SEGGER_RTT_vprintf
 2000376  2000376        0     1                 $d.1
 2000384  2000384        0     1                 $t.2
 200043a  200043a        0     1                 $d.3
 200045c  200045c        0     1                 $t.4
 2000764  2000764      180     2         ./src/SEGGER_RTT/SEGGER_RTT_printf.o:(.text._PrintUnsigned)
 2000764  2000764        0     1                 $t.5
 2000765  2000765      180     1                 _PrintUnsigned
 20008e4  20008e4       22     2         ./src/SEGGER_RTT/SEGGER_RTT_printf.o:(.text.SEGGER_RTT_printf)
 20008e4  20008e4        0     1                 $t.6
 20008e5  20008e5       22     1                 SEGGER_RTT_printf
 2000906  2000906      3f4     2         ./src/da7212_speaker_init.o:(.text.da7212_speaker_init)
 2000906  2000906        0     1                 $t.0
 2000907  2000907      3f4     1                 da7212_speaker_init
 2000cfa  2000cfa        2     2         ./src/da7212_speaker_init.o:(.text.i2c_master0_callback)
 2000cfa  2000cfa        0     1                 $t.1
 2000cfb  2000cfb        2     1                 i2c_master0_callback
 2000cfc  2000cfc       74     2         ./src/hal_entry.o:(.text.hal_entry)
 2000cfc  2000cfc        0     1                 $t.0
 2000cfd  2000cfd       74     1                 hal_entry
 2000d70  2000d70       1a     2         ./src/hal_entry.o:(.text.R_BSP_WarmStart)
 2000d70  2000d70        0     1                 $t.1
 2000d71  2000d71       1a     1                 R_BSP_WarmStart
 2000d8a  2000d8a      306     2         ./src/ssi_ep.o:(.text.ssi_entry)
 2000d8a  2000d8a        0     1                 $t.0
 2000d8b  2000d8b      306     1                 ssi_entry
 2001090  2001090      104     8         ./src/ssi_ep.o:(.text.ssi_example_calculate_samples)
 2001090  2001090        0     1                 $t.1
 2001091  2001091      104     1                 ssi_example_calculate_samples
 2001188  2001188        0     1                 $d.2
 2001194  2001194       38     2         ./src/ssi_ep.o:(.text.i2s_callback)
 2001194  2001194        0     1                 $t.3
 2001195  2001195       38     1                 i2s_callback
 20011cc  20011cc       e6     2         ./src/ssi_ep.o:(.text.ssi_example_write)
 20011cc  20011cc        0     1                 $t.4
 20011cd  20011cd       e6     1                 ssi_example_write
 20012b2  20012b2        c     2         ./ra_gen/main.o:(.text.main)
 20012b2  20012b2        0     1                 $t.0
 20012b3  20012b3        c     1                 main
 20012be  20012be      244     2         ./ra/fsp/src/r_ssi/r_ssi.o:(.text.R_SSI_Open)
 20012be  20012be        0     1                 $t.0
 20012bf  20012bf      244     1                 R_SSI_Open
 2001502  2001502       e0     2         ./ra/fsp/src/r_ssi/r_ssi.o:(.text.R_SSI_WriteRead)
 2001502  2001502        0     1                 $t.5
 2001503  2001503       e0     1                 R_SSI_WriteRead
 20015e2  20015e2       d2     2         ./ra/fsp/src/r_ssi/r_ssi.o:(.text.R_SSI_Close)
 20015e2  20015e2        0     1                 $t.7
 20015e3  20015e3       d2     1                 R_SSI_Close
 20016b4  20016b4       fe     2         ./ra/fsp/src/r_ssi/r_ssi.o:(.text.ssi_txi_isr)
 20016b4  20016b4        0     1                 $t.11
 20016b5  20016b5       fe     1                 ssi_txi_isr
 20017b2  20017b2       70     2         ./ra/fsp/src/r_ssi/r_ssi.o:(.text.ssi_rxi_isr)
 20017b2  20017b2        0     1                 $t.12
 20017b3  20017b3       70     1                 ssi_rxi_isr
 2001822  2001822       92     2         ./ra/fsp/src/r_ssi/r_ssi.o:(.text.r_ssi_fifo_read)
 2001822  2001822        0     1                 $t.13
 2001823  2001823       92     1                 r_ssi_fifo_read
 20018b4  20018b4       d6     2         ./ra/fsp/src/r_ssi/r_ssi.o:(.text.ssi_int_isr)
 20018b4  20018b4        0     1                 $t.14
 20018b5  20018b5       d6     1                 ssi_int_isr
 200198a  200198a       18     2         ./ra/fsp/src/r_ioport/r_ioport.o:(.text.R_IOPORT_Open)
 200198a  200198a        0     1                 $t.0
 200198b  200198b       18     1                 R_IOPORT_Open
 20019a2  20019a2       34     2         ./ra/fsp/src/r_ioport/r_ioport.o:(.text.R_IOPORT_PinWrite)
 20019a2  20019a2        0     1                 $t.7
 20019a3  20019a3       34     1                 R_IOPORT_PinWrite
 20019d6  20019d6       ce     2         ./ra/fsp/src/r_ioport/r_ioport.o:(.text.r_ioport_pins_config)
 20019d6  20019d6        0     1                 $t.13
 20019d7  20019d7       ce     1                 r_ioport_pins_config
 2001aa4  2001aa4       de     2         ./ra/fsp/src/r_ioport/r_ioport.o:(.text.bsp_vbatt_init)
 2001aa4  2001aa4        0     1                 $t.14
 2001aa5  2001aa5       de     1                 bsp_vbatt_init
 2001b82  2001b82       94     2         ./ra/fsp/src/r_iic_master/r_iic_master.o:(.text.R_IIC_MASTER_Open)
 2001b82  2001b82        0     1                 $t.0
 2001b83  2001b83       94     1                 R_IIC_MASTER_Open
 2001c16  2001c16        c     2         ./ra/fsp/src/r_iic_master/r_iic_master.o:(.text.R_IIC_MASTER_Write)
 2001c16  2001c16        0     1                 $t.2
 2001c17  2001c17        c     1                 R_IIC_MASTER_Write
 2001c22  2001c22        c     2         ./ra/fsp/src/r_iic_master/r_iic_master.o:(.text.R_IIC_MASTER_CallbackSet)
 2001c22  2001c22        0     1                 $t.5
 2001c23  2001c23        c     1                 R_IIC_MASTER_CallbackSet
 2001c2e  2001c2e      1d6     2         ./ra/fsp/src/r_iic_master/r_iic_master.o:(.text.iic_master_open_hw_master)
 2001c2e  2001c2e        0     1                 $t.8
 2001c2f  2001c2f      1d6     1                 iic_master_open_hw_master
 2001e04  2001e04      156     2         ./ra/fsp/src/r_iic_master/r_iic_master.o:(.text.iic_master_read_write)
 2001e04  2001e04        0     1                 $t.9
 2001e05  2001e05      156     1                 iic_master_read_write
 2001f5a  2001f5a      1ea     2         ./ra/fsp/src/r_iic_master/r_iic_master.o:(.text.iic_master_rxi_isr)
 2001f5a  2001f5a        0     1                 $t.10
 2001f5b  2001f5b      1ea     1                 iic_master_rxi_isr
 2002144  2002144      14a     2         ./ra/fsp/src/r_iic_master/r_iic_master.o:(.text.iic_master_txi_isr)
 2002144  2002144        0     1                 $t.11
 2002145  2002145      14a     1                 iic_master_txi_isr
 200228e  200228e      10c     2         ./ra/fsp/src/r_iic_master/r_iic_master.o:(.text.iic_master_tei_isr)
 200228e  200228e        0     1                 $t.12
 200228f  200228f      10c     1                 iic_master_tei_isr
 200239a  200239a      1b6     2         ./ra/fsp/src/r_iic_master/r_iic_master.o:(.text.iic_master_eri_isr)
 200239a  200239a        0     1                 $t.13
 200239b  200239b      1b6     1                 iic_master_eri_isr
 2002550  2002550      2f0     2         ./ra/fsp/src/r_gpt/r_gpt.o:(.text.R_GPT_Open)
 2002550  2002550        0     1                 $t.0
 2002551  2002551      2f0     1                 R_GPT_Open
 2002840  2002840        a     2         ./ra/fsp/src/r_gpt/r_gpt.o:(.text.R_GPT_Start)
 2002840  2002840        0     1                 $t.1
 2002841  2002841        a     1                 R_GPT_Start
 200284a  200284a       a8     2         ./ra/fsp/src/r_gpt/r_gpt.o:(.text.R_GPT_Close)
 200284a  200284a        0     1                 $t.12
 200284b  200284b       a8     1                 R_GPT_Close
 20028f2  20028f2       64     2         ./ra/fsp/src/r_gpt/r_gpt.o:(.text.r_gpt_enable_irq)
 20028f2  20028f2        0     1                 $t.23
 20028f3  20028f3       64     1                 r_gpt_enable_irq
 2002956  2002956       e6     2         ./ra/fsp/src/r_dtc/r_dtc.o:(.text.R_DTC_Open)
 2002956  2002956        0     1                 $t.0
 2002957  2002957       e6     1                 R_DTC_Open
 2002a3c  2002a3c       8a     2         ./ra/fsp/src/r_dtc/r_dtc.o:(.text.R_DTC_Reconfigure)
 2002a3c  2002a3c        0     1                 $t.1
 2002a3d  2002a3d       8a     1                 R_DTC_Reconfigure
 2002ac6  2002ac6       9c     2         ./ra/fsp/src/r_dtc/r_dtc.o:(.text.R_DTC_Reset)
 2002ac6  2002ac6        0     1                 $t.2
 2002ac7  2002ac7       9c     1                 R_DTC_Reset
 2002b62  2002b62       1c     2         ./ra/fsp/src/r_dtc/r_dtc.o:(.text.R_DTC_Enable)
 2002b62  2002b62        0     1                 $t.3
 2002b63  2002b63       1c     1                 R_DTC_Enable
 2002b7e  2002b7e       1c     2         ./ra/fsp/src/r_dtc/r_dtc.o:(.text.R_DTC_Disable)
 2002b7e  2002b7e        0     1                 $t.4
 2002b7f  2002b7f       1c     1                 R_DTC_Disable
 2002b9a  2002b9a        4     2         ./ra/fsp/src/r_dtc/r_dtc.o:(.text.R_DTC_SoftwareStart)
 2002b9a  2002b9a        0     1                 $t.5
 2002b9b  2002b9b        4     1                 R_DTC_SoftwareStart
 2002b9e  2002b9e        4     2         ./ra/fsp/src/r_dtc/r_dtc.o:(.text.R_DTC_SoftwareStop)
 2002b9e  2002b9e        0     1                 $t.6
 2002b9f  2002b9f        4     1                 R_DTC_SoftwareStop
 2002ba2  2002ba2       52     2         ./ra/fsp/src/r_dtc/r_dtc.o:(.text.R_DTC_InfoGet)
 2002ba2  2002ba2        0     1                 $t.7
 2002ba3  2002ba3       52     1                 R_DTC_InfoGet
 2002bf4  2002bf4       2e     2         ./ra/fsp/src/r_dtc/r_dtc.o:(.text.R_DTC_Close)
 2002bf4  2002bf4        0     1                 $t.8
 2002bf5  2002bf5       2e     1                 R_DTC_Close
 2002c22  2002c22        4     2         ./ra/fsp/src/r_dtc/r_dtc.o:(.text.R_DTC_Reload)
 2002c22  2002c22        0     1                 $t.9
 2002c23  2002c23        4     1                 R_DTC_Reload
 2002c26  2002c26        4     2         ./ra/fsp/src/r_dtc/r_dtc.o:(.text.R_DTC_CallbackSet)
 2002c26  2002c26        0     1                 $t.10
 2002c27  2002c27        4     1                 R_DTC_CallbackSet
 2002c2c  2002c2c       aa     4         ./ra/fsp/src/bsp/mcu/all/bsp_clocks.o:(.text.SystemCoreClockUpdate)
 2002c2c  2002c2c        0     1                 $t.2
 2002c2d  2002c2d       aa     1                 SystemCoreClockUpdate
 2002c48  2002c48        0     1                 $d.3
 2002c4c  2002c4c        0     1                 $t.4
 2002ce0  2002ce0      610    16         ./ra/fsp/src/bsp/mcu/all/bsp_clocks.o:(.text.bsp_clock_init)
 2002ce0  2002ce0        0     1                 $t.15
 2002ce1  2002ce1      610     1                 bsp_clock_init
 2002d5c  2002d5c        0     1                 $d.16
 2002d60  2002d60        0     1                 $t.17
 2002edc  2002edc        0     1                 $d.18
 2002ee0  2002ee0        0     1                 $t.19
 2002f68  2002f68        0     1                 $d.20
 2002f6c  2002f6c        0     1                 $t.21
 20032d0  20032d0        0     1                 $d.22
 20032f0  20032f0        2     2         ./ra/fsp/src/bsp/mcu/all/bsp_clocks.o:(.text.R_BSP_SubClockStabilizeWaitAfterReset)
 20032f0  20032f0        0     1                 $t.25
 20032f1  20032f1        2     1                 R_BSP_SubClockStabilizeWaitAfterReset
 20032f2  20032f2       80     2         ./ra/fsp/src/bsp/mcu/all/bsp_clocks.o:(.text.R_BSP_Init_RTC)
 20032f2  20032f2        0     1                 $t.27
 20032f3  20032f3       80     1                 R_BSP_Init_RTC
 2003372  2003372        c     2         ./ra/fsp/src/bsp/mcu/all/bsp_common.o:(.text.R_FSP_VersionGet)
 2003372  2003372        0     1                 $t.1
 2003373  2003373        c     1                 R_FSP_VersionGet
 200337e  200337e       7c     2         ./ra/fsp/src/bsp/mcu/all/bsp_delay.o:(.text.R_BSP_SoftwareDelay)
 200337e  200337e        0     1                 $t.0
 200337f  200337f       7c     1                 R_BSP_SoftwareDelay
 2003400  2003400        8     8         ./ra/fsp/src/bsp/mcu/all/bsp_delay.o:(.text.bsp_prv_software_delay_loop)
 2003400  2003400        0     1                 sw_delay_loop
 2003400  2003400        0     1                 $t.1
 2003401  2003401        8     1                 bsp_prv_software_delay_loop
 2003408  2003408       56     2         ./ra/fsp/src/bsp/mcu/all/bsp_group_irq.o:(.text.NMI_Handler)
 2003408  2003408        0     1                 $t.1
 2003409  2003409       56     1                 NMI_Handler
 200345e  200345e       2a     2         ./ra/fsp/src/bsp/mcu/all/bsp_irq.o:(.text.bsp_irq_cfg)
 200345e  200345e        0     1                 $t.0
 200345f  200345f       2a     1                 bsp_irq_cfg
 2003488  2003488       54     2         ./ra/fsp/src/bsp/mcu/all/bsp_register_protection.o:(.text.R_BSP_RegisterProtectEnable)
 2003488  2003488        0     1                 $t.0
 2003489  2003489       54     1                 R_BSP_RegisterProtectEnable
 20034dc  20034dc       4e     2         ./ra/fsp/src/bsp/mcu/all/bsp_register_protection.o:(.text.R_BSP_RegisterProtectDisable)
 20034dc  20034dc        0     1                 $t.1
 20034dd  20034dd       4e     1                 R_BSP_RegisterProtectDisable
 200352a  200352a        e     2         ./ra/fsp/src/bsp/cmsis/Device/RENESAS/Source/startup.o:(.text.Reset_Handler)
 200352a  200352a        0     1                 $t.0
 200352b  200352b        e     1                 Reset_Handler
 2003538  2003538        4     2         ./ra/fsp/src/bsp/cmsis/Device/RENESAS/Source/startup.o:(.text.Default_Handler)
 2003538  2003538        0     1                 $t.1
 2003539  2003539        4     1                 Default_Handler
 2003539  2003539        4     1                 HardFault_Handler
 2003539  2003539        4     1                 MemManage_Handler
 2003539  2003539        4     1                 BusFault_Handler
 2003539  2003539        4     1                 UsageFault_Handler
 2003539  2003539        4     1                 SecureFault_Handler
 2003539  2003539        4     1                 SVC_Handler
 2003539  2003539        4     1                 DebugMon_Handler
 2003539  2003539        4     1                 PendSV_Handler
 2003539  2003539        4     1                 SysTick_Handler
 2003540  2003540      2c6     8         ./ra/fsp/src/bsp/cmsis/Device/RENESAS/Source/system.o:(.text.SystemInit)
 2003540  2003540        0     1                 $t.0
 2003541  2003541      2c6     1                 SystemInit
 2003620  2003620        0     1                 memset_64_loop_start_0
 2003628  2003628        0     1                 memset_64_loop_end_0
 2003630  2003630        0     1                 memset_64_loop_start_1
 2003638  2003638        0     1                 memset_64_loop_end_1
 2003806  2003806        2     2         ./ra/board/ra8p1_ek/board_init.o:(.text.bsp_init)
 2003806  2003806        0     1                 $t.0
 2003807  2003807        2     1                 bsp_init
 2003808  2003808       1e     2         /Applications/Renesas e2 studio with RA FSP v6.0.0/toolchains/LLVM-ET-Arm-18.1.3-Darwin-universal/bin/../lib/clang-runtimes/arm-none-eabi/armv8.1m.main_hard_fpdp_nomve_exn_rtti/lib/libc.a(libc_string_memcmp.c.o):(.text.memcmp)
 2003808  2003808        0     1                 $t.0
 2003809  2003809       1e     1                 memcmp
 2003828  2003828       2c     4         /Applications/Renesas e2 studio with RA FSP v6.0.0/toolchains/LLVM-ET-Arm-18.1.3-Darwin-universal/bin/../lib/clang-runtimes/arm-none-eabi/armv8.1m.main_hard_fpdp_nomve_exn_rtti/lib/libc.a(libc_picolib_inittls.c.o):(.text._init_tls)
 2003828  2003828        0     1                 $t.0
 2003829  2003829       2c     1                 _init_tls
 2003844  2003844        0     1                 $d.1
 2003854  2003854       14     4         /Applications/Renesas e2 studio with RA FSP v6.0.0/toolchains/LLVM-ET-Arm-18.1.3-Darwin-universal/bin/../lib/clang-runtimes/arm-none-eabi/armv8.1m.main_hard_fpdp_nomve_exn_rtti/lib/libc.a(libc_picolib_machine_arm_tls.c.o):(.text._set_tls)
 2003854  2003854        0     1                 $t.0
 2003855  2003855       14     1                 _set_tls
 2003860  2003860        0     1                 $d.1
 2003868  2003868       68     4         /Applications/Renesas e2 studio with RA FSP v6.0.0/toolchains/LLVM-ET-Arm-18.1.3-Darwin-universal/bin/../lib/clang-runtimes/arm-none-eabi/armv8.1m.main_hard_fpdp_nomve_exn_rtti/lib/libc.a(libm_math_sf_sin.c.o):(.text.sinf)
 2003868  2003868        0     1                 $t.0
 2003869  2003869       68     1                 sinf
 2003869  2003869       68     1                 _sinf
 20038c8  20038c8        0     1                 $d.1
 20038d0  20038d0       88     4         /Applications/Renesas e2 studio with RA FSP v6.0.0/toolchains/LLVM-ET-Arm-18.1.3-Darwin-universal/bin/../lib/clang-runtimes/arm-none-eabi/armv8.1m.main_hard_fpdp_nomve_exn_rtti/lib/libc.a(libm_math_kf_sin.c.o):(.text.__kernel_sinf)
 20038d0  20038d0        0     1                 $t.0
 20038d1  20038d1       88     1                 __kernel_sinf
 200393c  200393c        0     1                 $d.1
 2003958  2003958      24c     4         /Applications/Renesas e2 studio with RA FSP v6.0.0/toolchains/LLVM-ET-Arm-18.1.3-Darwin-universal/bin/../lib/clang-runtimes/arm-none-eabi/armv8.1m.main_hard_fpdp_nomve_exn_rtti/lib/libc.a(libm_math_sf_rem_pio2.c.o):(.text.__rem_pio2f)
 2003958  2003958        0     1                 $t.0
 2003959  2003959      24c     1                 __rem_pio2f
 2003b58  2003b58        0     1                 $d.1
 2003ba4  2003ba4        e     2         /Applications/Renesas e2 studio with RA FSP v6.0.0/toolchains/LLVM-ET-Arm-18.1.3-Darwin-universal/bin/../lib/clang-runtimes/arm-none-eabi/armv8.1m.main_hard_fpdp_nomve_exn_rtti/lib/libc.a(libm_math_sf_rem_pio2.c.o):(.text.OUTLINED_FUNCTION_0)
 2003ba4  2003ba4        0     1                 $t.2
 2003ba5  2003ba5        e     1                 OUTLINED_FUNCTION_0
 2003bb4  2003bb4      4d8     4         /Applications/Renesas e2 studio with RA FSP v6.0.0/toolchains/LLVM-ET-Arm-18.1.3-Darwin-universal/bin/../lib/clang-runtimes/arm-none-eabi/armv8.1m.main_hard_fpdp_nomve_exn_rtti/lib/libc.a(libm_math_kf_rem_pio2.c.o):(.text.__kernel_rem_pio2f)
 2003bb4  2003bb4        0     1                 $t.0
 2003bb5  2003bb5      4d8     1                 __kernel_rem_pio2f
 2003f64  2003f64        0     1                 $d.1
 2003f70  2003f70        0     1                 $t.2
 200407c  200407c        0     1                 $d.3
 200408c  200408c       22     2         /Applications/Renesas e2 studio with RA FSP v6.0.0/toolchains/LLVM-ET-Arm-18.1.3-Darwin-universal/bin/../lib/clang-runtimes/arm-none-eabi/armv8.1m.main_hard_fpdp_nomve_exn_rtti/lib/libc.a(libm_math_kf_rem_pio2.c.o):(.text.OUTLINED_FUNCTION_0)
 200408c  200408c        0     1                 $t.4
 200408d  200408d       22     1                 OUTLINED_FUNCTION_0
 20040ae  20040ae        e     2         /Applications/Renesas e2 studio with RA FSP v6.0.0/toolchains/LLVM-ET-Arm-18.1.3-Darwin-universal/bin/../lib/clang-runtimes/arm-none-eabi/armv8.1m.main_hard_fpdp_nomve_exn_rtti/lib/libc.a(libm_math_kf_rem_pio2.c.o):(.text.OUTLINED_FUNCTION_1)
 20040ae  20040ae        0     1                 $t.5
 20040af  20040af        e     1                 OUTLINED_FUNCTION_1
 20040bc  20040bc       c0     4         /Applications/Renesas e2 studio with RA FSP v6.0.0/toolchains/LLVM-ET-Arm-18.1.3-Darwin-universal/bin/../lib/clang-runtimes/arm-none-eabi/armv8.1m.main_hard_fpdp_nomve_exn_rtti/lib/libc.a(libm_math_kf_cos.c.o):(.text.__kernel_cosf)
 20040bc  20040bc        0     1                 $t.0
 20040bd  20040bd       c0     1                 __kernel_cosf
 200415c  200415c        0     1                 $d.1
 200417c  200417c       20     4         /Applications/Renesas e2 studio with RA FSP v6.0.0/toolchains/LLVM-ET-Arm-18.1.3-Darwin-universal/bin/../lib/clang-runtimes/arm-none-eabi/armv8.1m.main_hard_fpdp_nomve_exn_rtti/lib/libc.a(libm_common_math_inexactf.c.o):(.text.__math_inexactf)
 200417c  200417c        0     1                 $t.2
 200417d  200417d       20     1                 __math_inexactf
 2004198  2004198        0     1                 $d.3
 200419c  200419c       88     4         /Applications/Renesas e2 studio with RA FSP v6.0.0/toolchains/LLVM-ET-Arm-18.1.3-Darwin-universal/bin/../lib/clang-runtimes/arm-none-eabi/armv8.1m.main_hard_fpdp_nomve_exn_rtti/lib/libc.a(libm_common_sf_scalbn.c.o):(.text.scalbnf)
 200419c  200419c        0     1                 $t.0
 200419d  200419d       88     1                 scalbnf
 200419d  200419d       88     1                 ldexpf
 2004218  2004218        0     1                 $d.1
 2004224  2004224       20     4         /Applications/Renesas e2 studio with RA FSP v6.0.0/toolchains/LLVM-ET-Arm-18.1.3-Darwin-universal/bin/../lib/clang-runtimes/arm-none-eabi/armv8.1m.main_hard_fpdp_nomve_exn_rtti/lib/libc.a(libm_common_math_errf_uflowf.c.o):(.text.__math_uflowf)
 2004224  2004224        0     1                 $t.0
 2004225  2004225       20     1                 __math_uflowf
 2004240  2004240        0     1                 $d.1
 2004244  2004244       20     4         /Applications/Renesas e2 studio with RA FSP v6.0.0/toolchains/LLVM-ET-Arm-18.1.3-Darwin-universal/bin/../lib/clang-runtimes/arm-none-eabi/armv8.1m.main_hard_fpdp_nomve_exn_rtti/lib/libc.a(libm_common_math_errf_oflowf.c.o):(.text.__math_oflowf)
 2004244  2004244        0     1                 $t.0
 2004245  2004245       20     1                 __math_oflowf
 2004260  2004260        0     1                 $d.1
 2004264  2004264       30     4         /Applications/Renesas e2 studio with RA FSP v6.0.0/toolchains/LLVM-ET-Arm-18.1.3-Darwin-universal/bin/../lib/clang-runtimes/arm-none-eabi/armv8.1m.main_hard_fpdp_nomve_exn_rtti/lib/libc.a(libm_common_math_errf_invalidf.c.o):(.text.__math_invalidf)
 2004264  2004264        0     1                 $t.0
 2004265  2004265       30     1                 __math_invalidf
 2004290  2004290        0     1                 $d.1
 2004294  2004294       50     4         /Applications/Renesas e2 studio with RA FSP v6.0.0/toolchains/LLVM-ET-Arm-18.1.3-Darwin-universal/bin/../lib/clang-runtimes/arm-none-eabi/armv8.1m.main_hard_fpdp_nomve_exn_rtti/lib/libc.a(libm_common_sf_fpclassify.c.o):(.text.__fpclassifyf)
 2004294  2004294        0     1                 $t.0
 2004295  2004295       50     1                 __fpclassifyf
 20042e0  20042e0        0     1                 $d.1
 20042e4  20042e4        8     2         /Applications/Renesas e2 studio with RA FSP v6.0.0/toolchains/LLVM-ET-Arm-18.1.3-Darwin-universal/bin/../lib/clang-runtimes/arm-none-eabi/armv8.1m.main_hard_fpdp_nomve_exn_rtti/lib/libc.a(bzero.c.o):(.text.bzero)
 20042e4  20042e4        0     1                 $t.0
 20042e5  20042e5        8     1                 bzero
 20042e5  20042e5        8     1                 __aeabi_memclr4
 20042e5  20042e5        8     1                 __aeabi_memclr8
 20042e5  20042e5        8     1                 __aeabi_memclr
 20042ec  20042ec       14     2         /Applications/Renesas e2 studio with RA FSP v6.0.0/toolchains/LLVM-ET-Arm-18.1.3-Darwin-universal/bin/../lib/clang-runtimes/arm-none-eabi/armv8.1m.main_hard_fpdp_nomve_exn_rtti/lib/libc.a(memcpy.c.o):(.text.memcpy)
 20042ec  20042ec        0     1                 $t.0
 20042ed  20042ed       14     1                 memcpy
 20042ed  20042ed       14     1                 __aeabi_memcpy4
 20042ed  20042ed       14     1                 __aeabi_memcpy8
 20042ed  20042ed       14     1                 __aeabi_memcpy
 2004300  2004300        e     2         /Applications/Renesas e2 studio with RA FSP v6.0.0/toolchains/LLVM-ET-Arm-18.1.3-Darwin-universal/bin/../lib/clang-runtimes/arm-none-eabi/armv8.1m.main_hard_fpdp_nomve_exn_rtti/lib/libc.a(memset.c.o):(.text.memset)
 2004300  2004300        0     1                 $t.0
 2004301  2004301        e     1                 memset
 200430e  200430e       11     1         ./src/SEGGER_RTT/SEGGER_RTT.o:(.rodata._DoInit._aInitStr)
 200430e  200430e       11     1                 _DoInit._aInitStr
 200431f  200431f      942     1         <internal>:(.rodata.str1.1)
 2004c61  2004c61       10     1         <internal>:(.rodata.cst16)
 2004c72  2004c72       10     2         <internal>:(.rodata.cst8)
 2004c82  2004c82        4     1         <internal>:(.rodata.cst4)
 2004c86  2004c86        8     1         ./ra_gen/hal_data.o:(.rodata.g_i2c_master0_extend)
 2004c86  2004c86        8     1                 g_i2c_master0_extend
 2004c90  2004c90       28     4         ./ra_gen/hal_data.o:(.rodata.g_i2c_master0_cfg)
 2004c90  2004c90       28     1                 g_i2c_master0_cfg
 2004cb8  2004cb8       3c     4         ./ra_gen/hal_data.o:(.rodata.g_timer_extend)
 2004cb8  2004cb8       3c     1                 g_timer_extend
 2004cf4  2004cf4       20     4         ./ra_gen/hal_data.o:(.rodata.g_timer_cfg)
 2004cf4  2004cf4       20     1                 g_timer_cfg
 2004d14  2004d14        1     1         ./ra_gen/hal_data.o:(.rodata.g_transfer1_cfg_extend)
 2004d14  2004d14        1     1                 g_transfer1_cfg_extend
 2004d18  2004d18        8     4         ./ra_gen/hal_data.o:(.rodata.g_transfer1_cfg)
 2004d18  2004d18        8     1                 g_transfer1_cfg
 2004d20  2004d20        c     4         ./ra_gen/hal_data.o:(.rodata.g_transfer1)
 2004d20  2004d20        c     1                 g_transfer1
 2004d2c  2004d2c        1     1         ./ra_gen/hal_data.o:(.rodata.g_transfer0_cfg_extend)
 2004d2c  2004d2c        1     1                 g_transfer0_cfg_extend
 2004d30  2004d30        8     4         ./ra_gen/hal_data.o:(.rodata.g_transfer0_cfg)
 2004d30  2004d30        8     1                 g_transfer0_cfg
 2004d38  2004d38        c     4         ./ra_gen/hal_data.o:(.rodata.g_transfer0)
 2004d38  2004d38        c     1                 g_transfer0
 2004d44  2004d44        2     1         ./ra_gen/hal_data.o:(.rodata.g_i2s_cfg_extend)
 2004d44  2004d44        2     1                 g_i2s_cfg_extend
 2004d48  2004d48       24     4         ./ra_gen/hal_data.o:(.rodata.g_i2s_cfg)
 2004d48  2004d48       24     1                 g_i2s_cfg
 2004d6c  2004d6c      330     4         ./ra_gen/pin_data.o:(.rodata.g_bsp_pin_cfg_data)
 2004d6c  2004d6c      330     1                 g_bsp_pin_cfg_data
 200509c  200509c        c     4         ./ra_gen/pin_data.o:(.rodata.g_bsp_pin_cfg)
 200509c  200509c        c     1                 g_bsp_pin_cfg
 20050a8  20050a8        e     2         ./ra_gen/vector_data.o:(.rodata.g_interrupt_event_link_select)
 20050a8  20050a8        e     1                 g_interrupt_event_link_select
 20050b6  20050b6        6     2         ./ra/fsp/src/r_ioport/r_ioport.o:(.rodata.g_vbatt_pins_input)
 20050b6  20050b6        6     1                 g_vbatt_pins_input
 20050bc  20050bc       2c     4         ./ra/fsp/src/r_dtc/r_dtc.o:(.rodata.g_transfer_on_dtc)
 20050bc  20050bc       2c     1                 g_transfer_on_dtc
 20050e8  20050e8       20     4         ./ra/fsp/src/bsp/mcu/ra8p1/bsp_linker.o:(.rodata.nocache_list)
 20050e8  20050e8       20     1                 nocache_list
 2005108  2005108       18     4         ./ra/fsp/src/bsp/mcu/ra8p1/bsp_linker.o:(.rodata.g_init_info)
 2005108  2005108       18     1                 g_init_info
 2005120  2005120       84     4         ./ra/fsp/src/bsp/mcu/ra8p1/bsp_linker.o:(.rodata.zero_list)
 2005120  2005120       84     1                 zero_list
 20051a4  20051a4      190     4         ./ra/fsp/src/bsp/mcu/ra8p1/bsp_linker.o:(.rodata.copy_list)
 20051a4  20051a4      190     1                 copy_list
 2005334  2005334      398     4         /Applications/Renesas e2 studio with RA FSP v6.0.0/toolchains/LLVM-ET-Arm-18.1.3-Darwin-universal/bin/../lib/clang-runtimes/arm-none-eabi/armv8.1m.main_hard_fpdp_nomve_exn_rtti/lib/libc.a(libm_math_sf_rem_pio2.c.o):(.rodata)
 2005334  2005334       80     1                 npio2_hw
 20053b4  20053b4      318     1                 two_over_pi
 20056cc  20056cc       38     4         /Applications/Renesas e2 studio with RA FSP v6.0.0/toolchains/LLVM-ET-Arm-18.1.3-Darwin-universal/bin/../lib/clang-runtimes/arm-none-eabi/armv8.1m.main_hard_fpdp_nomve_exn_rtti/lib/libc.a(libm_math_kf_rem_pio2.c.o):(.rodata)
 20056cc  20056cc        c     1                 init_jk
 20056d8  20056d8       2c     1                 PIo2
 2005704  2005704        4     4         /Applications/Renesas e2 studio with RA FSP v6.0.0/toolchains/LLVM-ET-Arm-18.1.3-Darwin-universal/bin/../lib/clang-runtimes/arm-none-eabi/armv8.1m.main_hard_fpdp_nomve_exn_rtti/lib/libc.a(libm_common_math_inexactf.c.o):(.rodata)
 2005704  2005704        4     1                 VAL
 2005708  2005708        4     4         /Applications/Renesas e2 studio with RA FSP v6.0.0/toolchains/LLVM-ET-Arm-18.1.3-Darwin-universal/bin/../lib/clang-runtimes/arm-none-eabi/armv8.1m.main_hard_fpdp_nomve_exn_rtti/lib/libc.a(libm_common_math_errf_uflowf.c.o):(.rodata)
 2005708  2005708        4     1                 VAL
 200570c  200570c        4     4         /Applications/Renesas e2 studio with RA FSP v6.0.0/toolchains/LLVM-ET-Arm-18.1.3-Darwin-universal/bin/../lib/clang-runtimes/arm-none-eabi/armv8.1m.main_hard_fpdp_nomve_exn_rtti/lib/libc.a(libm_common_math_errf_oflowf.c.o):(.rodata)
 200570c  200570c        4     1                 VAL
 2005710  2005710        4     4         /Applications/Renesas e2 studio with RA FSP v6.0.0/toolchains/LLVM-ET-Arm-18.1.3-Darwin-universal/bin/../lib/clang-runtimes/arm-none-eabi/armv8.1m.main_hard_fpdp_nomve_exn_rtti/lib/libc.a(libm_common_math_errf_invalidf.c.o):(.rodata)
 2005710  2005710        4     1                 VAL
 2005714  2005714       4e     4         ./ra/fsp/src/bsp/mcu/all/bsp_common.o:(.version)
 2005714  2005714        4     1                 g_fsp_version
 2005718  2005718        6     1                 g_fsp_version_string
 200571e  200571e       44     1                 g_fsp_version_build_string
 2005762  2005762        0     1         __flash_readonly$$Limit = .
 2005762  2005762        0     1 __flash_preinit_array$$
 2005762  2005762        0     1         __preinit_array_start = .
 2005762  2005762        0     1         __preinit_array_end = .
 2005762  2005762        0     1 __flash_init_array$$
 2005762  2005762        0     1         __init_array_start = .
 2005762  2005762        0     1         __init_array_end = .
 2005762  2005762        0     1 __flash_fini_array$$
 2005762  2005762        0     1         __fini_array_start = .
 2005762  2005762        0     1         __fini_array_end = .
 2005762  2005762        0     1 __flash_arm.exidx$$
 2005762  2005762        0     1         __exidx_start = .
 2005762  2005762        0     1         __exidx_end = .
 2008000  2008000        0     1 .flash.endof
 2008000  2008000        0     1         __ddsc_FLASH_END = .
 2008000  2008000        0     1 .flash.flat_nsc
 2008000  2008000        0     1         __sau_ddsc_FLASH_NSC = .
 2c9f040  2c9f040        0     1 .option_setting_ofs0.startof
 2c9f040  2c9f040        0     1         __ddsc_OPTION_SETTING_OFS0_START = .
 2c9f040  2c9f040        0     1 __option_setting_ofs0_reg$$
 2c9f040  2c9f040        0     1         __option_setting_ofs0_reg$$Base = .
 2c9f040  2c9f040        0     1         __option_setting_ofs0_reg$$Limit = .
 2c9f040  2c9f040        0     1 .option_setting_ofs0.endof
 2c9f040  2c9f040        0     1         __ddsc_OPTION_SETTING_OFS0_END = .
 2c9f044  2c9f044        0     1 .option_setting_ofs2.startof
 2c9f044  2c9f044        0     1         __ddsc_OPTION_SETTING_OFS2_START = .
 2c9f044  2c9f044        0     1 __option_setting_ofs2_reg$$
 2c9f044  2c9f044        0     1         __option_setting_ofs2_reg$$Base = .
 2c9f044  2c9f044        0     1         __option_setting_ofs2_reg$$Limit = .
 2c9f044  2c9f044        0     1 .option_setting_ofs2.endof
 2c9f044  2c9f044        0     1         __ddsc_OPTION_SETTING_OFS2_END = .
 2c9f074  2c9f074        0     1 .option_setting_sas.startof
 2c9f074  2c9f074        0     1         __ddsc_OPTION_SETTING_SAS_START = .
 2c9f074  2c9f074        0     1 __option_setting_sas_reg$$
 2c9f074  2c9f074        0     1         __option_setting_sas_reg$$Base = .
 2c9f074  2c9f074        0     1         __option_setting_sas_reg$$Limit = .
 2c9f074  2c9f074        0     1 .option_setting_sas.endof
 2c9f074  2c9f074        0     1         __ddsc_OPTION_SETTING_SAS_END = .
12c9f4c0 12c9f4c0        0     1 .option_setting_ofs1.startof
12c9f4c0 12c9f4c0        0     1         __ddsc_OPTION_SETTING_OFS1_START = .
12c9f4c0 12c9f4c0        0     1 __option_setting_ofs1_reg$$
12c9f4c0 12c9f4c0        0     1         __option_setting_ofs1_reg$$Base = .
12c9f4c0 12c9f4c0        0     1         __option_setting_ofs1_reg$$Limit = .
12c9f4c0 12c9f4c0        0     1 .option_setting_ofs1.endof
12c9f4c0 12c9f4c0        0     1         __ddsc_OPTION_SETTING_OFS1_END = .
 2c9f0c0  2c9f0c0        0     1 .option_setting_ofs1_sec.startof
 2c9f0c0  2c9f0c0        0     1         __ddsc_OPTION_SETTING_OFS1_SEC_START = .
 2c9f0c0  2c9f0c0        0     1 __option_setting_ofs1_sec_reg$$
 2c9f0c0  2c9f0c0        0     1         __option_setting_ofs1_sec_reg$$Base = .
 2c9f0c0  2c9f0c0        0     1         __option_setting_ofs1_sec_reg$$Limit = .
 2c9f0c0  2c9f0c0        0     1 .option_setting_ofs1_sec.endof
 2c9f0c0  2c9f0c0        0     1         __ddsc_OPTION_SETTING_OFS1_SEC_END = .
 2c9f120  2c9f120        0     1 .option_setting_ofs1_sel.startof
 2c9f120  2c9f120        0     1         __ddsc_OPTION_SETTING_OFS1_SEL_START = .
 2c9f120  2c9f120        0     1 __option_setting_ofs1_sel_reg$$
 2c9f120  2c9f120        0     1         __option_setting_ofs1_sel_reg$$Base = .
 2c9f120  2c9f120        0     1         __option_setting_ofs1_sel_reg$$Limit = .
 2c9f120  2c9f120        0     1 .option_setting_ofs1_sel.endof
 2c9f120  2c9f120        0     1         __ddsc_OPTION_SETTING_OFS1_SEL_END = .
12c9f4c4 12c9f4c4        0     1 .option_setting_ofs3.startof
12c9f4c4 12c9f4c4        0     1         __ddsc_OPTION_SETTING_OFS3_START = .
12c9f4c4 12c9f4c4        0     1 __option_setting_ofs3_reg$$
12c9f4c4 12c9f4c4        0     1         __option_setting_ofs3_reg$$Base = .
12c9f4c4 12c9f4c4        0     1         __option_setting_ofs3_reg$$Limit = .
12c9f4c4 12c9f4c4        0     1 .option_setting_ofs3.endof
12c9f4c4 12c9f4c4        0     1         __ddsc_OPTION_SETTING_OFS3_END = .
 2c9f0c4  2c9f0c4        0     1 .option_setting_ofs3_sec.startof
 2c9f0c4  2c9f0c4        0     1         __ddsc_OPTION_SETTING_OFS3_SEC_START = .
 2c9f0c4  2c9f0c4        0     1 __option_setting_ofs3_sec_reg$$
 2c9f0c4  2c9f0c4        0     1         __option_setting_ofs3_sec_reg$$Base = .
 2c9f0c4  2c9f0c4        0     1         __option_setting_ofs3_sec_reg$$Limit = .
 2c9f0c4  2c9f0c4        0     1 .option_setting_ofs3_sec.endof
 2c9f0c4  2c9f0c4        0     1         __ddsc_OPTION_SETTING_OFS3_SEC_END = .
 2c9f124  2c9f124        0     1 .option_setting_ofs3_sel.startof
 2c9f124  2c9f124        0     1         __ddsc_OPTION_SETTING_OFS3_SEL_START = .
 2c9f124  2c9f124        0     1 __option_setting_ofs3_sel_reg$$
 2c9f124  2c9f124        0     1         __option_setting_ofs3_sel_reg$$Base = .
 2c9f124  2c9f124        0     1         __option_setting_ofs3_sel_reg$$Limit = .
 2c9f124  2c9f124        0     1 .option_setting_ofs3_sel.endof
 2c9f124  2c9f124        0     1         __ddsc_OPTION_SETTING_OFS3_SEL_END = .
12c9f600 12c9f600        0     1 .option_setting_bps.startof
12c9f600 12c9f600        0     1         __ddsc_OPTION_SETTING_BPS_START = .
12c9f600 12c9f600        0     1 __option_setting_bps_reg$$
12c9f600 12c9f600        0     1         __option_setting_bps_reg$$Base = .
12c9f600 12c9f600        0     1         __option_setting_bps_reg$$Limit = .
12c9f600 12c9f600        0     1 .option_setting_bps.endof
12c9f600 12c9f600        0     1         __ddsc_OPTION_SETTING_BPS_END = .
 2c9f200  2c9f200        0     1 .option_setting_bps_sec.startof
 2c9f200  2c9f200        0     1         __ddsc_OPTION_SETTING_BPS_SEC_START = .
 2c9f200  2c9f200        0     1 __option_setting_bps_sec_reg$$
 2c9f200  2c9f200        0     1         __option_setting_bps_sec_reg$$Base = .
 2c9f200  2c9f200        0     1         __option_setting_bps_sec_reg$$Limit = .
 2c9f200  2c9f200        0     1 .option_setting_bps_sec.endof
 2c9f200  2c9f200        0     1         __ddsc_OPTION_SETTING_BPS_SEC_END = .
 2e07700  2e07700        0     1 .option_setting_otp_pbps_sec.startof
 2e07700  2e07700        0     1         __ddsc_OPTION_SETTING_OTP_PBPS_SEC_START = .
 2e07700  2e07700        0     1 __option_setting_otp_pbps_sec_reg$$
 2e07700  2e07700        0     1         __option_setting_otp_pbps_sec_reg$$Base = .
 2e07700  2e07700        0     1         __option_setting_otp_pbps_sec_reg$$Limit = .
 2e07700  2e07700        0     1 .option_setting_otp_pbps_sec.endof
 2e07700  2e07700        0     1         __ddsc_OPTION_SETTING_OTP_PBPS_SEC_END = .
12e07780 12e07780        0     1 .option_setting_otp_pbps.startof
12e07780 12e07780        0     1         __ddsc_OPTION_SETTING_OTP_PBPS_START = .
12e07780 12e07780        0     1 __option_setting_otp_pbps_reg$$
12e07780 12e07780        0     1         __option_setting_otp_pbps_reg$$Base = .
12e07780 12e07780        0     1         __option_setting_otp_pbps_reg$$Limit = .
12e07780 12e07780        0     1 .option_setting_otp_pbps.endof
12e07780 12e07780        0     1         __ddsc_OPTION_SETTING_OTP_PBPS_END = .
12e07780 12e07780        0     1 PROVIDE ( __tls_base = ADDR ( __ram_tdata$$ ) )
12e07780 12e07780        0     1 PROVIDE ( __tdata_source = LOADADDR ( __ram_tdata$$ ) )
12e07780 12e07780        0     1 PROVIDE ( __tdata_size = SIZEOF ( __ram_tdata$$ ) )
12e07780 12e07780        0     1 PROVIDE ( __tbss_offset = ADDR ( __ram_tbss$$ ) - ADDR ( __ram_tdata$$ ) )
12e07780 12e07780        0     1 PROVIDE ( __tbss_size = SIZEOF ( __ram_tbss$$ ) )
12e07780 12e07780        0     1 PROVIDE ( __arm32_tls_tcb_offset = 8 )
       0        0     97c3     1 .debug_loc
       0        0     2cd5     1         ./src/SEGGER_RTT/SEGGER_RTT.o:(.debug_loc)
    2cd5     2cd5      cbc     1         ./src/SEGGER_RTT/SEGGER_RTT_printf.o:(.debug_loc)
    3991     3991      238     1         ./src/da7212_speaker_init.o:(.debug_loc)
    3bc9     3bc9       44     1         ./src/hal_entry.o:(.debug_loc)
    3c0d     3c0d      3b7     1         ./src/ssi_ep.o:(.debug_loc)
    3fc4     3fc4     1852     1         ./ra/fsp/src/r_ssi/r_ssi.o:(.debug_loc)
    5816     5816      8ff     1         ./ra/fsp/src/r_ioport/r_ioport.o:(.debug_loc)
    6115     6115      f26     1         ./ra/fsp/src/r_iic_master/r_iic_master.o:(.debug_loc)
    703b     703b     15df     1         ./ra/fsp/src/r_gpt/r_gpt.o:(.debug_loc)
    861a     861a      4b7     1         ./ra/fsp/src/r_dtc/r_dtc.o:(.debug_loc)
    8ad1     8ad1      771     1         ./ra/fsp/src/bsp/mcu/all/bsp_clocks.o:(.debug_loc)
    9242     9242       26     1         ./ra/fsp/src/bsp/mcu/all/bsp_common.o:(.debug_loc)
    9268     9268      1cb     1         ./ra/fsp/src/bsp/mcu/all/bsp_delay.o:(.debug_loc)
    9433     9433       5c     1         ./ra/fsp/src/bsp/mcu/all/bsp_group_irq.o:(.debug_loc)
    948f     948f       a4     1         ./ra/fsp/src/bsp/mcu/all/bsp_ipc.o:(.debug_loc)
    9533     9533       9d     1         ./ra/fsp/src/bsp/mcu/all/bsp_register_protection.o:(.debug_loc)
    95d0     95d0       52     1         ./ra/fsp/src/bsp/mcu/all/bsp_sbrk.o:(.debug_loc)
    9622     9622       30     1         ./ra/fsp/src/bsp/mcu/all/bsp_sdram.o:(.debug_loc)
    9652     9652      171     1         ./ra/fsp/src/bsp/cmsis/Device/RENESAS/Source/system.o:(.debug_loc)
       0        0     3d85     1 .debug_abbrev
       0        0      20b     1         ./src/SEGGER_RTT/SEGGER_RTT.o:(.debug_abbrev)
     20b      20b      1dd     1         ./src/SEGGER_RTT/SEGGER_RTT_printf.o:(.debug_abbrev)
     3e8      3e8      149     1         ./src/da7212_speaker_init.o:(.debug_abbrev)
     531      531      13a     1         ./src/hal_entry.o:(.debug_abbrev)
     66b      66b      2b0     1         ./src/ssi_ep.o:(.debug_abbrev)
     91b      91b       c9     1         ./ra_gen/common_data.o:(.debug_abbrev)
     9e4      9e4      1d2     1         ./ra_gen/hal_data.o:(.debug_abbrev)
     bb6      bb6       39     1         ./ra_gen/main.o:(.debug_abbrev)
     bef      bef       a8     1         ./ra_gen/pin_data.o:(.debug_abbrev)
     c97      c97       8e     1         ./ra_gen/vector_data.o:(.debug_abbrev)
     d25      d25      3b6     1         ./ra/fsp/src/r_ssi/r_ssi.o:(.debug_abbrev)
    10db     10db      2d8     1         ./ra/fsp/src/r_ioport/r_ioport.o:(.debug_abbrev)
    13b3     13b3      3e5     1         ./ra/fsp/src/r_iic_master/r_iic_master.o:(.debug_abbrev)
    1798     1798      3a0     1         ./ra/fsp/src/r_gpt/r_gpt.o:(.debug_abbrev)
    1b38     1b38      35c     1         ./ra/fsp/src/r_dtc/r_dtc.o:(.debug_abbrev)
    1e94     1e94       9e     1         ./ra/fsp/src/bsp/mcu/ra8p1/bsp_linker.o:(.debug_abbrev)
    1f32     1f32      2ce     1         ./ra/fsp/src/bsp/mcu/all/bsp_clocks.o:(.debug_abbrev)
    2200     2200      12f     1         ./ra/fsp/src/bsp/mcu/all/bsp_common.o:(.debug_abbrev)
    232f     232f       a7     1         ./ra/fsp/src/bsp/mcu/all/bsp_delay.o:(.debug_abbrev)
    23d6     23d6      1d0     1         ./ra/fsp/src/bsp/mcu/all/bsp_group_irq.o:(.debug_abbrev)
    25a6     25a6       40     1         ./ra/fsp/src/bsp/mcu/all/bsp_io.o:(.debug_abbrev)
    25e6     25e6      19e     1         ./ra/fsp/src/bsp/mcu/all/bsp_ipc.o:(.debug_abbrev)
    2784     2784      152     1         ./ra/fsp/src/bsp/mcu/all/bsp_irq.o:(.debug_abbrev)
    28d6     28d6      1df     1         ./ra/fsp/src/bsp/mcu/all/bsp_register_protection.o:(.debug_abbrev)
    2ab5     2ab5       7f     1         ./ra/fsp/src/bsp/mcu/all/bsp_sbrk.o:(.debug_abbrev)
    2b34     2b34      176     1         ./ra/fsp/src/bsp/mcu/all/bsp_sdram.o:(.debug_abbrev)
    2caa     2caa       a2     1         ./ra/fsp/src/bsp/cmsis/Device/RENESAS/Source/startup.o:(.debug_abbrev)
    2d4c     2d4c      25e     1         ./ra/fsp/src/bsp/cmsis/Device/RENESAS/Source/system.o:(.debug_abbrev)
    2faa     2faa       40     1         ./ra/board/ra8p1_ek/board_init.o:(.debug_abbrev)
    2fea     2fea       8d     1         ./ra/board/ra8p1_ek/board_leds.o:(.debug_abbrev)
    3077     3077       2e     1         /Applications/Renesas e2 studio with RA FSP v6.0.0/toolchains/LLVM-ET-Arm-18.1.3-Darwin-universal/bin/../lib/clang-runtimes/arm-none-eabi/armv8.1m.main_hard_fpdp_nomve_exn_rtti/lib/libc.a(libc_errno_errno.c.o):(.debug_abbrev)
    30a5     30a5       94     1         /Applications/Renesas e2 studio with RA FSP v6.0.0/toolchains/LLVM-ET-Arm-18.1.3-Darwin-universal/bin/../lib/clang-runtimes/arm-none-eabi/armv8.1m.main_hard_fpdp_nomve_exn_rtti/lib/libc.a(libc_string_memcmp.c.o):(.debug_abbrev)
    3139     3139       74     1         /Applications/Renesas e2 studio with RA FSP v6.0.0/toolchains/LLVM-ET-Arm-18.1.3-Darwin-universal/bin/../lib/clang-runtimes/arm-none-eabi/armv8.1m.main_hard_fpdp_nomve_exn_rtti/lib/libc.a(libc_picolib_inittls.c.o):(.debug_abbrev)
    31ad     31ad       62     1         /Applications/Renesas e2 studio with RA FSP v6.0.0/toolchains/LLVM-ET-Arm-18.1.3-Darwin-universal/bin/../lib/clang-runtimes/arm-none-eabi/armv8.1m.main_hard_fpdp_nomve_exn_rtti/lib/libc.a(libc_picolib_machine_arm_tls.c.o):(.debug_abbrev)
    320f     320f       21     1         /Applications/Renesas e2 studio with RA FSP v6.0.0/toolchains/LLVM-ET-Arm-18.1.3-Darwin-universal/bin/../lib/clang-runtimes/arm-none-eabi/armv8.1m.main_hard_fpdp_nomve_exn_rtti/lib/libc.a(libc_picolib_machine_arm_read_tp.S.o):(.debug_abbrev)
    3230     3230       dd     1         /Applications/Renesas e2 studio with RA FSP v6.0.0/toolchains/LLVM-ET-Arm-18.1.3-Darwin-universal/bin/../lib/clang-runtimes/arm-none-eabi/armv8.1m.main_hard_fpdp_nomve_exn_rtti/lib/libc.a(libm_math_sf_sin.c.o):(.debug_abbrev)
    330d     330d      110     1         /Applications/Renesas e2 studio with RA FSP v6.0.0/toolchains/LLVM-ET-Arm-18.1.3-Darwin-universal/bin/../lib/clang-runtimes/arm-none-eabi/armv8.1m.main_hard_fpdp_nomve_exn_rtti/lib/libc.a(libm_math_kf_sin.c.o):(.debug_abbrev)
    341d     341d      147     1         /Applications/Renesas e2 studio with RA FSP v6.0.0/toolchains/LLVM-ET-Arm-18.1.3-Darwin-universal/bin/../lib/clang-runtimes/arm-none-eabi/armv8.1m.main_hard_fpdp_nomve_exn_rtti/lib/libc.a(libm_math_sf_rem_pio2.c.o):(.debug_abbrev)
    3564     3564      128     1         /Applications/Renesas e2 studio with RA FSP v6.0.0/toolchains/LLVM-ET-Arm-18.1.3-Darwin-universal/bin/../lib/clang-runtimes/arm-none-eabi/armv8.1m.main_hard_fpdp_nomve_exn_rtti/lib/libc.a(libm_math_kf_rem_pio2.c.o):(.debug_abbrev)
    368c     368c       8f     1         /Applications/Renesas e2 studio with RA FSP v6.0.0/toolchains/LLVM-ET-Arm-18.1.3-Darwin-universal/bin/../lib/clang-runtimes/arm-none-eabi/armv8.1m.main_hard_fpdp_nomve_exn_rtti/lib/libc.a(libm_math_kf_cos.c.o):(.debug_abbrev)
    371b     371b       ce     1         /Applications/Renesas e2 studio with RA FSP v6.0.0/toolchains/LLVM-ET-Arm-18.1.3-Darwin-universal/bin/../lib/clang-runtimes/arm-none-eabi/armv8.1m.main_hard_fpdp_nomve_exn_rtti/lib/libc.a(libm_common_math_inexactf.c.o):(.debug_abbrev)
    37e9     37e9      110     1         /Applications/Renesas e2 studio with RA FSP v6.0.0/toolchains/LLVM-ET-Arm-18.1.3-Darwin-universal/bin/../lib/clang-runtimes/arm-none-eabi/armv8.1m.main_hard_fpdp_nomve_exn_rtti/lib/libc.a(libm_common_sf_scalbn.c.o):(.debug_abbrev)
    38f9     38f9       87     1         /Applications/Renesas e2 studio with RA FSP v6.0.0/toolchains/LLVM-ET-Arm-18.1.3-Darwin-universal/bin/../lib/clang-runtimes/arm-none-eabi/armv8.1m.main_hard_fpdp_nomve_exn_rtti/lib/libc.a(libm_common_math_errf_uflowf.c.o):(.debug_abbrev)
    3980     3980       87     1         /Applications/Renesas e2 studio with RA FSP v6.0.0/toolchains/LLVM-ET-Arm-18.1.3-Darwin-universal/bin/../lib/clang-runtimes/arm-none-eabi/armv8.1m.main_hard_fpdp_nomve_exn_rtti/lib/libc.a(libm_common_math_errf_oflowf.c.o):(.debug_abbrev)
    3a07     3a07       d1     1         /Applications/Renesas e2 studio with RA FSP v6.0.0/toolchains/LLVM-ET-Arm-18.1.3-Darwin-universal/bin/../lib/clang-runtimes/arm-none-eabi/armv8.1m.main_hard_fpdp_nomve_exn_rtti/lib/libc.a(libm_common_math_errf_invalidf.c.o):(.debug_abbrev)
    3ad8     3ad8       d3     1         /Applications/Renesas e2 studio with RA FSP v6.0.0/toolchains/LLVM-ET-Arm-18.1.3-Darwin-universal/bin/../lib/clang-runtimes/arm-none-eabi/armv8.1m.main_hard_fpdp_nomve_exn_rtti/lib/libc.a(libm_common_sf_fpclassify.c.o):(.debug_abbrev)
    3bab     3bab       94     1         /Applications/Renesas e2 studio with RA FSP v6.0.0/toolchains/LLVM-ET-Arm-18.1.3-Darwin-universal/bin/../lib/clang-runtimes/arm-none-eabi/armv8.1m.main_hard_fpdp_nomve_exn_rtti/lib/libc.a(bzero.c.o):(.debug_abbrev)
    3c3f     3c3f       a0     1         /Applications/Renesas e2 studio with RA FSP v6.0.0/toolchains/LLVM-ET-Arm-18.1.3-Darwin-universal/bin/../lib/clang-runtimes/arm-none-eabi/armv8.1m.main_hard_fpdp_nomve_exn_rtti/lib/libc.a(memcpy.c.o):(.debug_abbrev)
    3cdf     3cdf       85     1         /Applications/Renesas e2 studio with RA FSP v6.0.0/toolchains/LLVM-ET-Arm-18.1.3-Darwin-universal/bin/../lib/clang-runtimes/arm-none-eabi/armv8.1m.main_hard_fpdp_nomve_exn_rtti/lib/libc.a(memset.c.o):(.debug_abbrev)
    3d64     3d64       21     1         /Applications/Renesas e2 studio with RA FSP v6.0.0/toolchains/LLVM-ET-Arm-18.1.3-Darwin-universal/bin/../lib/clang-runtimes/arm-none-eabi/armv8.1m.main_hard_fpdp_nomve_exn_rtti/lib/libc.a(strlen.S.o):(.debug_abbrev)
       0        0    6070e     1 .debug_info
       0        0     1d34     1         ./src/SEGGER_RTT/SEGGER_RTT.o:(.debug_info)
    1d34     1d34      5d4     1         ./src/SEGGER_RTT/SEGGER_RTT_printf.o:(.debug_info)
    2308     2308     125c     1         ./src/da7212_speaker_init.o:(.debug_info)
    3564     3564     11bd     1         ./src/hal_entry.o:(.debug_info)
    4721     4721     6c84     1         ./src/ssi_ep.o:(.debug_info)
    b3a5     b3a5     113d     1         ./ra_gen/common_data.o:(.debug_info)
    c4e2     c4e2     571a     1         ./ra_gen/hal_data.o:(.debug_info)
   11bfc    11bfc       43     1         ./ra_gen/main.o:(.debug_info)
   11c3f    11c3f      7a8     1         ./ra_gen/pin_data.o:(.debug_info)
   123e7    123e7      e07     1         ./ra_gen/vector_data.o:(.debug_info)
   131ee    131ee     47ee     1         ./ra/fsp/src/r_ssi/r_ssi.o:(.debug_info)
   179dc    179dc     976b     1         ./ra/fsp/src/r_ioport/r_ioport.o:(.debug_info)
   21147    21147     a57e     1         ./ra/fsp/src/r_iic_master/r_iic_master.o:(.debug_info)
   2b6c5    2b6c5     cbe4     1         ./ra/fsp/src/r_gpt/r_gpt.o:(.debug_info)
   382a9    382a9     2eaa     1         ./ra/fsp/src/r_dtc/r_dtc.o:(.debug_info)
   3b153    3b153      233     1         ./ra/fsp/src/bsp/mcu/ra8p1/bsp_linker.o:(.debug_info)
   3b386    3b386     9202     1         ./ra/fsp/src/bsp/mcu/all/bsp_clocks.o:(.debug_info)
   44588    44588      8bb     1         ./ra/fsp/src/bsp/mcu/all/bsp_common.o:(.debug_info)
   44e43    44e43      169     1         ./ra/fsp/src/bsp/mcu/all/bsp_delay.o:(.debug_info)
   44fac    44fac     16c8     1         ./ra/fsp/src/bsp/mcu/all/bsp_group_irq.o:(.debug_info)
   46674    46674       52     1         ./ra/fsp/src/bsp/mcu/all/bsp_io.o:(.debug_info)
   466c6    466c6     1ba8     1         ./ra/fsp/src/bsp/mcu/all/bsp_ipc.o:(.debug_info)
   4826e    4826e     1c8c     1         ./ra/fsp/src/bsp/mcu/all/bsp_irq.o:(.debug_info)
   49efa    49efa     5f12     1         ./ra/fsp/src/bsp/mcu/all/bsp_register_protection.o:(.debug_info)
   4fe0c    4fe0c       c2     1         ./ra/fsp/src/bsp/mcu/all/bsp_sbrk.o:(.debug_info)
   4fece    4fece     7a39     1         ./ra/fsp/src/bsp/mcu/all/bsp_sdram.o:(.debug_info)
   57907    57907       d1     1         ./ra/fsp/src/bsp/cmsis/Device/RENESAS/Source/startup.o:(.debug_info)
   579d8    579d8     7acd     1         ./ra/fsp/src/bsp/cmsis/Device/RENESAS/Source/system.o:(.debug_info)
   5f4a5    5f4a5       47     1         ./ra/board/ra8p1_ek/board_init.o:(.debug_info)
   5f4ec    5f4ec       ac     1         ./ra/board/ra8p1_ek/board_leds.o:(.debug_info)
   5f598    5f598       2e     1         /Applications/Renesas e2 studio with RA FSP v6.0.0/toolchains/LLVM-ET-Arm-18.1.3-Darwin-universal/bin/../lib/clang-runtimes/arm-none-eabi/armv8.1m.main_hard_fpdp_nomve_exn_rtti/lib/libc.a(libc_errno_errno.c.o):(.debug_info)
   5f5c6    5f5c6       86     1         /Applications/Renesas e2 studio with RA FSP v6.0.0/toolchains/LLVM-ET-Arm-18.1.3-Darwin-universal/bin/../lib/clang-runtimes/arm-none-eabi/armv8.1m.main_hard_fpdp_nomve_exn_rtti/lib/libc.a(libc_string_memcmp.c.o):(.debug_info)
   5f64c    5f64c       64     1         /Applications/Renesas e2 studio with RA FSP v6.0.0/toolchains/LLVM-ET-Arm-18.1.3-Darwin-universal/bin/../lib/clang-runtimes/arm-none-eabi/armv8.1m.main_hard_fpdp_nomve_exn_rtti/lib/libc.a(libc_picolib_inittls.c.o):(.debug_info)
   5f6b0    5f6b0       60     1         /Applications/Renesas e2 studio with RA FSP v6.0.0/toolchains/LLVM-ET-Arm-18.1.3-Darwin-universal/bin/../lib/clang-runtimes/arm-none-eabi/armv8.1m.main_hard_fpdp_nomve_exn_rtti/lib/libc.a(libc_picolib_machine_arm_tls.c.o):(.debug_info)
   5f710    5f710      13d     1         /Applications/Renesas e2 studio with RA FSP v6.0.0/toolchains/LLVM-ET-Arm-18.1.3-Darwin-universal/bin/../lib/clang-runtimes/arm-none-eabi/armv8.1m.main_hard_fpdp_nomve_exn_rtti/lib/libc.a(libc_picolib_machine_arm_read_tp.S.o):(.debug_info)
   5f84d    5f84d       ba     1         /Applications/Renesas e2 studio with RA FSP v6.0.0/toolchains/LLVM-ET-Arm-18.1.3-Darwin-universal/bin/../lib/clang-runtimes/arm-none-eabi/armv8.1m.main_hard_fpdp_nomve_exn_rtti/lib/libc.a(libm_math_sf_sin.c.o):(.debug_info)
   5f907    5f907      160     1         /Applications/Renesas e2 studio with RA FSP v6.0.0/toolchains/LLVM-ET-Arm-18.1.3-Darwin-universal/bin/../lib/clang-runtimes/arm-none-eabi/armv8.1m.main_hard_fpdp_nomve_exn_rtti/lib/libc.a(libm_math_kf_sin.c.o):(.debug_info)
   5fa67    5fa67      24f     1         /Applications/Renesas e2 studio with RA FSP v6.0.0/toolchains/LLVM-ET-Arm-18.1.3-Darwin-universal/bin/../lib/clang-runtimes/arm-none-eabi/armv8.1m.main_hard_fpdp_nomve_exn_rtti/lib/libc.a(libm_math_sf_rem_pio2.c.o):(.debug_info)
   5fcb6    5fcb6      214     1         /Applications/Renesas e2 studio with RA FSP v6.0.0/toolchains/LLVM-ET-Arm-18.1.3-Darwin-universal/bin/../lib/clang-runtimes/arm-none-eabi/armv8.1m.main_hard_fpdp_nomve_exn_rtti/lib/libc.a(libm_math_kf_rem_pio2.c.o):(.debug_info)
   5feca    5feca       f6     1         /Applications/Renesas e2 studio with RA FSP v6.0.0/toolchains/LLVM-ET-Arm-18.1.3-Darwin-universal/bin/../lib/clang-runtimes/arm-none-eabi/armv8.1m.main_hard_fpdp_nomve_exn_rtti/lib/libc.a(libm_math_kf_cos.c.o):(.debug_info)
   5ffc0    5ffc0       bf     1         /Applications/Renesas e2 studio with RA FSP v6.0.0/toolchains/LLVM-ET-Arm-18.1.3-Darwin-universal/bin/../lib/clang-runtimes/arm-none-eabi/armv8.1m.main_hard_fpdp_nomve_exn_rtti/lib/libc.a(libm_common_math_inexactf.c.o):(.debug_info)
   6007f    6007f      18a     1         /Applications/Renesas e2 studio with RA FSP v6.0.0/toolchains/LLVM-ET-Arm-18.1.3-Darwin-universal/bin/../lib/clang-runtimes/arm-none-eabi/armv8.1m.main_hard_fpdp_nomve_exn_rtti/lib/libc.a(libm_common_sf_scalbn.c.o):(.debug_info)
[...]
__ospi1_cs0_from_data_flash$$Base                 fsp_gen.lld:303
                                                  ./ra/fsp/src/bsp/mcu/ra8p1/bsp_linker.o
__ospi1_cs0_from_data_flash$$Limit                fsp_gen.lld:308
                                                  ./ra/fsp/src/bsp/mcu/ra8p1/bsp_linker.o
__ospi1_cs0_from_data_flash$$Load                 fsp_gen.lld:303
                                                  ./ra/fsp/src/bsp/mcu/ra8p1/bsp_linker.o
__ospi1_cs0_from_flash$$Base                      fsp_gen.lld:494
                                                  ./ra/fsp/src/bsp/mcu/ra8p1/bsp_linker.o
__ospi1_cs0_from_flash$$Limit                     fsp_gen.lld:499
                                                  ./ra/fsp/src/bsp/mcu/ra8p1/bsp_linker.o
__ospi1_cs0_from_flash$$Load                      fsp_gen.lld:494
                                                  ./ra/fsp/src/bsp/mcu/ra8p1/bsp_linker.o
__itcm_from_ospi0_cs1$$Base                       fsp_gen.lld:99
                                                  ./ra/fsp/src/bsp/mcu/ra8p1/bsp_linker.o
__itcm_from_ospi0_cs1$$Limit                      fsp_gen.lld:104
                                                  ./ra/fsp/src/bsp/mcu/ra8p1/bsp_linker.o
__itcm_from_ospi0_cs1$$Load                       fsp_gen.lld:99
                                                  ./ra/fsp/src/bsp/mcu/ra8p1/bsp_linker.o
__itcm_from_ospi1_cs1$$Base                       fsp_gen.lld:215
                                                  ./ra/fsp/src/bsp/mcu/ra8p1/bsp_linker.o
__itcm_from_ospi1_cs1$$Limit                      fsp_gen.lld:220
                                                  ./ra/fsp/src/bsp/mcu/ra8p1/bsp_linker.o
__itcm_from_ospi1_cs1$$Load                       fsp_gen.lld:215
                                                  ./ra/fsp/src/bsp/mcu/ra8p1/bsp_linker.o
__itcm_from_data_flash$$Base                      fsp_gen.lld:315
                                                  ./ra/fsp/src/bsp/mcu/ra8p1/bsp_linker.o
__itcm_from_data_flash$$Limit                     fsp_gen.lld:320
                                                  ./ra/fsp/src/bsp/mcu/ra8p1/bsp_linker.o
__itcm_from_data_flash$$Load                      fsp_gen.lld:315
                                                  ./ra/fsp/src/bsp/mcu/ra8p1/bsp_linker.o
__itcm_from_flash$$Base                           fsp_gen.lld:544
                                                  ./ra/fsp/src/bsp/mcu/ra8p1/bsp_linker.o
__itcm_from_flash$$Limit                          fsp_gen.lld:549
                                                  ./ra/fsp/src/bsp/mcu/ra8p1/bsp_linker.o
__itcm_from_flash$$Load                           fsp_gen.lld:544
                                                  ./ra/fsp/src/bsp/mcu/ra8p1/bsp_linker.o
__dtcm_from_ospi0_cs1$$Base                       fsp_gen.lld:116
                                                  ./ra/fsp/src/bsp/mcu/ra8p1/bsp_linker.o
__dtcm_from_ospi0_cs1$$Limit                      fsp_gen.lld:121
                                                  ./ra/fsp/src/bsp/mcu/ra8p1/bsp_linker.o
__dtcm_from_ospi0_cs1$$Load                       fsp_gen.lld:116
                                                  ./ra/fsp/src/bsp/mcu/ra8p1/bsp_linker.o
__dtcm_from_ospi1_cs1$$Base                       fsp_gen.lld:227
                                                  ./ra/fsp/src/bsp/mcu/ra8p1/bsp_linker.o
__dtcm_from_ospi1_cs1$$Limit                      fsp_gen.lld:232
                                                  ./ra/fsp/src/bsp/mcu/ra8p1/bsp_linker.o
__dtcm_from_ospi1_cs1$$Load                       fsp_gen.lld:227
                                                  ./ra/fsp/src/bsp/mcu/ra8p1/bsp_linker.o
__dtcm_from_data_flash$$Base                      fsp_gen.lld:327
                                                  ./ra/fsp/src/bsp/mcu/ra8p1/bsp_linker.o
__dtcm_from_data_flash$$Limit                     fsp_gen.lld:332
                                                  ./ra/fsp/src/bsp/mcu/ra8p1/bsp_linker.o
__dtcm_from_data_flash$$Load                      fsp_gen.lld:327
                                                  ./ra/fsp/src/bsp/mcu/ra8p1/bsp_linker.o
__dtcm_from_flash$$Base                           fsp_gen.lld:577
                                                  ./ra/fsp/src/bsp/mcu/ra8p1/bsp_linker.o
__dtcm_from_flash$$Limit                          fsp_gen.lld:582
                                                  ./ra/fsp/src/bsp/mcu/ra8p1/bsp_linker.o
__dtcm_from_flash$$Load                           fsp_gen.lld:577
                                                  ./ra/fsp/src/bsp/mcu/ra8p1/bsp_linker.o
__ram_from_ospi0_cs1$$Base                        fsp_gen.lld:139
                                                  ./ra/fsp/src/bsp/mcu/ra8p1/bsp_linker.o
__ram_from_ospi0_cs1$$Limit                       fsp_gen.lld:144
                                                  ./ra/fsp/src/bsp/mcu/ra8p1/bsp_linker.o
__ram_from_ospi0_cs1$$Load                        fsp_gen.lld:139
                                                  ./ra/fsp/src/bsp/mcu/ra8p1/bsp_linker.o
__ram_from_ospi1_cs1$$Base                        fsp_gen.lld:239
                                                  ./ra/fsp/src/bsp/mcu/ra8p1/bsp_linker.o
__ram_from_ospi1_cs1$$Limit                       fsp_gen.lld:244
                                                  ./ra/fsp/src/bsp/mcu/ra8p1/bsp_linker.o
__ram_from_ospi1_cs1$$Load                        fsp_gen.lld:239
                                                  ./ra/fsp/src/bsp/mcu/ra8p1/bsp_linker.o
__ram_from_data_flash$$Base                       fsp_gen.lld:339
                                                  ./ra/fsp/src/bsp/mcu/ra8p1/bsp_linker.o
__ram_from_data_flash$$Limit                      fsp_gen.lld:344
                                                  ./ra/fsp/src/bsp/mcu/ra8p1/bsp_linker.o
__ram_from_data_flash$$Load                       fsp_gen.lld:339
                                                  ./ra/fsp/src/bsp/mcu/ra8p1/bsp_linker.o
__ram_from_flash$$Base                            fsp_gen.lld:610
                                                  ./ra/fsp/src/bsp/mcu/ra8p1/bsp_linker.o
__ram_from_flash$$Limit                           fsp_gen.lld:617
                                                  ./ra/fsp/src/bsp/mcu/ra8p1/bsp_linker.o
__ram_from_flash$$Load                            fsp_gen.lld:610
                                                  ./ra/fsp/src/bsp/mcu/ra8p1/bsp_linker.o
__ram_tdata$$Base                                 fsp_gen.lld:659
                                                  ./ra/fsp/src/bsp/mcu/ra8p1/bsp_linker.o
__ram_tdata$$Limit                                fsp_gen.lld:663
                                                  ./ra/fsp/src/bsp/mcu/ra8p1/bsp_linker.o
__ram_tdata$$Load                                 fsp_gen.lld:659
                                                  ./ra/fsp/src/bsp/mcu/ra8p1/bsp_linker.o
SystemCoreClockUpdate                             ./ra/fsp/src/bsp/mcu/all/bsp_clocks.o
                                                  ./ra/fsp/src/bsp/cmsis/Device/RENESAS/Source/system.o
bsp_clock_init                                    ./ra/fsp/src/bsp/mcu/all/bsp_clocks.o
                                                  ./ra/fsp/src/bsp/cmsis/Device/RENESAS/Source/system.o
R_BSP_SubClockStabilizeWaitAfterReset             ./ra/fsp/src/bsp/mcu/all/bsp_clocks.o
R_BSP_Init_RTC                                    ./ra/fsp/src/bsp/mcu/all/bsp_clocks.o
                                                  ./ra/fsp/src/bsp/cmsis/Device/RENESAS/Source/system.o
bsp_init                                          ./ra/board/ra8p1_ek/board_init.o
                                                  ./ra/fsp/src/bsp/mcu/all/bsp_common.o
                                                  ./ra/fsp/src/bsp/cmsis/Device/RENESAS/Source/system.o
bsp_prv_software_delay_loop                       ./ra/fsp/src/bsp/mcu/all/bsp_delay.o
g_bsp_group_irq_sources                           ./ra/fsp/src/bsp/mcu/all/bsp_group_irq.o
NMI_Handler                                       ./ra/fsp/src/bsp/mcu/all/bsp_group_irq.o
                                                  ./ra/fsp/src/bsp/cmsis/Device/RENESAS/Source/startup.o
bsp_irq_cfg                                       ./ra/fsp/src/bsp/mcu/all/bsp_irq.o
                                                  ./ra/fsp/src/bsp/cmsis/Device/RENESAS/Source/system.o
g_protect_counters                                ./ra/fsp/src/bsp/mcu/all/bsp_register_protection.o
Reset_Handler                                     ./ra/fsp/src/bsp/cmsis/Device/RENESAS/Source/startup.o
SystemInit                                        ./ra/fsp/src/bsp/cmsis/Device/RENESAS/Source/system.o
                                                  ./ra/fsp/src/bsp/cmsis/Device/RENESAS/Source/startup.o
Default_Handler                                   ./ra/fsp/src/bsp/cmsis/Device/RENESAS/Source/startup.o
g_main_stack                                      ./ra/fsp/src/bsp/cmsis/Device/RENESAS/Source/startup.o
                                                  ./ra/fsp/src/bsp/cmsis/Device/RENESAS/Source/system.o
__Vectors                                         ./ra/fsp/src/bsp/cmsis/Device/RENESAS/Source/startup.o
                                                  ./ra/fsp/src/bsp/cmsis/Device/RENESAS/Source/system.o
HardFault_Handler                                 ./ra/fsp/src/bsp/cmsis/Device/RENESAS/Source/startup.o
MemManage_Handler                                 ./ra/fsp/src/bsp/cmsis/Device/RENESAS/Source/startup.o
BusFault_Handler                                  ./ra/fsp/src/bsp/cmsis/Device/RENESAS/Source/startup.o
UsageFault_Handler                                ./ra/fsp/src/bsp/cmsis/Device/RENESAS/Source/startup.o
SecureFault_Handler                               ./ra/fsp/src/bsp/cmsis/Device/RENESAS/Source/startup.o
SVC_Handler                                       ./ra/fsp/src/bsp/cmsis/Device/RENESAS/Source/startup.o
DebugMon_Handler                                  ./ra/fsp/src/bsp/cmsis/Device/RENESAS/Source/startup.o
PendSV_Handler                                    ./ra/fsp/src/bsp/cmsis/Device/RENESAS/Source/startup.o
SysTick_Handler                                   ./ra/fsp/src/bsp/cmsis/Device/RENESAS/Source/startup.o
__aeabi_memcpy4                                   /Applications/Renesas e2 studio with RA FSP v6.0.0/toolchains/LLVM-ET-Arm-18.1.3-Darwin-universal/bin/../lib/clang-runtimes/arm-none-eabi/armv8.1m.main_hard_fpdp_nomve_exn_rtti/lib/libc.a(memcpy.c.o)
                                                  ./ra/fsp/src/bsp/cmsis/Device/RENESAS/Source/system.o
__tls_base                                        fsp_gen.lld:1024
                                                  ./ra/fsp/src/bsp/cmsis/Device/RENESAS/Source/system.o
_init_tls                                         /Applications/Renesas e2 studio with RA FSP v6.0.0/toolchains/LLVM-ET-Arm-18.1.3-Darwin-universal/bin/../lib/clang-runtimes/arm-none-eabi/armv8.1m.main_hard_fpdp_nomve_exn_rtti/lib/libc.a(libc_picolib_inittls.c.o)
                                                  ./ra/fsp/src/bsp/cmsis/Device/RENESAS/Source/system.o
_set_tls                                          /Applications/Renesas e2 studio with RA FSP v6.0.0/toolchains/LLVM-ET-Arm-18.1.3-Darwin-universal/bin/../lib/clang-runtimes/arm-none-eabi/armv8.1m.main_hard_fpdp_nomve_exn_rtti/lib/libc.a(libc_picolib_machine_arm_tls.c.o)
                                                  ./ra/fsp/src/bsp/cmsis/Device/RENESAS/Source/system.o
__init_array_end                                  fsp_gen.lld:739
                                                  ./ra/fsp/src/bsp/cmsis/Device/RENESAS/Source/system.o
__init_array_start                                fsp_gen.lld:736
                                                  ./ra/fsp/src/bsp/cmsis/Device/RENESAS/Source/system.o
__aeabi_memclr                                    /Applications/Renesas e2 studio with RA FSP v6.0.0/toolchains/LLVM-ET-Arm-18.1.3-Darwin-universal/bin/../lib/clang-runtimes/arm-none-eabi/armv8.1m.main_hard_fpdp_nomve_exn_rtti/lib/libc.a(bzero.c.o)
                                                  /Applications/Renesas e2 studio with RA FSP v6.0.0/toolchains/LLVM-ET-Arm-18.1.3-Darwin-universal/bin/../lib/clang-runtimes/arm-none-eabi/armv8.1m.main_hard_fpdp_nomve_exn_rtti/lib/libc.a(libc_picolib_inittls.c.o)
__tdata_source                                    fsp_gen.lld:1025
                                                  /Applications/Renesas e2 studio with RA FSP v6.0.0/toolchains/LLVM-ET-Arm-18.1.3-Darwin-universal/bin/../lib/clang-runtimes/arm-none-eabi/armv8.1m.main_hard_fpdp_nomve_exn_rtti/lib/libc.a(libc_picolib_inittls.c.o)
__tdata_size                                      fsp_gen.lld:1026
                                                  /Applications/Renesas e2 studio with RA FSP v6.0.0/toolchains/LLVM-ET-Arm-18.1.3-Darwin-universal/bin/../lib/clang-runtimes/arm-none-eabi/armv8.1m.main_hard_fpdp_nomve_exn_rtti/lib/libc.a(libc_picolib_inittls.c.o)
__tbss_offset                                     fsp_gen.lld:1027
                                                  /Applications/Renesas e2 studio with RA FSP v6.0.0/toolchains/LLVM-ET-Arm-18.1.3-Darwin-universal/bin/../lib/clang-runtimes/arm-none-eabi/armv8.1m.main_hard_fpdp_nomve_exn_rtti/lib/libc.a(libc_picolib_inittls.c.o)
__tbss_size                                       fsp_gen.lld:1028
                                                  /Applications/Renesas e2 studio with RA FSP v6.0.0/toolchains/LLVM-ET-Arm-18.1.3-Darwin-universal/bin/../lib/clang-runtimes/arm-none-eabi/armv8.1m.main_hard_fpdp_nomve_exn_rtti/lib/libc.a(libc_picolib_inittls.c.o)
__arm32_tls_tcb_offset                            fsp_gen.lld:1029
                                                  /Applications/Renesas e2 studio with RA FSP v6.0.0/toolchains/LLVM-ET-Arm-18.1.3-Darwin-universal/bin/../lib/clang-runtimes/arm-none-eabi/armv8.1m.main_hard_fpdp_nomve_exn_rtti/lib/libc.a(libc_picolib_machine_arm_tls.c.o)
__tls                                             /Applications/Renesas e2 studio with RA FSP v6.0.0/toolchains/LLVM-ET-Arm-18.1.3-Darwin-universal/bin/../lib/clang-runtimes/arm-none-eabi/armv8.1m.main_hard_fpdp_nomve_exn_rtti/lib/libc.a(libc_picolib_machine_arm_read_tp.S.o)
                                                  /Applications/Renesas e2 studio with RA FSP v6.0.0/toolchains/LLVM-ET-Arm-18.1.3-Darwin-universal/bin/../lib/clang-runtimes/arm-none-eabi/armv8.1m.main_hard_fpdp_nomve_exn_rtti/lib/libc.a(libc_picolib_machine_arm_tls.c.o)
__kernel_sinf                                     /Applications/Renesas e2 studio with RA FSP v6.0.0/toolchains/LLVM-ET-Arm-18.1.3-Darwin-universal/bin/../lib/clang-runtimes/arm-none-eabi/armv8.1m.main_hard_fpdp_nomve_exn_rtti/lib/libc.a(libm_math_kf_sin.c.o)
                                                  /Applications/Renesas e2 studio with RA FSP v6.0.0/toolchains/LLVM-ET-Arm-18.1.3-Darwin-universal/bin/../lib/clang-runtimes/arm-none-eabi/armv8.1m.main_hard_fpdp_nomve_exn_rtti/lib/libc.a(libm_math_sf_sin.c.o)
__rem_pio2f                                       /Applications/Renesas e2 studio with RA FSP v6.0.0/toolchains/LLVM-ET-Arm-18.1.3-Darwin-universal/bin/../lib/clang-runtimes/arm-none-eabi/armv8.1m.main_hard_fpdp_nomve_exn_rtti/lib/libc.a(libm_math_sf_rem_pio2.c.o)
                                                  /Applications/Renesas e2 studio with RA FSP v6.0.0/toolchains/LLVM-ET-Arm-18.1.3-Darwin-universal/bin/../lib/clang-runtimes/arm-none-eabi/armv8.1m.main_hard_fpdp_nomve_exn_rtti/lib/libc.a(libm_math_sf_sin.c.o)
__kernel_cosf                                     /Applications/Renesas e2 studio with RA FSP v6.0.0/toolchains/LLVM-ET-Arm-18.1.3-Darwin-universal/bin/../lib/clang-runtimes/arm-none-eabi/armv8.1m.main_hard_fpdp_nomve_exn_rtti/lib/libc.a(libm_math_kf_cos.c.o)
                                                  /Applications/Renesas e2 studio with RA FSP v6.0.0/toolchains/LLVM-ET-Arm-18.1.3-Darwin-universal/bin/../lib/clang-runtimes/arm-none-eabi/armv8.1m.main_hard_fpdp_nomve_exn_rtti/lib/libc.a(libm_math_sf_sin.c.o)
_sinf                                             /Applications/Renesas e2 studio with RA FSP v6.0.0/toolchains/LLVM-ET-Arm-18.1.3-Darwin-universal/bin/../lib/clang-runtimes/arm-none-eabi/armv8.1m.main_hard_fpdp_nomve_exn_rtti/lib/libc.a(libm_math_sf_sin.c.o)
__kernel_rem_pio2f                                /Applications/Renesas e2 studio with RA FSP v6.0.0/toolchains/LLVM-ET-Arm-18.1.3-Darwin-universal/bin/../lib/clang-runtimes/arm-none-eabi/armv8.1m.main_hard_fpdp_nomve_exn_rtti/lib/libc.a(libm_math_kf_rem_pio2.c.o)
                                                  /Applications/Renesas e2 studio with RA FSP v6.0.0/toolchains/LLVM-ET-Arm-18.1.3-Darwin-universal/bin/../lib/clang-runtimes/arm-none-eabi/armv8.1m.main_hard_fpdp_nomve_exn_rtti/lib/libc.a(libm_math_sf_rem_pio2.c.o)
scalbnf                                           /Applications/Renesas e2 studio with RA FSP v6.0.0/toolchains/LLVM-ET-Arm-18.1.3-Darwin-universal/bin/../lib/clang-runtimes/arm-none-eabi/armv8.1m.main_hard_fpdp_nomve_exn_rtti/lib/libc.a(libm_common_sf_scalbn.c.o)
                                                  /Applications/Renesas e2 studio with RA FSP v6.0.0/toolchains/LLVM-ET-Arm-18.1.3-Darwin-universal/bin/../lib/clang-runtimes/arm-none-eabi/armv8.1m.main_hard_fpdp_nomve_exn_rtti/lib/libc.a(libm_math_kf_rem_pio2.c.o)
ldexpf                                            /Applications/Renesas e2 studio with RA FSP v6.0.0/toolchains/LLVM-ET-Arm-18.1.3-Darwin-universal/bin/../lib/clang-runtimes/arm-none-eabi/armv8.1m.main_hard_fpdp_nomve_exn_rtti/lib/libc.a(libm_common_sf_scalbn.c.o)
__fpclassifyf                                     /Applications/Renesas e2 studio with RA FSP v6.0.0/toolchains/LLVM-ET-Arm-18.1.3-Darwin-universal/bin/../lib/clang-runtimes/arm-none-eabi/armv8.1m.main_hard_fpdp_nomve_exn_rtti/lib/libc.a(libm_common_sf_fpclassify.c.o)
                                                  /Applications/Renesas e2 studio with RA FSP v6.0.0/toolchains/LLVM-ET-Arm-18.1.3-Darwin-universal/bin/../lib/clang-runtimes/arm-none-eabi/armv8.1m.main_hard_fpdp_nomve_exn_rtti/lib/libc.a(libm_common_math_errf_invalidf.c.o)
bzero                                             /Applications/Renesas e2 studio with RA FSP v6.0.0/toolchains/LLVM-ET-Arm-18.1.3-Darwin-universal/bin/../lib/clang-runtimes/arm-none-eabi/armv8.1m.main_hard_fpdp_nomve_exn_rtti/lib/libc.a(bzero.c.o)
memset                                            /Applications/Renesas e2 studio with RA FSP v6.0.0/toolchains/LLVM-ET-Arm-18.1.3-Darwin-universal/bin/../lib/clang-runtimes/arm-none-eabi/armv8.1m.main_hard_fpdp_nomve_exn_rtti/lib/libc.a(memset.c.o)
                                                  /Applications/Renesas e2 studio with RA FSP v6.0.0/toolchains/LLVM-ET-Arm-18.1.3-Darwin-universal/bin/../lib/clang-runtimes/arm-none-eabi/armv8.1m.main_hard_fpdp_nomve_exn_rtti/lib/libc.a(bzero.c.o)
__aeabi_memclr8                                   /Applications/Renesas e2 studio with RA FSP v6.0.0/toolchains/LLVM-ET-Arm-18.1.3-Darwin-universal/bin/../lib/clang-runtimes/arm-none-eabi/armv8.1m.main_hard_fpdp_nomve_exn_rtti/lib/libc.a(bzero.c.o)
memcpy                                            /Applications/Renesas e2 studio with RA FSP v6.0.0/toolchains/LLVM-ET-Arm-18.1.3-Darwin-universal/bin/../lib/clang-runtimes/arm-none-eabi/armv8.1m.main_hard_fpdp_nomve_exn_rtti/lib/libc.a(memcpy.c.o)
__aeabi_memcpy8                                   /Applications/Renesas e2 studio with RA FSP v6.0.0/toolchains/LLVM-ET-Arm-18.1.3-Darwin-universal/bin/../lib/clang-runtimes/arm-none-eabi/armv8.1m.main_hard_fpdp_nomve_exn_rtti/lib/libc.a(memcpy.c.o)
