     VMA      LMA     Size Align Out     In      Symbol
       0        0        0     1 RAM_START = 0x22000000
       0        0        0     1 RAM_LENGTH = 0x001d4000
       0        0        0     1 FLASH_START = 0x02000000
       0        0        0     1 FLASH_LENGTH = 0x00100000
       0        0        0     1 DATA_FLASH_START = 0x27000000
       0        0        0     1 DATA_FLASH_LENGTH = 0x00000000
       0        0        0     1 SDRAM_START = 0x68000000
       0        0        0     1 SDRAM_LENGTH = 0x08000000
       0        0        0     1 OSPI0_CS0_START = 0x80000000
       0        0        0     1 OSPI0_CS0_LENGTH = 0x10000000
       0        0        0     1 OSPI0_CS1_START = 0x90000000
       0        0        0     1 OSPI0_CS1_LENGTH = 0x10000000
       0        0        0     1 OSPI1_CS0_START = 0x70000000
       0        0        0     1 OSPI1_CS0_LENGTH = 0x08000000
       0        0        0     1 OSPI1_CS1_START = 0x78000000
       0        0        0     1 OSPI1_CS1_LENGTH = 0x08000000
       0        0        0     1 OPTION_SETTING_OFS0_START = 0x02c9f040
       0        0        0     1 OPTION_SETTING_OFS0_LENGTH = 0x00000004
       0        0        0     1 OPTION_SETTING_OFS2_START = 0x02c9f044
       0        0        0     1 OPTION_SETTING_OFS2_LENGTH = 0x00000004
       0        0        0     1 OPTION_SETTING_SAS_START = 0x02c9f074
       0        0        0     1 OPTION_SETTING_SAS_LENGTH = 0x00000004
       0        0        0     1 OPTION_SETTING_OFS1_START = 0x12c9f4c0
       0        0        0     1 OPTION_SETTING_OFS1_LENGTH = 0x00000004
       0        0        0     1 OPTION_SETTING_OFS1_SEC_START = 0x02c9f0c0
       0        0        0     1 OPTION_SETTING_OFS1_SEC_LENGTH = 0x00000004
       0        0        0     1 OPTION_SETTING_OFS1_SEL_START = 0x02c9f120
       0        0        0     1 OPTION_SETTING_OFS1_SEL_LENGTH = 0x00000004
       0        0        0     1 OPTION_SETTING_OFS3_START = 0x12c9f4c4
       0        0        0     1 OPTION_SETTING_OFS3_LENGTH = 0x00000004
       0        0        0     1 OPTION_SETTING_OFS3_SEC_START = 0x02c9f0c4
       0        0        0     1 OPTION_SETTING_OFS3_SEC_LENGTH = 0x00000004
       0        0        0     1 OPTION_SETTING_OFS3_SEL_START = 0x02c9f124
       0        0        0     1 OPTION_SETTING_OFS3_SEL_LENGTH = 0x00000004
       0        0        0     1 OPTION_SETTING_BPS_START = 0x12c9f600
       0        0        0     1 OPTION_SETTING_BPS_LENGTH = 0x00000080
       0        0        0     1 OPTION_SETTING_BPS_SEC_START = 0x02c9f200
       0        0        0     1 OPTION_SETTING_BPS_SEC_LENGTH = 0x00000080
       0        0        0     1 OPTION_SETTING_OTP_PBPS_SEC_START = 0x02e07700
       0        0        0     1 OPTION_SETTING_OTP_PBPS_SEC_LENGTH = 0x00000080
       0        0        0     1 OPTION_SETTING_OTP_PBPS_START = 0x12e07780
       0        0        0     1 OPTION_SETTING_OTP_PBPS_LENGTH = 0x00000080
       0        0        0     1 ITCM_START = 0x00000000
       0        0        0     1 ITCM_LENGTH = 0x00020000
       0        0        0     1 DTCM_START = 0x20000000
       0        0        0     1 DTCM_LENGTH = 0x00020000
90000000 90000000        0     1 .ospi0_cs1.startof
90000000 90000000        0     1         __ddsc_OSPI0_CS1_START = .
68000000 68000000        0     1 .sdram.startof
68000000 68000000        0     1         __ddsc_SDRAM_START = .
68000000 68000000        0     1 __sdram_from_ospi0_cs1$$
68000000 68000000        0     1         __sdram_from_ospi0_cs1$$Base = .
68000000 68000000        0     1         __sdram_from_ospi0_cs1$$Load = LOADADDR ( __sdram_from_ospi0_cs1$$ )
68000000 68000000        0     1         __sdram_from_ospi0_cs1$$Limit = .
80000000 80000000        0     1 .ospi0_cs0.startof
80000000 80000000        0     1         __ddsc_OSPI0_CS0_START = .
80000000 80000000        0     1 __ospi0_cs0_from_ospi0_cs1$$
80000000 80000000        0     1         __ospi0_cs0_from_ospi0_cs1$$Base = .
80000000 80000000        0     1         __ospi0_cs0_from_ospi0_cs1$$Load = LOADADDR ( __ospi0_cs0_from_ospi0_cs1$$ )
80000000 80000000        0     1         __ospi0_cs0_from_ospi0_cs1$$Limit = .
70000000 70000000        0     1 .ospi1_cs0.startof
70000000 70000000        0     1         __ddsc_OSPI1_CS0_START = .
70000000 70000000        0     1 __ospi1_cs0_from_ospi0_cs1$$
70000000 70000000        0     1         __ospi1_cs0_from_ospi0_cs1$$Base = .
70000000 70000000        0     1         __ospi1_cs0_from_ospi0_cs1$$Load = LOADADDR ( __ospi1_cs0_from_ospi0_cs1$$ )
70000000 70000000        0     1         __ospi1_cs0_from_ospi0_cs1$$Limit = .
       0        0        0     1 .itcm.startof
       0        0        0     1         __ddsc_ITCM_START = .
       0        0        0     1 __itcm_from_ospi0_cs1$$
       0        0        0     1         __itcm_from_ospi0_cs1$$Base = .
       0        0        0     1         __itcm_from_ospi0_cs1$$Load = LOADADDR ( __itcm_from_ospi0_cs1$$ )
       0        0        0     1         __itcm_from_ospi0_cs1$$Limit = .
20000000 20000000        0     1 .dtcm.startof
20000000 20000000        0     1         __ddsc_DTCM_START = .
20000000 20000000        0     1 __dtcm_from_ospi0_cs1$$
20000000 20000000        0     1         __dtcm_from_ospi0_cs1$$Base = .
20000000 20000000        0     1         __dtcm_from_ospi0_cs1$$Load = LOADADDR ( __dtcm_from_ospi0_cs1$$ )
20000000 20000000        0     1         __dtcm_from_ospi0_cs1$$Limit = .
22000000 22000000        0     1 .ram.startof
22000000 22000000        0     1         __ddsc_RAM_START = .
22000000 22000000       1c  1024 __ram_dtc_vector$$
22000000 22000000        0     1         __ram_dtc_vector$$Base = .
22000000 22000000       1c  1024         ./ra/fsp/src/r_dtc/r_dtc.o:(.fsp_dtc_vector_table)
22000000 22000000       1c     1                 gp_dtc_vector_table
2200001c 2200001c        0     1         __ram_dtc_vector$$Limit = .
2200001c 2200001c        0     1 __ram_from_ospi0_cs1$$
2200001c 2200001c        0     1         __ram_from_ospi0_cs1$$Base = .
2200001c 2200001c        0     1         __ram_from_ospi0_cs1$$Load = LOADADDR ( __ram_from_ospi0_cs1$$ )
2200001c 2200001c        0     1         __ram_from_ospi0_cs1$$Limit = .
90000000 90000000        0     1 __ospi0_cs1_readonly$$
90000000 90000000        0     1         __ospi0_cs1_readonly$$Base = .
90000000 90000000        0     1         __ospi0_cs1_readonly$$Limit = .
90000000 90000000        0     1 __ospi0_cs1_noinit$$
90000000 90000000        0     1         __ospi0_cs1_noinit$$Base = .
90000000 90000000        0     1         __ospi0_cs1_noinit$$Limit = .
90000000 90000000        0     1 .ospi0_cs1.endof
90000000 90000000        0     1         __ddsc_OSPI0_CS1_END = .
78000000 78000000        0     1 .ospi1_cs1.startof
78000000 78000000        0     1         __ddsc_OSPI1_CS1_START = .
68000000 68000000        0     1 __sdram_from_ospi1_cs1$$
68000000 68000000        0     1         __sdram_from_ospi1_cs1$$Base = .
68000000 68000000        0     1         __sdram_from_ospi1_cs1$$Load = LOADADDR ( __sdram_from_ospi1_cs1$$ )
68000000 68000000        0     1         __sdram_from_ospi1_cs1$$Limit = .
80000000 80000000        0     1 __ospi0_cs0_from_ospi1_cs1$$
80000000 80000000        0     1         __ospi0_cs0_from_ospi1_cs1$$Base = .
80000000 80000000        0     1         __ospi0_cs0_from_ospi1_cs1$$Load = LOADADDR ( __ospi0_cs0_from_ospi1_cs1$$ )
80000000 80000000        0     1         __ospi0_cs0_from_ospi1_cs1$$Limit = .
70000000 70000000        0     1 __ospi1_cs0_from_ospi1_cs1$$
70000000 70000000        0     1         __ospi1_cs0_from_ospi1_cs1$$Base = .
70000000 70000000        0     1         __ospi1_cs0_from_ospi1_cs1$$Load = LOADADDR ( __ospi1_cs0_from_ospi1_cs1$$ )
70000000 70000000        0     1         __ospi1_cs0_from_ospi1_cs1$$Limit = .
       0        0        0     1 __itcm_from_ospi1_cs1$$
       0        0        0     1         __itcm_from_ospi1_cs1$$Base = .
       0        0        0     1         __itcm_from_ospi1_cs1$$Load = LOADADDR ( __itcm_from_ospi1_cs1$$ )
       0        0        0     1         __itcm_from_ospi1_cs1$$Limit = .
20000000 20000000        0     1 __dtcm_from_ospi1_cs1$$
20000000 20000000        0     1         __dtcm_from_ospi1_cs1$$Base = .
20000000 20000000        0     1         __dtcm_from_ospi1_cs1$$Load = LOADADDR ( __dtcm_from_ospi1_cs1$$ )
20000000 20000000        0     1         __dtcm_from_ospi1_cs1$$Limit = .
2200001c 2200001c        0     1 __ram_from_ospi1_cs1$$
2200001c 2200001c        0     1         __ram_from_ospi1_cs1$$Base = .
2200001c 2200001c        0     1         __ram_from_ospi1_cs1$$Load = LOADADDR ( __ram_from_ospi1_cs1$$ )
2200001c 2200001c        0     1         __ram_from_ospi1_cs1$$Limit = .
78000000 78000000        0     1 __ospi1_cs1_readonly$$
78000000 78000000        0     1         __ospi1_cs1_readonly$$Base = .
78000000 78000000        0     1         __ospi1_cs1_readonly$$Limit = .
78000000 78000000        0     1 __ospi1_cs1_noinit$$
78000000 78000000        0     1         __ospi1_cs1_noinit$$Base = .
78000000 78000000        0     1         __ospi1_cs1_noinit$$Limit = .
78000000 78000000        0     1 .ospi1_cs1.endof
78000000 78000000        0     1         __ddsc_OSPI1_CS1_END = .
27000000 27000000        0     1 .data_flash.startof
27000000 27000000        0     1         __ddsc_DATA_FLASH_START = .
68000000 68000000        0     1 __sdram_from_data_flash$$
68000000 68000000        0     1         __sdram_from_data_flash$$Base = .
68000000 68000000        0     1         __sdram_from_data_flash$$Load = LOADADDR ( __sdram_from_data_flash$$ )
68000000 68000000        0     1         __sdram_from_data_flash$$Limit = .
80000000 80000000        0     1 __ospi0_cs0_from_data_flash$$
80000000 80000000        0     1         __ospi0_cs0_from_data_flash$$Base = .
80000000 80000000        0     1         __ospi0_cs0_from_data_flash$$Load = LOADADDR ( __ospi0_cs0_from_data_flash$$ )
80000000 80000000        0     1         __ospi0_cs0_from_data_flash$$Limit = .
70000000 70000000        0     1 __ospi1_cs0_from_data_flash$$
70000000 70000000        0     1         __ospi1_cs0_from_data_flash$$Base = .
70000000 70000000        0     1         __ospi1_cs0_from_data_flash$$Load = LOADADDR ( __ospi1_cs0_from_data_flash$$ )
70000000 70000000        0     1         __ospi1_cs0_from_data_flash$$Limit = .
       0        0        0     1 __itcm_from_data_flash$$
       0        0        0     1         __itcm_from_data_flash$$Base = .
       0        0        0     1         __itcm_from_data_flash$$Load = LOADADDR ( __itcm_from_data_flash$$ )
       0        0        0     1         __itcm_from_data_flash$$Limit = .
20000000 20000000        0     1 __dtcm_from_data_flash$$
20000000 20000000        0     1         __dtcm_from_data_flash$$Base = .
20000000 20000000        0     1         __dtcm_from_data_flash$$Load = LOADADDR ( __dtcm_from_data_flash$$ )
20000000 20000000        0     1         __dtcm_from_data_flash$$Limit = .
2200001c 2200001c        0     1 __ram_from_data_flash$$
2200001c 2200001c        0     1         __ram_from_data_flash$$Base = .
2200001c 2200001c        0     1         __ram_from_data_flash$$Load = LOADADDR ( __ram_from_data_flash$$ )
2200001c 2200001c        0     1         __ram_from_data_flash$$Limit = .
27000000 27000000        0     1 __data_flash_readonly$$
27000000 27000000        0     1         __data_flash_readonly$$Base = .
27000000 27000000        0     1         __data_flash_readonly$$Limit = .
27000000 27000000        0     1 __data_flash_noinit$$
27000000 27000000        0     1         __data_flash_noinit$$Base = .
27000000 27000000        0     1         __data_flash_noinit$$Limit = .
27000000 27000000        0     1 .data_flash.endof
27000000 27000000        0     1         __ddsc_DATA_FLASH_END = .
 2000000  2000000        0     1 .flash.startof
 2000000  2000000        0     1         __ddsc_FLASH_START = .
 2000000  2000000       5c     4 __flash_vectors$$
 2000000  2000000        0     1         __flash_vectors$$Base = .
 2000000  2000000        0     1         _VECTORS = .
 2000000  2000000       40     4         ./ra/fsp/src/bsp/cmsis/Device/RENESAS/Source/startup.o:(.fixed_vectors)
 2000000  2000000       40     1                 __Vectors
 2000040  2000040       1c     4         ./ra_gen/vector_data.o:(.application_vectors)
 2000040  2000040       1c     1                 g_vector_table
 200005c  200005c        0     1         __flash_vectors$$Limit = .
 200005c  200005c       18     4 .eh_frame
 200005c  200005c       14     1         /Applications/Renesas e2 studio with RA FSP v6.0.0/toolchains/LLVM-ET-Arm-18.1.3-Darwin-universal/bin/../lib/clang-runtimes/arm-none-eabi/armv8.1m.main_hard_fpdp_nomve_exn_rtti/lib/libc.a(strlen.S.o):(.eh_frame+0x0)
 2000074  2000074        0     1 __flash_noinit$$
 2000074  2000074        0     1         __flash_noinit$$Base = .
 2000074  2000074        0     1         __flash_noinit$$Limit = .
68000000 68000000        0     1 __sdram_from_flash$$
68000000 68000000        0     1         __sdram_from_flash$$Base = .
68000000 68000000        0     1         __sdram_from_flash$$Load = LOADADDR ( __sdram_from_flash$$ )
68000000 68000000        0     1         __sdram_from_flash$$Limit = .
68000000 68000000        0     1 __sdram_noinit_nocache$$
68000000 68000000        0     1         __sdram_noinit_nocache$$Base = .
68000000 68000000        0     1         __sdram_noinit_nocache$$Limit = .
68000000 68000000        0     1 __sdram_zero_nocache$$
68000000 68000000        0     1         __sdram_zero_nocache$$Base = .
68000000 68000000        0     1         . = ALIGN ( 32 )
68000000 68000000        0     1         __sdram_zero_nocache$$Limit = .
68000000 68000000        0     1 __sdram_noinit$$
68000000 68000000        0     1         __sdram_noinit$$Base = .
68000000 68000000        0     1         __sdram_noinit$$Limit = .
68000000 68000000        0     1 __sdram_zero$$
68000000 68000000        0     1         __sdram_zero$$Base = .
68000000 68000000        0     1         __sdram_zero$$Limit = .
68000000 68000000        0     1 .sdram.endof
68000000 68000000        0     1         __ddsc_SDRAM_END = .
80000000 80000000        0     1 __ospi0_cs0_from_flash$$
80000000 80000000        0     1         __ospi0_cs0_from_flash$$Base = .
80000000 80000000        0     1         __ospi0_cs0_from_flash$$Load = LOADADDR ( __ospi0_cs0_from_flash$$ )
80000000 80000000        0     1         __ospi0_cs0_from_flash$$Limit = .
80000000 80000000        0     1 __ospi0_cs0_noinit_nocache$$
80000000 80000000        0     1         __ospi0_cs0_noinit_nocache$$Base = .
80000000 80000000        0     1         __ospi0_cs0_noinit_nocache$$Limit = .
80000000 80000000        0     1 __ospi0_cs0_zero_nocache$$
80000000 80000000        0     1         __ospi0_cs0_zero_nocache$$Base = .
80000000 80000000        0     1         . = ALIGN ( 32 )
80000000 80000000        0     1         __ospi0_cs0_zero_nocache$$Limit = .
80000000 80000000        0     1 __ospi0_cs0_noinit$$
80000000 80000000        0     1         __ospi0_cs0_noinit$$Base = .
80000000 80000000        0     1         __ospi0_cs0_noinit$$Limit = .
80000000 80000000        0     1 __ospi0_cs0_zero$$
80000000 80000000        0     1         __ospi0_cs0_zero$$Base = .
80000000 80000000        0     1         __ospi0_cs0_zero$$Limit = .
80000000 80000000        0     1 .ospi0_cs0.endof
80000000 80000000        0     1         __ddsc_OSPI0_CS0_END = .
70000000 70000000        0     1 __ospi1_cs0_from_flash$$
70000000 70000000        0     1         __ospi1_cs0_from_flash$$Base = .
70000000 70000000        0     1         __ospi1_cs0_from_flash$$Load = LOADADDR ( __ospi1_cs0_from_flash$$ )
70000000 70000000        0     1         __ospi1_cs0_from_flash$$Limit = .
70000000 70000000        0     1 __ospi1_cs0_noinit_nocache$$
70000000 70000000        0     1         __ospi1_cs0_noinit_nocache$$Base = .
70000000 70000000        0     1         __ospi1_cs0_noinit_nocache$$Limit = .
70000000 70000000        0     1 __ospi1_cs0_zero_nocache$$
70000000 70000000        0     1         __ospi1_cs0_zero_nocache$$Base = .
70000000 70000000        0     1         . = ALIGN ( 32 )
70000000 70000000        0     1         __ospi1_cs0_zero_nocache$$Limit = .
70000000 70000000        0     1 __ospi1_cs0_noinit$$
70000000 70000000        0     1         __ospi1_cs0_noinit$$Base = .
70000000 70000000        0     1         __ospi1_cs0_noinit$$Limit = .
70000000 70000000        0     1 __ospi1_cs0_zero$$
70000000 70000000        0     1         __ospi1_cs0_zero$$Base = .
70000000 70000000        0     1         __ospi1_cs0_zero$$Limit = .
70000000 70000000        0     1 .ospi1_cs0.endof
70000000 70000000        0     1         __ddsc_OSPI1_CS0_END = .
       0        0        0     1 __itcm_from_flash$$
       0        0        0     1         __itcm_from_flash$$Base = .
       0        0        0     1         __itcm_from_flash$$Load = LOADADDR ( __itcm_from_flash$$ )
       0        0        0     1         __itcm_from_flash$$Limit = .
       0        0        0     1 __itcm_noinit$$
       0        0        0     1         __itcm_noinit$$Base = .
       0        0        0     1         __itcm_noinit$$Limit = .
       0        0        0     1 __itcm_zero$$
       0        0        0     1         __itcm_zero$$Base = .
       0        0        0     1         __itcm_zero$$Limit = .
       0        0        0     1 .itcm.endof
       0        0        0     1         __ddsc_ITCM_END = .
20000000 20000000        0     1 __dtcm_from_flash$$
20000000 20000000        0     1         __dtcm_from_flash$$Base = .
20000000 20000000        0     1         __dtcm_from_flash$$Load = LOADADDR ( __dtcm_from_flash$$ )
20000000 20000000        0     1         __dtcm_from_flash$$Limit = .
20000000 20000000        0     1 __dtcm_noinit$$
20000000 20000000        0     1         __dtcm_noinit$$Base = .
20000000 20000000        0     1         __dtcm_noinit$$Limit = .
20000000 20000000        0     1 __dtcm_zero$$
20000000 20000000        0     1         __dtcm_zero$$Base = .
20000000 20000000        0     1         __dtcm_zero$$Limit = .
20000000 20000000        0     1 .dtcm.endof
20000000 20000000        0     1         __ddsc_DTCM_END = .
22000020  2000080       30    16 __ram_from_flash$$
22000020  2000080        0     1         __ram_from_flash$$Base = .
22000020  2000080        0     1         __ram_from_flash$$Load = LOADADDR ( __ram_from_flash$$ )
22000020  2000080        1     1         ./src/ssi_ep.o:(.data.g_send_data_now)
22000020  2000080        1     1                 g_send_data_now
22000030  2000090       10    16         ./ra_gen/hal_data.o:(.data.g_transfer1_info)
22000030  2000090       10     1                 g_transfer1_info
22000040  20000a0       10    16         ./ra_gen/hal_data.o:(.data.g_transfer0_info)
22000040  20000a0       10     1                 g_transfer0_info
22000050  20000b0        0     1         __ram_from_flash$$Limit = .
22000060 22000060        0     1 __ram_noinit_nocache$$
22000060 22000060        0     1         __ram_noinit_nocache$$Base = .
22000060 22000060        0     1         __ram_noinit_nocache$$Limit = .
22000060 22000060        0     1 __ram_zero_nocache$$
22000060 22000060        0     1         __ram_zero_nocache$$Base = .
22000060 22000060        0     1         . = ALIGN ( 32 )
22000060 22000060        0     1         __ram_zero_nocache$$Limit = .
22000060 22000060      42c     8 __ram_noinit$$
22000060 22000060        0     1         __ram_noinit$$Base = .
22000060 22000060      400     8         ./ra/fsp/src/bsp/cmsis/Device/RENESAS/Source/startup.o:(.bss.g_main_stack)
22000060 22000060      400     1                 g_main_stack
22000460 22000460       2c     4         ./ra/fsp/src/bsp/mcu/all/bsp_clocks.o:(.ram_noinit)
22000460 22000460       2c     1                 g_clock_freq
2200048c 2200048c        0     1         __ram_noinit$$Limit = .
22000490 22000490     19f4    16 __ram_zero$$
22000490 22000490        0     1         __ram_zero$$Base = .
22000490 22000490       a8     4         ./src/SEGGER_RTT/SEGGER_RTT.o:(.bss._SEGGER_RTT)
22000490 22000490       a8     1                 _SEGGER_RTT
22000538 22000538      800     1         ./src/SEGGER_RTT/SEGGER_RTT.o:(.bss._acUpBuffer)
22000538 22000538      800     1                 _acUpBuffer
22000d38 22000d38       10     1         ./src/SEGGER_RTT/SEGGER_RTT.o:(.bss._acDownBuffer)
22000d38 22000d38       10     1                 _acDownBuffer
22000d48 22000d48        1     1         ./src/ssi_ep.o:(.bss.g_data_ready)
22000d48 22000d48        1     1                 g_data_ready
22000d49 22000d49        1     1         ./src/ssi_ep.o:(.bss.g_buffer_index)
22000d49 22000d49        1     1                 g_buffer_index
22000d4c 22000d4c        4     4         ./src/ssi_ep.o:(.bss.ssi_example_calculate_samples.t)
22000d4c 22000d4c        4     1                 ssi_example_calculate_samples.t
22000d50 22000d50     1000     2         ./src/ssi_ep.o:(.bss.g_src_buff)
22000d50 22000d50     1000     1                 g_src_buff
22001d50 22001d50        8     4         ./ra_gen/common_data.o:(.bss.g_ioport_ctrl)
22001d50 22001d50        8     1                 g_ioport_ctrl
22001d58 22001d58       40     4         ./ra_gen/hal_data.o:(.bss.g_i2c_master0_ctrl)
22001d58 22001d58       40     1                 g_i2c_master0_ctrl
22001d98 22001d98       20     4         ./ra_gen/hal_data.o:(.bss.g_timer_ctrl)
22001d98 22001d98       20     1                 g_timer_ctrl
22001db8 22001db8        8     4         ./ra_gen/hal_data.o:(.bss.g_transfer1_ctrl)
22001db8 22001db8        8     1                 g_transfer1_ctrl
22001dc0 22001dc0        8     4         ./ra_gen/hal_data.o:(.bss.g_transfer0_ctrl)
22001dc0 22001dc0        8     1                 g_transfer0_ctrl
22001dc8 22001dc8       2c     4         ./ra_gen/hal_data.o:(.bss.g_i2s_ctrl)
22001dc8 22001dc8       2c     1                 g_i2s_ctrl
22001df4 22001df4        1     1         ./ra/fsp/src/r_dtc/r_dtc.o:(.bss.r_dtc_state_initialize.g_dtc_state_initialized)
22001df4 22001df4        1     1                 r_dtc_state_initialize.g_dtc_state_initialized
22001df8 22001df8       54     4         ./ra/fsp/src/bsp/mcu/all/bsp_group_irq.o:(.bss.g_bsp_group_irq_sources)
22001df8 22001df8       54     1                 g_bsp_group_irq_sources
22001e4c 22001e4c        4     4         ./ra/fsp/src/bsp/mcu/all/bsp_io.o:(.bss.g_protect_pfswe_counter)
22001e4c 22001e4c        4     1                 g_protect_pfswe_counter
22001e50 22001e50       1c     4         ./ra/fsp/src/bsp/mcu/all/bsp_irq.o:(.bss.gp_renesas_isr_context)
22001e50 22001e50       1c     1                 gp_renesas_isr_context
22001e6c 22001e6c        8     2         ./ra/fsp/src/bsp/mcu/all/bsp_register_protection.o:(.bss.g_protect_counters)
22001e6c 22001e6c        8     1                 g_protect_counters
22001e74 22001e74        4     4         ./ra/fsp/src/bsp/cmsis/Device/RENESAS/Source/system.o:(.bss.SystemCoreClock)
22001e74 22001e74        4     1                 SystemCoreClock
22001e80 22001e80        4    16         /Applications/Renesas e2 studio with RA FSP v6.0.0/toolchains/LLVM-ET-Arm-18.1.3-Darwin-universal/bin/../lib/clang-runtimes/arm-none-eabi/armv8.1m.main_hard_fpdp_nomve_exn_rtti/lib/libc.a(libc_picolib_machine_arm_read_tp.S.o):(.bss)
22001e80 22001e80        4     1                 __tls
22001e84 22001e84        0     1         __ram_zero$$Limit = .
22001e84 22001e84        0     1 __ram_tdata$$
22001e84 22001e84        0     1         __ram_tdata$$Base = .
22001e84 22001e84        0     1         __ram_tdata$$Load = LOADADDR ( __ram_tdata$$ )
22001e84 22001e84        0     1         __ram_tdata$$Limit = .
22001e84 22001e84        0     1 __ram_tbss$$
22001e84 22001e84        0     1         __ram_tbss$$Base = .
22001e84 22001e84        0     1         __ram_tbss$$Limit = .
22001e88 22001e88        0     1 __ram_thread_stack$$
22001e88 22001e88        0     1         __ram_thread_stack$$Base = .
22001e88 22001e88        0     1         __ram_thread_stack$$Limit = .
22002000 22002000        0     1 .ram.endof
22002000 22002000        0     1         __ddsc_RAM_END = .
22002000 22002000        0     1 .ram.flat_nsc
22002000 22002000        0     1         __sau_ddsc_RAM_NSC = .
 20000b0  20000b0     50b6    16 __flash_readonly$$
 20000b0  20000b0        0     1         __flash_readonly$$Base = .
 20000b0  20000b0      186     2         ./src/SEGGER_RTT/SEGGER_RTT.o:(.text.SEGGER_RTT_WriteNoLock)
 20000b0  20000b0        0     1                 $t.6
 20000b1  20000b1      186     1                 SEGGER_RTT_WriteNoLock
 2000236  2000236       a6     2         ./src/SEGGER_RTT/SEGGER_RTT.o:(.text.SEGGER_RTT_Write)
 2000236  2000236        0     1                 $t.8
 2000237  2000237       a6     1                 SEGGER_RTT_Write
 20002dc  20002dc      488     4         ./src/SEGGER_RTT/SEGGER_RTT_printf.o:(.text.SEGGER_RTT_vprintf)
 20002dc  20002dc        0     1                 $t.0
 20002dd  20002dd      488     1                 SEGGER_RTT_vprintf
 2000376  2000376        0     1                 $d.1
 2000384  2000384        0     1                 $t.2
 200043a  200043a        0     1                 $d.3
 200045c  200045c        0     1                 $t.4
 2000764  2000764      180     2         ./src/SEGGER_RTT/SEGGER_RTT_printf.o:(.text._PrintUnsigned)
 2000764  2000764        0     1                 $t.5
 2000765  2000765      180     1                 _PrintUnsigned
 20008e4  20008e4       22     2         ./src/SEGGER_RTT/SEGGER_RTT_printf.o:(.text.SEGGER_RTT_printf)
 20008e4  20008e4        0     1                 $t.6
 20008e5  20008e5       22     1                 SEGGER_RTT_printf
 2000906  2000906      40e     2         ./src/da7212_speaker_init.o:(.text.da7212_speaker_init)
 2000906  2000906        0     1                 $t.0
 2000907  2000907      40e     1                 da7212_speaker_init
 2000d14  2000d14        2     2         ./src/da7212_speaker_init.o:(.text.i2c_master0_callback)
 2000d14  2000d14        0     1                 $t.1
 2000d15  2000d15        2     1                 i2c_master0_callback
 2000d16  2000d16       3c     2         ./src/da7212_speaker_init.o:(.text.da7212_read_register)
 2000d16  2000d16        0     1                 $t.2
 2000d17  2000d17       3c     1                 da7212_read_register
 2000d52  2000d52       50     2         ./src/da7212_speaker_init.o:(.text.da7212_set_speaker_volume_max)
 2000d52  2000d52        0     1                 $t.3
 2000d53  2000d53       50     1                 da7212_set_speaker_volume_max
 2000da2  2000da2       4e     2         ./src/da7212_speaker_init.o:(.text.da7212_set_dac_volume_max)
 2000da2  2000da2        0     1                 $t.4
 2000da3  2000da3       4e     1                 da7212_set_dac_volume_max
 2000df0  2000df0       58     2         ./src/hal_entry.o:(.text.hal_entry)
 2000df0  2000df0        0     1                 $t.0
 2000df1  2000df1       58     1                 hal_entry
 2000e48  2000e48       1a     2         ./src/hal_entry.o:(.text.R_BSP_WarmStart)
 2000e48  2000e48        0     1                 $t.1
 2000e49  2000e49       1a     1                 R_BSP_WarmStart
 2000e62  2000e62      112     2         ./src/ssi_ep.o:(.text.ssi_entry)
 2000e62  2000e62        0     1                 $t.0
 2000e63  2000e63      112     1                 ssi_entry
 2000f74  2000f74       fc     4         ./src/ssi_ep.o:(.text.ssi_example_calculate_samples)
 2000f74  2000f74        0     1                 $t.1
 2000f75  2000f75       fc     1                 ssi_example_calculate_samples
 2001068  2001068        0     1                 $d.2
 2001070  2001070       b2     2         ./src/ssi_ep.o:(.text.ssi_example_write)
 2001070  2001070        0     1                 $t.3
 2001071  2001071       b2     1                 ssi_example_write
 2001122  2001122       28     2         ./src/ssi_ep.o:(.text.i2s_callback)
 2001122  2001122        0     1                 $t.4
 2001123  2001123       28     1                 i2s_callback
 200114a  200114a        c     2         ./ra_gen/main.o:(.text.main)
 200114a  200114a        0     1                 $t.0
 200114b  200114b        c     1                 main
 2001156  2001156      244     2         ./ra/fsp/src/r_ssi/r_ssi.o:(.text.R_SSI_Open)
 2001156  2001156        0     1                 $t.0
 2001157  2001157      244     1                 R_SSI_Open
 200139a  200139a       7a     2         ./ra/fsp/src/r_ssi/r_ssi.o:(.text.R_SSI_Write)
 200139a  200139a        0     1                 $t.3
 200139b  200139b       7a     1                 R_SSI_Write
 2001414  2001414       d2     2         ./ra/fsp/src/r_ssi/r_ssi.o:(.text.R_SSI_Close)
 2001414  2001414        0     1                 $t.7
 2001415  2001415       d2     1                 R_SSI_Close
 20014e6  20014e6       fe     2         ./ra/fsp/src/r_ssi/r_ssi.o:(.text.ssi_txi_isr)
 20014e6  20014e6        0     1                 $t.11
 20014e7  20014e7       fe     1                 ssi_txi_isr
 20015e4  20015e4       70     2         ./ra/fsp/src/r_ssi/r_ssi.o:(.text.ssi_rxi_isr)
 20015e4  20015e4        0     1                 $t.12
 20015e5  20015e5       70     1                 ssi_rxi_isr
 2001654  2001654       92     2         ./ra/fsp/src/r_ssi/r_ssi.o:(.text.r_ssi_fifo_read)
 2001654  2001654        0     1                 $t.13
 2001655  2001655       92     1                 r_ssi_fifo_read
 20016e6  20016e6       d6     2         ./ra/fsp/src/r_ssi/r_ssi.o:(.text.ssi_int_isr)
 20016e6  20016e6        0     1                 $t.14
 20016e7  20016e7       d6     1                 ssi_int_isr
 20017bc  20017bc       18     2         ./ra/fsp/src/r_ioport/r_ioport.o:(.text.R_IOPORT_Open)
 20017bc  20017bc        0     1                 $t.0
 20017bd  20017bd       18     1                 R_IOPORT_Open
 20017d4  20017d4       34     2         ./ra/fsp/src/r_ioport/r_ioport.o:(.text.R_IOPORT_PinWrite)
 20017d4  20017d4        0     1                 $t.7
 20017d5  20017d5       34     1                 R_IOPORT_PinWrite
 2001808  2001808       ce     2         ./ra/fsp/src/r_ioport/r_ioport.o:(.text.r_ioport_pins_config)
 2001808  2001808        0     1                 $t.13
 2001809  2001809       ce     1                 r_ioport_pins_config
 20018d6  20018d6       de     2         ./ra/fsp/src/r_ioport/r_ioport.o:(.text.bsp_vbatt_init)
 20018d6  20018d6        0     1                 $t.14
 20018d7  20018d7       de     1                 bsp_vbatt_init
 20019b4  20019b4       94     2         ./ra/fsp/src/r_iic_master/r_iic_master.o:(.text.R_IIC_MASTER_Open)
 20019b4  20019b4        0     1                 $t.0
 20019b5  20019b5       94     1                 R_IIC_MASTER_Open
 2001a48  2001a48        c     2         ./ra/fsp/src/r_iic_master/r_iic_master.o:(.text.R_IIC_MASTER_Read)
 2001a48  2001a48        0     1                 $t.1
 2001a49  2001a49        c     1                 R_IIC_MASTER_Read
 2001a54  2001a54        c     2         ./ra/fsp/src/r_iic_master/r_iic_master.o:(.text.R_IIC_MASTER_Write)
 2001a54  2001a54        0     1                 $t.2
 2001a55  2001a55        c     1                 R_IIC_MASTER_Write
 2001a60  2001a60        c     2         ./ra/fsp/src/r_iic_master/r_iic_master.o:(.text.R_IIC_MASTER_CallbackSet)
 2001a60  2001a60        0     1                 $t.5
 2001a61  2001a61        c     1                 R_IIC_MASTER_CallbackSet
 2001a6c  2001a6c      1d6     2         ./ra/fsp/src/r_iic_master/r_iic_master.o:(.text.iic_master_open_hw_master)
 2001a6c  2001a6c        0     1                 $t.8
 2001a6d  2001a6d      1d6     1                 iic_master_open_hw_master
 2001c42  2001c42      156     2         ./ra/fsp/src/r_iic_master/r_iic_master.o:(.text.iic_master_read_write)
 2001c42  2001c42        0     1                 $t.9
 2001c43  2001c43      156     1                 iic_master_read_write
 2001d98  2001d98      1ea     2         ./ra/fsp/src/r_iic_master/r_iic_master.o:(.text.iic_master_rxi_isr)
 2001d98  2001d98        0     1                 $t.10
 2001d99  2001d99      1ea     1                 iic_master_rxi_isr
 2001f82  2001f82      14a     2         ./ra/fsp/src/r_iic_master/r_iic_master.o:(.text.iic_master_txi_isr)
 2001f82  2001f82        0     1                 $t.11
 2001f83  2001f83      14a     1                 iic_master_txi_isr
 20020cc  20020cc      10c     2         ./ra/fsp/src/r_iic_master/r_iic_master.o:(.text.iic_master_tei_isr)
 20020cc  20020cc        0     1                 $t.12
 20020cd  20020cd      10c     1                 iic_master_tei_isr
 20021d8  20021d8      1b6     2         ./ra/fsp/src/r_iic_master/r_iic_master.o:(.text.iic_master_eri_isr)
 20021d8  20021d8        0     1                 $t.13
 20021d9  20021d9      1b6     1                 iic_master_eri_isr
 200238e  200238e      2f0     2         ./ra/fsp/src/r_gpt/r_gpt.o:(.text.R_GPT_Open)
 200238e  200238e        0     1                 $t.0
 200238f  200238f      2f0     1                 R_GPT_Open
 200267e  200267e        a     2         ./ra/fsp/src/r_gpt/r_gpt.o:(.text.R_GPT_Start)
 200267e  200267e        0     1                 $t.1
 200267f  200267f        a     1                 R_GPT_Start
 2002688  2002688       a8     2         ./ra/fsp/src/r_gpt/r_gpt.o:(.text.R_GPT_Close)
 2002688  2002688        0     1                 $t.12
 2002689  2002689       a8     1                 R_GPT_Close
 2002730  2002730       64     2         ./ra/fsp/src/r_gpt/r_gpt.o:(.text.r_gpt_enable_irq)
 2002730  2002730        0     1                 $t.23
 2002731  2002731       64     1                 r_gpt_enable_irq
 2002794  2002794       e6     2         ./ra/fsp/src/r_dtc/r_dtc.o:(.text.R_DTC_Open)
 2002794  2002794        0     1                 $t.0
 2002795  2002795       e6     1                 R_DTC_Open
 200287a  200287a       8a     2         ./ra/fsp/src/r_dtc/r_dtc.o:(.text.R_DTC_Reconfigure)
 200287a  200287a        0     1                 $t.1
 200287b  200287b       8a     1                 R_DTC_Reconfigure
 2002904  2002904       9c     2         ./ra/fsp/src/r_dtc/r_dtc.o:(.text.R_DTC_Reset)
 2002904  2002904        0     1                 $t.2
 2002905  2002905       9c     1                 R_DTC_Reset
 20029a0  20029a0       1c     2         ./ra/fsp/src/r_dtc/r_dtc.o:(.text.R_DTC_Enable)
 20029a0  20029a0        0     1                 $t.3
 20029a1  20029a1       1c     1                 R_DTC_Enable
 20029bc  20029bc       1c     2         ./ra/fsp/src/r_dtc/r_dtc.o:(.text.R_DTC_Disable)
 20029bc  20029bc        0     1                 $t.4
 20029bd  20029bd       1c     1                 R_DTC_Disable
 20029d8  20029d8        4     2         ./ra/fsp/src/r_dtc/r_dtc.o:(.text.R_DTC_SoftwareStart)
 20029d8  20029d8        0     1                 $t.5
 20029d9  20029d9        4     1                 R_DTC_SoftwareStart
 20029dc  20029dc        4     2         ./ra/fsp/src/r_dtc/r_dtc.o:(.text.R_DTC_SoftwareStop)
 20029dc  20029dc        0     1                 $t.6
 20029dd  20029dd        4     1                 R_DTC_SoftwareStop
 20029e0  20029e0       52     2         ./ra/fsp/src/r_dtc/r_dtc.o:(.text.R_DTC_InfoGet)
 20029e0  20029e0        0     1                 $t.7
 20029e1  20029e1       52     1                 R_DTC_InfoGet
 2002a32  2002a32       2e     2         ./ra/fsp/src/r_dtc/r_dtc.o:(.text.R_DTC_Close)
 2002a32  2002a32        0     1                 $t.8
 2002a33  2002a33       2e     1                 R_DTC_Close
 2002a60  2002a60        4     2         ./ra/fsp/src/r_dtc/r_dtc.o:(.text.R_DTC_Reload)
 2002a60  2002a60        0     1                 $t.9
 2002a61  2002a61        4     1                 R_DTC_Reload
 2002a64  2002a64        4     2         ./ra/fsp/src/r_dtc/r_dtc.o:(.text.R_DTC_CallbackSet)
 2002a64  2002a64        0     1                 $t.10
 2002a65  2002a65        4     1                 R_DTC_CallbackSet
 2002a68  2002a68       aa     4         ./ra/fsp/src/bsp/mcu/all/bsp_clocks.o:(.text.SystemCoreClockUpdate)
 2002a68  2002a68        0     1                 $t.2
 2002a69  2002a69       aa     1                 SystemCoreClockUpdate
 2002a84  2002a84        0     1                 $d.3
 2002a88  2002a88        0     1                 $t.4
 2002b20  2002b20      610    16         ./ra/fsp/src/bsp/mcu/all/bsp_clocks.o:(.text.bsp_clock_init)
 2002b20  2002b20        0     1                 $t.15
 2002b21  2002b21      610     1                 bsp_clock_init
 2002b9c  2002b9c        0     1                 $d.16
 2002ba0  2002ba0        0     1                 $t.17
 2002d1c  2002d1c        0     1                 $d.18
 2002d20  2002d20        0     1                 $t.19
 2002da8  2002da8        0     1                 $d.20
 2002dac  2002dac        0     1                 $t.21
 2003110  2003110        0     1                 $d.22
 2003130  2003130        2     2         ./ra/fsp/src/bsp/mcu/all/bsp_clocks.o:(.text.R_BSP_SubClockStabilizeWaitAfterReset)
 2003130  2003130        0     1                 $t.25
 2003131  2003131        2     1                 R_BSP_SubClockStabilizeWaitAfterReset
 2003132  2003132       80     2         ./ra/fsp/src/bsp/mcu/all/bsp_clocks.o:(.text.R_BSP_Init_RTC)
 2003132  2003132        0     1                 $t.27
 2003133  2003133       80     1                 R_BSP_Init_RTC
 20031b2  20031b2        c     2         ./ra/fsp/src/bsp/mcu/all/bsp_common.o:(.text.R_FSP_VersionGet)
 20031b2  20031b2        0     1                 $t.1
 20031b3  20031b3        c     1                 R_FSP_VersionGet
 20031be  20031be       7c     2         ./ra/fsp/src/bsp/mcu/all/bsp_delay.o:(.text.R_BSP_SoftwareDelay)
 20031be  20031be        0     1                 $t.0
 20031bf  20031bf       7c     1                 R_BSP_SoftwareDelay
 2003240  2003240        8     8         ./ra/fsp/src/bsp/mcu/all/bsp_delay.o:(.text.bsp_prv_software_delay_loop)
 2003240  2003240        0     1                 sw_delay_loop
 2003240  2003240        0     1                 $t.1
 2003241  2003241        8     1                 bsp_prv_software_delay_loop
 2003248  2003248       56     2         ./ra/fsp/src/bsp/mcu/all/bsp_group_irq.o:(.text.NMI_Handler)
 2003248  2003248        0     1                 $t.1
 2003249  2003249       56     1                 NMI_Handler
 200329e  200329e       2a     2         ./ra/fsp/src/bsp/mcu/all/bsp_irq.o:(.text.bsp_irq_cfg)
 200329e  200329e        0     1                 $t.0
 200329f  200329f       2a     1                 bsp_irq_cfg
 20032c8  20032c8       54     2         ./ra/fsp/src/bsp/mcu/all/bsp_register_protection.o:(.text.R_BSP_RegisterProtectEnable)
 20032c8  20032c8        0     1                 $t.0
 20032c9  20032c9       54     1                 R_BSP_RegisterProtectEnable
 200331c  200331c       4e     2         ./ra/fsp/src/bsp/mcu/all/bsp_register_protection.o:(.text.R_BSP_RegisterProtectDisable)
 200331c  200331c        0     1                 $t.1
 200331d  200331d       4e     1                 R_BSP_RegisterProtectDisable
 200336a  200336a        e     2         ./ra/fsp/src/bsp/cmsis/Device/RENESAS/Source/startup.o:(.text.Reset_Handler)
 200336a  200336a        0     1                 $t.0
 200336b  200336b        e     1                 Reset_Handler
 2003378  2003378        4     2         ./ra/fsp/src/bsp/cmsis/Device/RENESAS/Source/startup.o:(.text.Default_Handler)
 2003378  2003378        0     1                 $t.1
 2003379  2003379        4     1                 Default_Handler
 2003379  2003379        4     1                 HardFault_Handler
 2003379  2003379        4     1                 MemManage_Handler
 2003379  2003379        4     1                 BusFault_Handler
 2003379  2003379        4     1                 UsageFault_Handler
 2003379  2003379        4     1                 SecureFault_Handler
 2003379  2003379        4     1                 SVC_Handler
 2003379  2003379        4     1                 DebugMon_Handler
 2003379  2003379        4     1                 PendSV_Handler
 2003379  2003379        4     1                 SysTick_Handler
 2003380  2003380      2c6     8         ./ra/fsp/src/bsp/cmsis/Device/RENESAS/Source/system.o:(.text.SystemInit)
 2003380  2003380        0     1                 $t.0
 2003381  2003381      2c6     1                 SystemInit
 2003460  2003460        0     1                 memset_64_loop_start_0
 2003468  2003468        0     1                 memset_64_loop_end_0
 2003470  2003470        0     1                 memset_64_loop_start_1
 2003478  2003478        0     1                 memset_64_loop_end_1
 2003646  2003646        2     2         ./ra/board/ra8p1_ek/board_init.o:(.text.bsp_init)
 2003646  2003646        0     1                 $t.0
 2003647  2003647        2     1                 bsp_init
 2003648  2003648       2c     4         /Applications/Renesas e2 studio with RA FSP v6.0.0/toolchains/LLVM-ET-Arm-18.1.3-Darwin-universal/bin/../lib/clang-runtimes/arm-none-eabi/armv8.1m.main_hard_fpdp_nomve_exn_rtti/lib/libc.a(libc_picolib_inittls.c.o):(.text._init_tls)
 2003648  2003648        0     1                 $t.0
 2003649  2003649       2c     1                 _init_tls
 2003664  2003664        0     1                 $d.1
 2003674  2003674       14     4         /Applications/Renesas e2 studio with RA FSP v6.0.0/toolchains/LLVM-ET-Arm-18.1.3-Darwin-universal/bin/../lib/clang-runtimes/arm-none-eabi/armv8.1m.main_hard_fpdp_nomve_exn_rtti/lib/libc.a(libc_picolib_machine_arm_tls.c.o):(.text._set_tls)
 2003674  2003674        0     1                 $t.0
 2003675  2003675       14     1                 _set_tls
 2003680  2003680        0     1                 $d.1
 2003688  2003688       68     4         /Applications/Renesas e2 studio with RA FSP v6.0.0/toolchains/LLVM-ET-Arm-18.1.3-Darwin-universal/bin/../lib/clang-runtimes/arm-none-eabi/armv8.1m.main_hard_fpdp_nomve_exn_rtti/lib/libc.a(libm_math_sf_sin.c.o):(.text.sinf)
 2003688  2003688        0     1                 $t.0
 2003689  2003689       68     1                 sinf
 2003689  2003689       68     1                 _sinf
 20036e8  20036e8        0     1                 $d.1
 20036f0  20036f0       88     4         /Applications/Renesas e2 studio with RA FSP v6.0.0/toolchains/LLVM-ET-Arm-18.1.3-Darwin-universal/bin/../lib/clang-runtimes/arm-none-eabi/armv8.1m.main_hard_fpdp_nomve_exn_rtti/lib/libc.a(libm_math_kf_sin.c.o):(.text.__kernel_sinf)
 20036f0  20036f0        0     1                 $t.0
 20036f1  20036f1       88     1                 __kernel_sinf
 200375c  200375c        0     1                 $d.1
 2003778  2003778      24c     4         /Applications/Renesas e2 studio with RA FSP v6.0.0/toolchains/LLVM-ET-Arm-18.1.3-Darwin-universal/bin/../lib/clang-runtimes/arm-none-eabi/armv8.1m.main_hard_fpdp_nomve_exn_rtti/lib/libc.a(libm_math_sf_rem_pio2.c.o):(.text.__rem_pio2f)
 2003778  2003778        0     1                 $t.0
 2003779  2003779      24c     1                 __rem_pio2f
 2003978  2003978        0     1                 $d.1
 20039c4  20039c4        e     2         /Applications/Renesas e2 studio with RA FSP v6.0.0/toolchains/LLVM-ET-Arm-18.1.3-Darwin-universal/bin/../lib/clang-runtimes/arm-none-eabi/armv8.1m.main_hard_fpdp_nomve_exn_rtti/lib/libc.a(libm_math_sf_rem_pio2.c.o):(.text.OUTLINED_FUNCTION_0)
 20039c4  20039c4        0     1                 $t.2
 20039c5  20039c5        e     1                 OUTLINED_FUNCTION_0
 20039d4  20039d4      4d8     4         /Applications/Renesas e2 studio with RA FSP v6.0.0/toolchains/LLVM-ET-Arm-18.1.3-Darwin-universal/bin/../lib/clang-runtimes/arm-none-eabi/armv8.1m.main_hard_fpdp_nomve_exn_rtti/lib/libc.a(libm_math_kf_rem_pio2.c.o):(.text.__kernel_rem_pio2f)
 20039d4  20039d4        0     1                 $t.0
 20039d5  20039d5      4d8     1                 __kernel_rem_pio2f
 2003d84  2003d84        0     1                 $d.1
 2003d90  2003d90        0     1                 $t.2
 2003e9c  2003e9c        0     1                 $d.3
 2003eac  2003eac       22     2         /Applications/Renesas e2 studio with RA FSP v6.0.0/toolchains/LLVM-ET-Arm-18.1.3-Darwin-universal/bin/../lib/clang-runtimes/arm-none-eabi/armv8.1m.main_hard_fpdp_nomve_exn_rtti/lib/libc.a(libm_math_kf_rem_pio2.c.o):(.text.OUTLINED_FUNCTION_0)
 2003eac  2003eac        0     1                 $t.4
 2003ead  2003ead       22     1                 OUTLINED_FUNCTION_0
 2003ece  2003ece        e     2         /Applications/Renesas e2 studio with RA FSP v6.0.0/toolchains/LLVM-ET-Arm-18.1.3-Darwin-universal/bin/../lib/clang-runtimes/arm-none-eabi/armv8.1m.main_hard_fpdp_nomve_exn_rtti/lib/libc.a(libm_math_kf_rem_pio2.c.o):(.text.OUTLINED_FUNCTION_1)
 2003ece  2003ece        0     1                 $t.5
 2003ecf  2003ecf        e     1                 OUTLINED_FUNCTION_1
 2003edc  2003edc       c0     4         /Applications/Renesas e2 studio with RA FSP v6.0.0/toolchains/LLVM-ET-Arm-18.1.3-Darwin-universal/bin/../lib/clang-runtimes/arm-none-eabi/armv8.1m.main_hard_fpdp_nomve_exn_rtti/lib/libc.a(libm_math_kf_cos.c.o):(.text.__kernel_cosf)
 2003edc  2003edc        0     1                 $t.0
 2003edd  2003edd       c0     1                 __kernel_cosf
 2003f7c  2003f7c        0     1                 $d.1
 2003f9c  2003f9c       20     4         /Applications/Renesas e2 studio with RA FSP v6.0.0/toolchains/LLVM-ET-Arm-18.1.3-Darwin-universal/bin/../lib/clang-runtimes/arm-none-eabi/armv8.1m.main_hard_fpdp_nomve_exn_rtti/lib/libc.a(libm_common_math_inexactf.c.o):(.text.__math_inexactf)
 2003f9c  2003f9c        0     1                 $t.2
 2003f9d  2003f9d       20     1                 __math_inexactf
 2003fb8  2003fb8        0     1                 $d.3
 2003fbc  2003fbc       88     4         /Applications/Renesas e2 studio with RA FSP v6.0.0/toolchains/LLVM-ET-Arm-18.1.3-Darwin-universal/bin/../lib/clang-runtimes/arm-none-eabi/armv8.1m.main_hard_fpdp_nomve_exn_rtti/lib/libc.a(libm_common_sf_scalbn.c.o):(.text.scalbnf)
 2003fbc  2003fbc        0     1                 $t.0
 2003fbd  2003fbd       88     1                 scalbnf
 2003fbd  2003fbd       88     1                 ldexpf
 2004038  2004038        0     1                 $d.1
 2004044  2004044       20     4         /Applications/Renesas e2 studio with RA FSP v6.0.0/toolchains/LLVM-ET-Arm-18.1.3-Darwin-universal/bin/../lib/clang-runtimes/arm-none-eabi/armv8.1m.main_hard_fpdp_nomve_exn_rtti/lib/libc.a(libm_common_math_errf_uflowf.c.o):(.text.__math_uflowf)
 2004044  2004044        0     1                 $t.0
 2004045  2004045       20     1                 __math_uflowf
 2004060  2004060        0     1                 $d.1
 2004064  2004064       20     4         /Applications/Renesas e2 studio with RA FSP v6.0.0/toolchains/LLVM-ET-Arm-18.1.3-Darwin-universal/bin/../lib/clang-runtimes/arm-none-eabi/armv8.1m.main_hard_fpdp_nomve_exn_rtti/lib/libc.a(libm_common_math_errf_oflowf.c.o):(.text.__math_oflowf)
 2004064  2004064        0     1                 $t.0
 2004065  2004065       20     1                 __math_oflowf
 2004080  2004080        0     1                 $d.1
 2004084  2004084       30     4         /Applications/Renesas e2 studio with RA FSP v6.0.0/toolchains/LLVM-ET-Arm-18.1.3-Darwin-universal/bin/../lib/clang-runtimes/arm-none-eabi/armv8.1m.main_hard_fpdp_nomve_exn_rtti/lib/libc.a(libm_common_math_errf_invalidf.c.o):(.text.__math_invalidf)
 2004084  2004084        0     1                 $t.0
 2004085  2004085       30     1                 __math_invalidf
 20040b0  20040b0        0     1                 $d.1
 20040b4  20040b4       50     4         /Applications/Renesas e2 studio with RA FSP v6.0.0/toolchains/LLVM-ET-Arm-18.1.3-Darwin-universal/bin/../lib/clang-runtimes/arm-none-eabi/armv8.1m.main_hard_fpdp_nomve_exn_rtti/lib/libc.a(libm_common_sf_fpclassify.c.o):(.text.__fpclassifyf)
 20040b4  20040b4        0     1                 $t.0
 20040b5  20040b5       50     1                 __fpclassifyf
 2004100  2004100        0     1                 $d.1
 2004104  2004104        8     2         /Applications/Renesas e2 studio with RA FSP v6.0.0/toolchains/LLVM-ET-Arm-18.1.3-Darwin-universal/bin/../lib/clang-runtimes/arm-none-eabi/armv8.1m.main_hard_fpdp_nomve_exn_rtti/lib/libc.a(bzero.c.o):(.text.bzero)
 2004104  2004104        0     1                 $t.0
 2004105  2004105        8     1                 bzero
 2004105  2004105        8     1                 __aeabi_memclr4
 2004105  2004105        8     1                 __aeabi_memclr8
 2004105  2004105        8     1                 __aeabi_memclr
 200410c  200410c       14     2         /Applications/Renesas e2 studio with RA FSP v6.0.0/toolchains/LLVM-ET-Arm-18.1.3-Darwin-universal/bin/../lib/clang-runtimes/arm-none-eabi/armv8.1m.main_hard_fpdp_nomve_exn_rtti/lib/libc.a(memcpy.c.o):(.text.memcpy)
 200410c  200410c        0     1                 $t.0
 200410d  200410d       14     1                 memcpy
 200410d  200410d       14     1                 __aeabi_memcpy4
 200410d  200410d       14     1                 __aeabi_memcpy8
 200410d  200410d       14     1                 __aeabi_memcpy
 2004120  2004120        e     2         /Applications/Renesas e2 studio with RA FSP v6.0.0/toolchains/LLVM-ET-Arm-18.1.3-Darwin-universal/bin/../lib/clang-runtimes/arm-none-eabi/armv8.1m.main_hard_fpdp_nomve_exn_rtti/lib/libc.a(memset.c.o):(.text.memset)
 2004120  2004120        0     1                 $t.0
 2004121  2004121        e     1                 memset
 200412e  200412e       11     1         ./src/SEGGER_RTT/SEGGER_RTT.o:(.rodata._DoInit._aInitStr)
 200412e  200412e       11     1                 _DoInit._aInitStr
 200413f  200413f      527     1         <internal>:(.rodata.str1.1)
 2004666  2004666       10     1         <internal>:(.rodata.cst16)
 2004676  2004676       10     2         <internal>:(.rodata.cst8)
 2004686  2004686        4     1         <internal>:(.rodata.cst4)
 200468a  200468a        8     1         ./ra_gen/hal_data.o:(.rodata.g_i2c_master0_extend)
 200468a  200468a        8     1                 g_i2c_master0_extend
 2004694  2004694       28     4         ./ra_gen/hal_data.o:(.rodata.g_i2c_master0_cfg)
 2004694  2004694       28     1                 g_i2c_master0_cfg
 20046bc  20046bc       3c     4         ./ra_gen/hal_data.o:(.rodata.g_timer_extend)
 20046bc  20046bc       3c     1                 g_timer_extend
 20046f8  20046f8       20     4         ./ra_gen/hal_data.o:(.rodata.g_timer_cfg)
 20046f8  20046f8       20     1                 g_timer_cfg
 2004718  2004718        1     1         ./ra_gen/hal_data.o:(.rodata.g_transfer1_cfg_extend)
 2004718  2004718        1     1                 g_transfer1_cfg_extend
 200471c  200471c        8     4         ./ra_gen/hal_data.o:(.rodata.g_transfer1_cfg)
 200471c  200471c        8     1                 g_transfer1_cfg
 2004724  2004724        c     4         ./ra_gen/hal_data.o:(.rodata.g_transfer1)
 2004724  2004724        c     1                 g_transfer1
 2004730  2004730        1     1         ./ra_gen/hal_data.o:(.rodata.g_transfer0_cfg_extend)
 2004730  2004730        1     1                 g_transfer0_cfg_extend
 2004734  2004734        8     4         ./ra_gen/hal_data.o:(.rodata.g_transfer0_cfg)
 2004734  2004734        8     1                 g_transfer0_cfg
 200473c  200473c        c     4         ./ra_gen/hal_data.o:(.rodata.g_transfer0)
 200473c  200473c        c     1                 g_transfer0
 2004748  2004748        2     1         ./ra_gen/hal_data.o:(.rodata.g_i2s_cfg_extend)
 2004748  2004748        2     1                 g_i2s_cfg_extend
 200474c  200474c       24     4         ./ra_gen/hal_data.o:(.rodata.g_i2s_cfg)
 200474c  200474c       24     1                 g_i2s_cfg
 2004770  2004770      330     4         ./ra_gen/pin_data.o:(.rodata.g_bsp_pin_cfg_data)
 2004770  2004770      330     1                 g_bsp_pin_cfg_data
 2004aa0  2004aa0        c     4         ./ra_gen/pin_data.o:(.rodata.g_bsp_pin_cfg)
 2004aa0  2004aa0        c     1                 g_bsp_pin_cfg
 2004aac  2004aac        e     2         ./ra_gen/vector_data.o:(.rodata.g_interrupt_event_link_select)
 2004aac  2004aac        e     1                 g_interrupt_event_link_select
 2004aba  2004aba        6     2         ./ra/fsp/src/r_ioport/r_ioport.o:(.rodata.g_vbatt_pins_input)
 2004aba  2004aba        6     1                 g_vbatt_pins_input
 2004ac0  2004ac0       2c     4         ./ra/fsp/src/r_dtc/r_dtc.o:(.rodata.g_transfer_on_dtc)
 2004ac0  2004ac0       2c     1                 g_transfer_on_dtc
 2004aec  2004aec       20     4         ./ra/fsp/src/bsp/mcu/ra8p1/bsp_linker.o:(.rodata.nocache_list)
 2004aec  2004aec       20     1                 nocache_list
 2004b0c  2004b0c       18     4         ./ra/fsp/src/bsp/mcu/ra8p1/bsp_linker.o:(.rodata.g_init_info)
 2004b0c  2004b0c       18     1                 g_init_info
 2004b24  2004b24       84     4         ./ra/fsp/src/bsp/mcu/ra8p1/bsp_linker.o:(.rodata.zero_list)
 2004b24  2004b24       84     1                 zero_list
 2004ba8  2004ba8      190     4         ./ra/fsp/src/bsp/mcu/ra8p1/bsp_linker.o:(.rodata.copy_list)
 2004ba8  2004ba8      190     1                 copy_list
 2004d38  2004d38      398     4         /Applications/Renesas e2 studio with RA FSP v6.0.0/toolchains/LLVM-ET-Arm-18.1.3-Darwin-universal/bin/../lib/clang-runtimes/arm-none-eabi/armv8.1m.main_hard_fpdp_nomve_exn_rtti/lib/libc.a(libm_math_sf_rem_pio2.c.o):(.rodata)
 2004d38  2004d38       80     1                 npio2_hw
 2004db8  2004db8      318     1                 two_over_pi
 20050d0  20050d0       38     4         /Applications/Renesas e2 studio with RA FSP v6.0.0/toolchains/LLVM-ET-Arm-18.1.3-Darwin-universal/bin/../lib/clang-runtimes/arm-none-eabi/armv8.1m.main_hard_fpdp_nomve_exn_rtti/lib/libc.a(libm_math_kf_rem_pio2.c.o):(.rodata)
 20050d0  20050d0        c     1                 init_jk
 20050dc  20050dc       2c     1                 PIo2
 2005108  2005108        4     4         /Applications/Renesas e2 studio with RA FSP v6.0.0/toolchains/LLVM-ET-Arm-18.1.3-Darwin-universal/bin/../lib/clang-runtimes/arm-none-eabi/armv8.1m.main_hard_fpdp_nomve_exn_rtti/lib/libc.a(libm_common_math_inexactf.c.o):(.rodata)
 2005108  2005108        4     1                 VAL
 200510c  200510c        4     4         /Applications/Renesas e2 studio with RA FSP v6.0.0/toolchains/LLVM-ET-Arm-18.1.3-Darwin-universal/bin/../lib/clang-runtimes/arm-none-eabi/armv8.1m.main_hard_fpdp_nomve_exn_rtti/lib/libc.a(libm_common_math_errf_uflowf.c.o):(.rodata)
 200510c  200510c        4     1                 VAL
 2005110  2005110        4     4         /Applications/Renesas e2 studio with RA FSP v6.0.0/toolchains/LLVM-ET-Arm-18.1.3-Darwin-universal/bin/../lib/clang-runtimes/arm-none-eabi/armv8.1m.main_hard_fpdp_nomve_exn_rtti/lib/libc.a(libm_common_math_errf_oflowf.c.o):(.rodata)
 2005110  2005110        4     1                 VAL
 2005114  2005114        4     4         /Applications/Renesas e2 studio with RA FSP v6.0.0/toolchains/LLVM-ET-Arm-18.1.3-Darwin-universal/bin/../lib/clang-runtimes/arm-none-eabi/armv8.1m.main_hard_fpdp_nomve_exn_rtti/lib/libc.a(libm_common_math_errf_invalidf.c.o):(.rodata)
 2005114  2005114        4     1                 VAL
 2005118  2005118       4e     4         ./ra/fsp/src/bsp/mcu/all/bsp_common.o:(.version)
 2005118  2005118        4     1                 g_fsp_version
 200511c  200511c        6     1                 g_fsp_version_string
 2005122  2005122       44     1                 g_fsp_version_build_string
 2005166  2005166        0     1         __flash_readonly$$Limit = .
 2005166  2005166        0     1 __flash_preinit_array$$
 2005166  2005166        0     1         __preinit_array_start = .
 2005166  2005166        0     1         __preinit_array_end = .
 2005166  2005166        0     1 __flash_init_array$$
 2005166  2005166        0     1         __init_array_start = .
 2005166  2005166        0     1         __init_array_end = .
 2005166  2005166        0     1 __flash_fini_array$$
 2005166  2005166        0     1         __fini_array_start = .
 2005166  2005166        0     1         __fini_array_end = .
 2005166  2005166        0     1 __flash_arm.exidx$$
 2005166  2005166        0     1         __exidx_start = .
 2005166  2005166        0     1         __exidx_end = .
 2008000  2008000        0     1 .flash.endof
 2008000  2008000        0     1         __ddsc_FLASH_END = .
 2008000  2008000        0     1 .flash.flat_nsc
 2008000  2008000        0     1         __sau_ddsc_FLASH_NSC = .
 2c9f040  2c9f040        0     1 .option_setting_ofs0.startof
 2c9f040  2c9f040        0     1         __ddsc_OPTION_SETTING_OFS0_START = .
 2c9f040  2c9f040        0     1 __option_setting_ofs0_reg$$
 2c9f040  2c9f040        0     1         __option_setting_ofs0_reg$$Base = .
 2c9f040  2c9f040        0     1         __option_setting_ofs0_reg$$Limit = .
 2c9f040  2c9f040        0     1 .option_setting_ofs0.endof
 2c9f040  2c9f040        0     1         __ddsc_OPTION_SETTING_OFS0_END = .
 2c9f044  2c9f044        0     1 .option_setting_ofs2.startof
 2c9f044  2c9f044        0     1         __ddsc_OPTION_SETTING_OFS2_START = .
 2c9f044  2c9f044        0     1 __option_setting_ofs2_reg$$
 2c9f044  2c9f044        0     1         __option_setting_ofs2_reg$$Base = .
 2c9f044  2c9f044        0     1         __option_setting_ofs2_reg$$Limit = .
 2c9f044  2c9f044        0     1 .option_setting_ofs2.endof
 2c9f044  2c9f044        0     1         __ddsc_OPTION_SETTING_OFS2_END = .
 2c9f074  2c9f074        0     1 .option_setting_sas.startof
 2c9f074  2c9f074        0     1         __ddsc_OPTION_SETTING_SAS_START = .
 2c9f074  2c9f074        0     1 __option_setting_sas_reg$$
 2c9f074  2c9f074        0     1         __option_setting_sas_reg$$Base = .
 2c9f074  2c9f074        0     1         __option_setting_sas_reg$$Limit = .
 2c9f074  2c9f074        0     1 .option_setting_sas.endof
 2c9f074  2c9f074        0     1         __ddsc_OPTION_SETTING_SAS_END = .
12c9f4c0 12c9f4c0        0     1 .option_setting_ofs1.startof
12c9f4c0 12c9f4c0        0     1         __ddsc_OPTION_SETTING_OFS1_START = .
12c9f4c0 12c9f4c0        0     1 __option_setting_ofs1_reg$$
12c9f4c0 12c9f4c0        0     1         __option_setting_ofs1_reg$$Base = .
12c9f4c0 12c9f4c0        0     1         __option_setting_ofs1_reg$$Limit = .
12c9f4c0 12c9f4c0        0     1 .option_setting_ofs1.endof
12c9f4c0 12c9f4c0        0     1         __ddsc_OPTION_SETTING_OFS1_END = .
 2c9f0c0  2c9f0c0        0     1 .option_setting_ofs1_sec.startof
 2c9f0c0  2c9f0c0        0     1         __ddsc_OPTION_SETTING_OFS1_SEC_START = .
 2c9f0c0  2c9f0c0        0     1 __option_setting_ofs1_sec_reg$$
 2c9f0c0  2c9f0c0        0     1         __option_setting_ofs1_sec_reg$$Base = .
 2c9f0c0  2c9f0c0        0     1         __option_setting_ofs1_sec_reg$$Limit = .
 2c9f0c0  2c9f0c0        0     1 .option_setting_ofs1_sec.endof
 2c9f0c0  2c9f0c0        0     1         __ddsc_OPTION_SETTING_OFS1_SEC_END = .
 2c9f120  2c9f120        0     1 .option_setting_ofs1_sel.startof
 2c9f120  2c9f120        0     1         __ddsc_OPTION_SETTING_OFS1_SEL_START = .
 2c9f120  2c9f120        0     1 __option_setting_ofs1_sel_reg$$
 2c9f120  2c9f120        0     1         __option_setting_ofs1_sel_reg$$Base = .
 2c9f120  2c9f120        0     1         __option_setting_ofs1_sel_reg$$Limit = .
 2c9f120  2c9f120        0     1 .option_setting_ofs1_sel.endof
 2c9f120  2c9f120        0     1         __ddsc_OPTION_SETTING_OFS1_SEL_END = .
12c9f4c4 12c9f4c4        0     1 .option_setting_ofs3.startof
12c9f4c4 12c9f4c4        0     1         __ddsc_OPTION_SETTING_OFS3_START = .
12c9f4c4 12c9f4c4        0     1 __option_setting_ofs3_reg$$
12c9f4c4 12c9f4c4        0     1         __option_setting_ofs3_reg$$Base = .
12c9f4c4 12c9f4c4        0     1         __option_setting_ofs3_reg$$Limit = .
12c9f4c4 12c9f4c4        0     1 .option_setting_ofs3.endof
12c9f4c4 12c9f4c4        0     1         __ddsc_OPTION_SETTING_OFS3_END = .
 2c9f0c4  2c9f0c4        0     1 .option_setting_ofs3_sec.startof
 2c9f0c4  2c9f0c4        0     1         __ddsc_OPTION_SETTING_OFS3_SEC_START = .
 2c9f0c4  2c9f0c4        0     1 __option_setting_ofs3_sec_reg$$
 2c9f0c4  2c9f0c4        0     1         __option_setting_ofs3_sec_reg$$Base = .
 2c9f0c4  2c9f0c4        0     1         __option_setting_ofs3_sec_reg$$Limit = .
 2c9f0c4  2c9f0c4        0     1 .option_setting_ofs3_sec.endof
 2c9f0c4  2c9f0c4        0     1         __ddsc_OPTION_SETTING_OFS3_SEC_END = .
 2c9f124  2c9f124        0     1 .option_setting_ofs3_sel.startof
 2c9f124  2c9f124        0     1         __ddsc_OPTION_SETTING_OFS3_SEL_START = .
 2c9f124  2c9f124        0     1 __option_setting_ofs3_sel_reg$$
 2c9f124  2c9f124        0     1         __option_setting_ofs3_sel_reg$$Base = .
 2c9f124  2c9f124        0     1         __option_setting_ofs3_sel_reg$$Limit = .
 2c9f124  2c9f124        0     1 .option_setting_ofs3_sel.endof
 2c9f124  2c9f124        0     1         __ddsc_OPTION_SETTING_OFS3_SEL_END = .
12c9f600 12c9f600        0     1 .option_setting_bps.startof
12c9f600 12c9f600        0     1         __ddsc_OPTION_SETTING_BPS_START = .
12c9f600 12c9f600        0     1 __option_setting_bps_reg$$
12c9f600 12c9f600        0     1         __option_setting_bps_reg$$Base = .
12c9f600 12c9f600        0     1         __option_setting_bps_reg$$Limit = .
12c9f600 12c9f600        0     1 .option_setting_bps.endof
12c9f600 12c9f600        0     1         __ddsc_OPTION_SETTING_BPS_END = .
 2c9f200  2c9f200        0     1 .option_setting_bps_sec.startof
 2c9f200  2c9f200        0     1         __ddsc_OPTION_SETTING_BPS_SEC_START = .
 2c9f200  2c9f200        0     1 __option_setting_bps_sec_reg$$
 2c9f200  2c9f200        0     1         __option_setting_bps_sec_reg$$Base = .
 2c9f200  2c9f200        0     1         __option_setting_bps_sec_reg$$Limit = .
 2c9f200  2c9f200        0     1 .option_setting_bps_sec.endof
 2c9f200  2c9f200        0     1         __ddsc_OPTION_SETTING_BPS_SEC_END = .
 2e07700  2e07700        0     1 .option_setting_otp_pbps_sec.startof
 2e07700  2e07700        0     1         __ddsc_OPTION_SETTING_OTP_PBPS_SEC_START = .
 2e07700  2e07700        0     1 __option_setting_otp_pbps_sec_reg$$
 2e07700  2e07700        0     1         __option_setting_otp_pbps_sec_reg$$Base = .
 2e07700  2e07700        0     1         __option_setting_otp_pbps_sec_reg$$Limit = .
 2e07700  2e07700        0     1 .option_setting_otp_pbps_sec.endof
 2e07700  2e07700        0     1         __ddsc_OPTION_SETTING_OTP_PBPS_SEC_END = .
12e07780 12e07780        0     1 .option_setting_otp_pbps.startof
12e07780 12e07780        0     1         __ddsc_OPTION_SETTING_OTP_PBPS_START = .
12e07780 12e07780        0     1 __option_setting_otp_pbps_reg$$
12e07780 12e07780        0     1         __option_setting_otp_pbps_reg$$Base = .
12e07780 12e07780        0     1         __option_setting_otp_pbps_reg$$Limit = .
12e07780 12e07780        0     1 .option_setting_otp_pbps.endof
12e07780 12e07780        0     1         __ddsc_OPTION_SETTING_OTP_PBPS_END = .
12e07780 12e07780        0     1 PROVIDE ( __tls_base = ADDR ( __ram_tdata$$ ) )
12e07780 12e07780        0     1 PROVIDE ( __tdata_source = LOADADDR ( __ram_tdata$$ ) )
12e07780 12e07780        0     1 PROVIDE ( __tdata_size = SIZEOF ( __ram_tdata$$ ) )
12e07780 12e07780        0     1 PROVIDE ( __tbss_offset = ADDR ( __ram_tbss$$ ) - ADDR ( __ram_tdata$$ ) )
12e07780 12e07780        0     1 PROVIDE ( __tbss_size = SIZEOF ( __ram_tbss$$ ) )
12e07780 12e07780        0     1 PROVIDE ( __arm32_tls_tcb_offset = 8 )
       0        0     97c2     1 .debug_loc
       0        0     2cd5     1         ./src/SEGGER_RTT/SEGGER_RTT.o:(.debug_loc)
    2cd5     2cd5      cbc     1         ./src/SEGGER_RTT/SEGGER_RTT_printf.o:(.debug_loc)
    3991     3991      2f9     1         ./src/da7212_speaker_init.o:(.debug_loc)
    3c8a     3c8a       4f     1         ./src/hal_entry.o:(.debug_loc)
    3cd9     3cd9      2ea     1         ./src/ssi_ep.o:(.debug_loc)
    3fc3     3fc3     1852     1         ./ra/fsp/src/r_ssi/r_ssi.o:(.debug_loc)
    5815     5815      8ff     1         ./ra/fsp/src/r_ioport/r_ioport.o:(.debug_loc)
    6114     6114      f26     1         ./ra/fsp/src/r_iic_master/r_iic_master.o:(.debug_loc)
    703a     703a     15df     1         ./ra/fsp/src/r_gpt/r_gpt.o:(.debug_loc)
    8619     8619      4b7     1         ./ra/fsp/src/r_dtc/r_dtc.o:(.debug_loc)
    8ad0     8ad0      771     1         ./ra/fsp/src/bsp/mcu/all/bsp_clocks.o:(.debug_loc)
    9241     9241       26     1         ./ra/fsp/src/bsp/mcu/all/bsp_common.o:(.debug_loc)
    9267     9267      1cb     1         ./ra/fsp/src/bsp/mcu/all/bsp_delay.o:(.debug_loc)
    9432     9432       5c     1         ./ra/fsp/src/bsp/mcu/all/bsp_group_irq.o:(.debug_loc)
    948e     948e       a4     1         ./ra/fsp/src/bsp/mcu/all/bsp_ipc.o:(.debug_loc)
    9532     9532       9d     1         ./ra/fsp/src/bsp/mcu/all/bsp_register_protection.o:(.debug_loc)
    95cf     95cf       52     1         ./ra/fsp/src/bsp/mcu/all/bsp_sbrk.o:(.debug_loc)
    9621     9621       30     1         ./ra/fsp/src/bsp/mcu/all/bsp_sdram.o:(.debug_loc)
    9651     9651      171     1         ./ra/fsp/src/bsp/cmsis/Device/RENESAS/Source/system.o:(.debug_loc)
       0        0     3cd6     1 .debug_abbrev
       0        0      20b     1         ./src/SEGGER_RTT/SEGGER_RTT.o:(.debug_abbrev)
     20b      20b      1dd     1         ./src/SEGGER_RTT/SEGGER_RTT_printf.o:(.debug_abbrev)
     3e8      3e8      19d     1         ./src/da7212_speaker_init.o:(.debug_abbrev)
     585      585      13a     1         ./src/hal_entry.o:(.debug_abbrev)
     6bf      6bf      241     1         ./src/ssi_ep.o:(.debug_abbrev)
     900      900       c9     1         ./ra_gen/common_data.o:(.debug_abbrev)
     9c9      9c9      1d2     1         ./ra_gen/hal_data.o:(.debug_abbrev)
     b9b      b9b       39     1         ./ra_gen/main.o:(.debug_abbrev)
     bd4      bd4       a8     1         ./ra_gen/pin_data.o:(.debug_abbrev)
     c7c      c7c       8e     1         ./ra_gen/vector_data.o:(.debug_abbrev)
     d0a      d0a      3b6     1         ./ra/fsp/src/r_ssi/r_ssi.o:(.debug_abbrev)
    10c0     10c0      2d8     1         ./ra/fsp/src/r_ioport/r_ioport.o:(.debug_abbrev)
    1398     1398      3e5     1         ./ra/fsp/src/r_iic_master/r_iic_master.o:(.debug_abbrev)
    177d     177d      3a0     1         ./ra/fsp/src/r_gpt/r_gpt.o:(.debug_abbrev)
    1b1d     1b1d      35c     1         ./ra/fsp/src/r_dtc/r_dtc.o:(.debug_abbrev)
    1e79     1e79       9e     1         ./ra/fsp/src/bsp/mcu/ra8p1/bsp_linker.o:(.debug_abbrev)
    1f17     1f17      2ce     1         ./ra/fsp/src/bsp/mcu/all/bsp_clocks.o:(.debug_abbrev)
    21e5     21e5      12f     1         ./ra/fsp/src/bsp/mcu/all/bsp_common.o:(.debug_abbrev)
    2314     2314       a7     1         ./ra/fsp/src/bsp/mcu/all/bsp_delay.o:(.debug_abbrev)
    23bb     23bb      1d0     1         ./ra/fsp/src/bsp/mcu/all/bsp_group_irq.o:(.debug_abbrev)
    258b     258b       40     1         ./ra/fsp/src/bsp/mcu/all/bsp_io.o:(.debug_abbrev)
    25cb     25cb      19e     1         ./ra/fsp/src/bsp/mcu/all/bsp_ipc.o:(.debug_abbrev)
    2769     2769      152     1         ./ra/fsp/src/bsp/mcu/all/bsp_irq.o:(.debug_abbrev)
    28bb     28bb      1df     1         ./ra/fsp/src/bsp/mcu/all/bsp_register_protection.o:(.debug_abbrev)
    2a9a     2a9a       7f     1         ./ra/fsp/src/bsp/mcu/all/bsp_sbrk.o:(.debug_abbrev)
    2b19     2b19      176     1         ./ra/fsp/src/bsp/mcu/all/bsp_sdram.o:(.debug_abbrev)
    2c8f     2c8f       a2     1         ./ra/fsp/src/bsp/cmsis/Device/RENESAS/Source/startup.o:(.debug_abbrev)
    2d31     2d31      25e     1         ./ra/fsp/src/bsp/cmsis/Device/RENESAS/Source/system.o:(.debug_abbrev)
    2f8f     2f8f       40     1         ./ra/board/ra8p1_ek/board_init.o:(.debug_abbrev)
    2fcf     2fcf       8d     1         ./ra/board/ra8p1_ek/board_leds.o:(.debug_abbrev)
    305c     305c       2e     1         /Applications/Renesas e2 studio with RA FSP v6.0.0/toolchains/LLVM-ET-Arm-18.1.3-Darwin-universal/bin/../lib/clang-runtimes/arm-none-eabi/armv8.1m.main_hard_fpdp_nomve_exn_rtti/lib/libc.a(libc_errno_errno.c.o):(.debug_abbrev)
    308a     308a       74     1         /Applications/Renesas e2 studio with RA FSP v6.0.0/toolchains/LLVM-ET-Arm-18.1.3-Darwin-universal/bin/../lib/clang-runtimes/arm-none-eabi/armv8.1m.main_hard_fpdp_nomve_exn_rtti/lib/libc.a(libc_picolib_inittls.c.o):(.debug_abbrev)
    30fe     30fe       62     1         /Applications/Renesas e2 studio with RA FSP v6.0.0/toolchains/LLVM-ET-Arm-18.1.3-Darwin-universal/bin/../lib/clang-runtimes/arm-none-eabi/armv8.1m.main_hard_fpdp_nomve_exn_rtti/lib/libc.a(libc_picolib_machine_arm_tls.c.o):(.debug_abbrev)
    3160     3160       21     1         /Applications/Renesas e2 studio with RA FSP v6.0.0/toolchains/LLVM-ET-Arm-18.1.3-Darwin-universal/bin/../lib/clang-runtimes/arm-none-eabi/armv8.1m.main_hard_fpdp_nomve_exn_rtti/lib/libc.a(libc_picolib_machine_arm_read_tp.S.o):(.debug_abbrev)
    3181     3181       dd     1         /Applications/Renesas e2 studio with RA FSP v6.0.0/toolchains/LLVM-ET-Arm-18.1.3-Darwin-universal/bin/../lib/clang-runtimes/arm-none-eabi/armv8.1m.main_hard_fpdp_nomve_exn_rtti/lib/libc.a(libm_math_sf_sin.c.o):(.debug_abbrev)
    325e     325e      110     1         /Applications/Renesas e2 studio with RA FSP v6.0.0/toolchains/LLVM-ET-Arm-18.1.3-Darwin-universal/bin/../lib/clang-runtimes/arm-none-eabi/armv8.1m.main_hard_fpdp_nomve_exn_rtti/lib/libc.a(libm_math_kf_sin.c.o):(.debug_abbrev)
    336e     336e      147     1         /Applications/Renesas e2 studio with RA FSP v6.0.0/toolchains/LLVM-ET-Arm-18.1.3-Darwin-universal/bin/../lib/clang-runtimes/arm-none-eabi/armv8.1m.main_hard_fpdp_nomve_exn_rtti/lib/libc.a(libm_math_sf_rem_pio2.c.o):(.debug_abbrev)
    34b5     34b5      128     1         /Applications/Renesas e2 studio with RA FSP v6.0.0/toolchains/LLVM-ET-Arm-18.1.3-Darwin-universal/bin/../lib/clang-runtimes/arm-none-eabi/armv8.1m.main_hard_fpdp_nomve_exn_rtti/lib/libc.a(libm_math_kf_rem_pio2.c.o):(.debug_abbrev)
    35dd     35dd       8f     1         /Applications/Renesas e2 studio with RA FSP v6.0.0/toolchains/LLVM-ET-Arm-18.1.3-Darwin-universal/bin/../lib/clang-runtimes/arm-none-eabi/armv8.1m.main_hard_fpdp_nomve_exn_rtti/lib/libc.a(libm_math_kf_cos.c.o):(.debug_abbrev)
    366c     366c       ce     1         /Applications/Renesas e2 studio with RA FSP v6.0.0/toolchains/LLVM-ET-Arm-18.1.3-Darwin-universal/bin/../lib/clang-runtimes/arm-none-eabi/armv8.1m.main_hard_fpdp_nomve_exn_rtti/lib/libc.a(libm_common_math_inexactf.c.o):(.debug_abbrev)
    373a     373a      110     1         /Applications/Renesas e2 studio with RA FSP v6.0.0/toolchains/LLVM-ET-Arm-18.1.3-Darwin-universal/bin/../lib/clang-runtimes/arm-none-eabi/armv8.1m.main_hard_fpdp_nomve_exn_rtti/lib/libc.a(libm_common_sf_scalbn.c.o):(.debug_abbrev)
    384a     384a       87     1         /Applications/Renesas e2 studio with RA FSP v6.0.0/toolchains/LLVM-ET-Arm-18.1.3-Darwin-universal/bin/../lib/clang-runtimes/arm-none-eabi/armv8.1m.main_hard_fpdp_nomve_exn_rtti/lib/libc.a(libm_common_math_errf_uflowf.c.o):(.debug_abbrev)
    38d1     38d1       87     1         /Applications/Renesas e2 studio with RA FSP v6.0.0/toolchains/LLVM-ET-Arm-18.1.3-Darwin-universal/bin/../lib/clang-runtimes/arm-none-eabi/armv8.1m.main_hard_fpdp_nomve_exn_rtti/lib/libc.a(libm_common_math_errf_oflowf.c.o):(.debug_abbrev)
    3958     3958       d1     1         /Applications/Renesas e2 studio with RA FSP v6.0.0/toolchains/LLVM-ET-Arm-18.1.3-Darwin-universal/bin/../lib/clang-runtimes/arm-none-eabi/armv8.1m.main_hard_fpdp_nomve_exn_rtti/lib/libc.a(libm_common_math_errf_invalidf.c.o):(.debug_abbrev)
    3a29     3a29       d3     1         /Applications/Renesas e2 studio with RA FSP v6.0.0/toolchains/LLVM-ET-Arm-18.1.3-Darwin-universal/bin/../lib/clang-runtimes/arm-none-eabi/armv8.1m.main_hard_fpdp_nomve_exn_rtti/lib/libc.a(libm_common_sf_fpclassify.c.o):(.debug_abbrev)
    3afc     3afc       94     1         /Applications/Renesas e2 studio with RA FSP v6.0.0/toolchains/LLVM-ET-Arm-18.1.3-Darwin-universal/bin/../lib/clang-runtimes/arm-none-eabi/armv8.1m.main_hard_fpdp_nomve_exn_rtti/lib/libc.a(bzero.c.o):(.debug_abbrev)
    3b90     3b90       a0     1         /Applications/Renesas e2 studio with RA FSP v6.0.0/toolchains/LLVM-ET-Arm-18.1.3-Darwin-universal/bin/../lib/clang-runtimes/arm-none-eabi/armv8.1m.main_hard_fpdp_nomve_exn_rtti/lib/libc.a(memcpy.c.o):(.debug_abbrev)
    3c30     3c30       85     1         /Applications/Renesas e2 studio with RA FSP v6.0.0/toolchains/LLVM-ET-Arm-18.1.3-Darwin-universal/bin/../lib/clang-runtimes/arm-none-eabi/armv8.1m.main_hard_fpdp_nomve_exn_rtti/lib/libc.a(memset.c.o):(.debug_abbrev)
    3cb5     3cb5       21     1         /Applications/Renesas e2 studio with RA FSP v6.0.0/toolchains/LLVM-ET-Arm-18.1.3-Darwin-universal/bin/../lib/clang-runtimes/arm-none-eabi/armv8.1m.main_hard_fpdp_nomve_exn_rtti/lib/libc.a(strlen.S.o):(.debug_abbrev)
       0        0    6066f     1 .debug_info
       0        0     1d34     1         ./src/SEGGER_RTT/SEGGER_RTT.o:(.debug_info)
    1d34     1d34      5d4     1         ./src/SEGGER_RTT/SEGGER_RTT_printf.o:(.debug_info)
    2308     2308     134c     1         ./src/da7212_speaker_init.o:(.debug_info)
    3654     3654     118b     1         ./src/hal_entry.o:(.debug_info)
    47df     47df     6bad     1         ./src/ssi_ep.o:(.debug_info)
    b38c     b38c     113d     1         ./ra_gen/common_data.o:(.debug_info)
    c4c9     c4c9     571a     1         ./ra_gen/hal_data.o:(.debug_info)
   11be3    11be3       43     1         ./ra_gen/main.o:(.debug_info)
   11c26    11c26      7a8     1         ./ra_gen/pin_data.o:(.debug_info)
   123ce    123ce      e07     1         ./ra_gen/vector_data.o:(.debug_info)
   131d5    131d5     47ee     1         ./ra/fsp/src/r_ssi/r_ssi.o:(.debug_info)
   179c3    179c3     976b     1         ./ra/fsp/src/r_ioport/r_ioport.o:(.debug_info)
   2112e    2112e     a57e     1         ./ra/fsp/src/r_iic_master/r_iic_master.o:(.debug_info)
   2b6ac    2b6ac     cbe4     1         ./ra/fsp/src/r_gpt/r_gpt.o:(.debug_info)
   38290    38290     2eaa     1         ./ra/fsp/src/r_dtc/r_dtc.o:(.debug_info)
   3b13a    3b13a      233     1         ./ra/fsp/src/bsp/mcu/ra8p1/bsp_linker.o:(.debug_info)
   3b36d    3b36d     9202     1         ./ra/fsp/src/bsp/mcu/all/bsp_clocks.o:(.debug_info)
   4456f    4456f      8bb     1         ./ra/fsp/src/bsp/mcu/all/bsp_common.o:(.debug_info)
   44e2a    44e2a      169     1         ./ra/fsp/src/bsp/mcu/all/bsp_delay.o:(.debug_info)
   44f93    44f93     16c8     1         ./ra/fsp/src/bsp/mcu/all/bsp_group_irq.o:(.debug_info)
   4665b    4665b       52     1         ./ra/fsp/src/bsp/mcu/all/bsp_io.o:(.debug_info)
   466ad    466ad     1ba8     1         ./ra/fsp/src/bsp/mcu/all/bsp_ipc.o:(.debug_info)
   48255    48255     1c8c     1         ./ra/fsp/src/bsp/mcu/all/bsp_irq.o:(.debug_info)
   49ee1    49ee1     5f12     1         ./ra/fsp/src/bsp/mcu/all/bsp_register_protection.o:(.debug_info)
   4fdf3    4fdf3       c2     1         ./ra/fsp/src/bsp/mcu/all/bsp_sbrk.o:(.debug_info)
   4feb5    4feb5     7a39     1         ./ra/fsp/src/bsp/mcu/all/bsp_sdram.o:(.debug_info)
   578ee    578ee       d1     1         ./ra/fsp/src/bsp/cmsis/Device/RENESAS/Source/startup.o:(.debug_info)
   579bf    579bf     7acd     1         ./ra/fsp/src/bsp/cmsis/Device/RENESAS/Source/system.o:(.debug_info)
   5f48c    5f48c       47     1         ./ra/board/ra8p1_ek/board_init.o:(.debug_info)
   5f4d3    5f4d3       ac     1         ./ra/board/ra8p1_ek/board_leds.o:(.debug_info)
   5f57f    5f57f       2e     1         /Applications/Renesas e2 studio with RA FSP v6.0.0/toolchains/LLVM-ET-Arm-18.1.3-Darwin-universal/bin/../lib/clang-runtimes/arm-none-eabi/armv8.1m.main_hard_fpdp_nomve_exn_rtti/lib/libc.a(libc_errno_errno.c.o):(.debug_info)
   5f5ad    5f5ad       64     1         /Applications/Renesas e2 studio with RA FSP v6.0.0/toolchains/LLVM-ET-Arm-18.1.3-Darwin-universal/bin/../lib/clang-runtimes/arm-none-eabi/armv8.1m.main_hard_fpdp_nomve_exn_rtti/lib/libc.a(libc_picolib_inittls.c.o):(.debug_info)
   5f611    5f611       60     1         /Applications/Renesas e2 studio with RA FSP v6.0.0/toolchains/LLVM-ET-Arm-18.1.3-Darwin-universal/bin/../lib/clang-runtimes/arm-none-eabi/armv8.1m.main_hard_fpdp_nomve_exn_rtti/lib/libc.a(libc_picolib_machine_arm_tls.c.o):(.debug_info)
   5f671    5f671      13d     1         /Applications/Renesas e2 studio with RA FSP v6.0.0/toolchains/LLVM-ET-Arm-18.1.3-Darwin-universal/bin/../lib/clang-runtimes/arm-none-eabi/armv8.1m.main_hard_fpdp_nomve_exn_rtti/lib/libc.a(libc_picolib_machine_arm_read_tp.S.o):(.debug_info)
   5f7ae    5f7ae       ba     1         /Applications/Renesas e2 studio with RA FSP v6.0.0/toolchains/LLVM-ET-Arm-18.1.3-Darwin-universal/bin/../lib/clang-runtimes/arm-none-eabi/armv8.1m.main_hard_fpdp_nomve_exn_rtti/lib/libc.a(libm_math_sf_sin.c.o):(.debug_info)
   5f868    5f868      160     1         /Applications/Renesas e2 studio with RA FSP v6.0.0/toolchains/LLVM-ET-Arm-18.1.3-Darwin-universal/bin/../lib/clang-runtimes/arm-none-eabi/armv8.1m.main_hard_fpdp_nomve_exn_rtti/lib/libc.a(libm_math_kf_sin.c.o):(.debug_info)
   5f9c8    5f9c8      24f     1         /Applications/Renesas e2 studio with RA FSP v6.0.0/toolchains/LLVM-ET-Arm-18.1.3-Darwin-universal/bin/../lib/clang-runtimes/arm-none-eabi/armv8.1m.main_hard_fpdp_nomve_exn_rtti/lib/libc.a(libm_math_sf_rem_pio2.c.o):(.debug_info)
   5fc17    5fc17      214     1         /Applications/Renesas e2 studio with RA FSP v6.0.0/toolchains/LLVM-ET-Arm-18.1.3-Darwin-universal/bin/../lib/clang-runtimes/arm-none-eabi/armv8.1m.main_hard_fpdp_nomve_exn_rtti/lib/libc.a(libm_math_kf_rem_pio2.c.o):(.debug_info)
   5fe2b    5fe2b       f6     1         /Applications/Renesas e2 studio with RA FSP v6.0.0/toolchains/LLVM-ET-Arm-18.1.3-Darwin-universal/bin/../lib/clang-runtimes/arm-none-eabi/armv8.1m.main_hard_fpdp_nomve_exn_rtti/lib/libc.a(libm_math_kf_cos.c.o):(.debug_info)
   5ff21    5ff21       bf     1         /Applications/Renesas e2 studio with RA FSP v6.0.0/toolchains/LLVM-ET-Arm-18.1.3-Darwin-universal/bin/../lib/clang-runtimes/arm-none-eabi/armv8.1m.main_hard_fpdp_nomve_exn_rtti/lib/libc.a(libm_common_math_inexactf.c.o):(.debug_info)
   5ffe0    5ffe0      18a     1         /Applications/Renesas e2 studio with RA FSP v6.0.0/toolchains/LLVM-ET-Arm-18.1.3-Darwin-universal/bin/../lib/clang-runtimes/arm-none-eabi/armv8.1m.main_hard_fpdp_nomve_exn_rtti/lib/libc.a(libm_common_sf_scalbn.c.o):(.debug_info)
   6016a    6016a       78     1         /Applications/Renesas e2 studio with RA FSP v6.0.0/toolchains/LLVM-ET-Arm-18.1.3-Darwin-universal/bin/../lib/clang-runtimes/arm-none-eabi/armv8.1m.main_hard_fpdp_nomve_exn_rtti/lib/libc.a(libm_common_math_errf_uflowf.c.o):(.debug_info)
[...]
__ospi1_cs0_from_data_flash$$Base                 fsp_gen.lld:303
                                                  ./ra/fsp/src/bsp/mcu/ra8p1/bsp_linker.o
__ospi1_cs0_from_data_flash$$Limit                fsp_gen.lld:308
                                                  ./ra/fsp/src/bsp/mcu/ra8p1/bsp_linker.o
__ospi1_cs0_from_data_flash$$Load                 fsp_gen.lld:303
                                                  ./ra/fsp/src/bsp/mcu/ra8p1/bsp_linker.o
__ospi1_cs0_from_flash$$Base                      fsp_gen.lld:494
                                                  ./ra/fsp/src/bsp/mcu/ra8p1/bsp_linker.o
__ospi1_cs0_from_flash$$Limit                     fsp_gen.lld:499
                                                  ./ra/fsp/src/bsp/mcu/ra8p1/bsp_linker.o
__ospi1_cs0_from_flash$$Load                      fsp_gen.lld:494
                                                  ./ra/fsp/src/bsp/mcu/ra8p1/bsp_linker.o
__itcm_from_ospi0_cs1$$Base                       fsp_gen.lld:99
                                                  ./ra/fsp/src/bsp/mcu/ra8p1/bsp_linker.o
__itcm_from_ospi0_cs1$$Limit                      fsp_gen.lld:104
                                                  ./ra/fsp/src/bsp/mcu/ra8p1/bsp_linker.o
__itcm_from_ospi0_cs1$$Load                       fsp_gen.lld:99
                                                  ./ra/fsp/src/bsp/mcu/ra8p1/bsp_linker.o
__itcm_from_ospi1_cs1$$Base                       fsp_gen.lld:215
                                                  ./ra/fsp/src/bsp/mcu/ra8p1/bsp_linker.o
__itcm_from_ospi1_cs1$$Limit                      fsp_gen.lld:220
                                                  ./ra/fsp/src/bsp/mcu/ra8p1/bsp_linker.o
__itcm_from_ospi1_cs1$$Load                       fsp_gen.lld:215
                                                  ./ra/fsp/src/bsp/mcu/ra8p1/bsp_linker.o
__itcm_from_data_flash$$Base                      fsp_gen.lld:315
                                                  ./ra/fsp/src/bsp/mcu/ra8p1/bsp_linker.o
__itcm_from_data_flash$$Limit                     fsp_gen.lld:320
                                                  ./ra/fsp/src/bsp/mcu/ra8p1/bsp_linker.o
__itcm_from_data_flash$$Load                      fsp_gen.lld:315
                                                  ./ra/fsp/src/bsp/mcu/ra8p1/bsp_linker.o
__itcm_from_flash$$Base                           fsp_gen.lld:544
                                                  ./ra/fsp/src/bsp/mcu/ra8p1/bsp_linker.o
__itcm_from_flash$$Limit                          fsp_gen.lld:549
                                                  ./ra/fsp/src/bsp/mcu/ra8p1/bsp_linker.o
__itcm_from_flash$$Load                           fsp_gen.lld:544
                                                  ./ra/fsp/src/bsp/mcu/ra8p1/bsp_linker.o
__dtcm_from_ospi0_cs1$$Base                       fsp_gen.lld:116
                                                  ./ra/fsp/src/bsp/mcu/ra8p1/bsp_linker.o
__dtcm_from_ospi0_cs1$$Limit                      fsp_gen.lld:121
                                                  ./ra/fsp/src/bsp/mcu/ra8p1/bsp_linker.o
__dtcm_from_ospi0_cs1$$Load                       fsp_gen.lld:116
                                                  ./ra/fsp/src/bsp/mcu/ra8p1/bsp_linker.o
__dtcm_from_ospi1_cs1$$Base                       fsp_gen.lld:227
                                                  ./ra/fsp/src/bsp/mcu/ra8p1/bsp_linker.o
__dtcm_from_ospi1_cs1$$Limit                      fsp_gen.lld:232
                                                  ./ra/fsp/src/bsp/mcu/ra8p1/bsp_linker.o
__dtcm_from_ospi1_cs1$$Load                       fsp_gen.lld:227
                                                  ./ra/fsp/src/bsp/mcu/ra8p1/bsp_linker.o
__dtcm_from_data_flash$$Base                      fsp_gen.lld:327
                                                  ./ra/fsp/src/bsp/mcu/ra8p1/bsp_linker.o
__dtcm_from_data_flash$$Limit                     fsp_gen.lld:332
                                                  ./ra/fsp/src/bsp/mcu/ra8p1/bsp_linker.o
__dtcm_from_data_flash$$Load                      fsp_gen.lld:327
                                                  ./ra/fsp/src/bsp/mcu/ra8p1/bsp_linker.o
__dtcm_from_flash$$Base                           fsp_gen.lld:577
                                                  ./ra/fsp/src/bsp/mcu/ra8p1/bsp_linker.o
__dtcm_from_flash$$Limit                          fsp_gen.lld:582
                                                  ./ra/fsp/src/bsp/mcu/ra8p1/bsp_linker.o
__dtcm_from_flash$$Load                           fsp_gen.lld:577
                                                  ./ra/fsp/src/bsp/mcu/ra8p1/bsp_linker.o
__ram_from_ospi0_cs1$$Base                        fsp_gen.lld:139
                                                  ./ra/fsp/src/bsp/mcu/ra8p1/bsp_linker.o
__ram_from_ospi0_cs1$$Limit                       fsp_gen.lld:144
                                                  ./ra/fsp/src/bsp/mcu/ra8p1/bsp_linker.o
__ram_from_ospi0_cs1$$Load                        fsp_gen.lld:139
                                                  ./ra/fsp/src/bsp/mcu/ra8p1/bsp_linker.o
__ram_from_ospi1_cs1$$Base                        fsp_gen.lld:239
                                                  ./ra/fsp/src/bsp/mcu/ra8p1/bsp_linker.o
__ram_from_ospi1_cs1$$Limit                       fsp_gen.lld:244
                                                  ./ra/fsp/src/bsp/mcu/ra8p1/bsp_linker.o
__ram_from_ospi1_cs1$$Load                        fsp_gen.lld:239
                                                  ./ra/fsp/src/bsp/mcu/ra8p1/bsp_linker.o
__ram_from_data_flash$$Base                       fsp_gen.lld:339
                                                  ./ra/fsp/src/bsp/mcu/ra8p1/bsp_linker.o
__ram_from_data_flash$$Limit                      fsp_gen.lld:344
                                                  ./ra/fsp/src/bsp/mcu/ra8p1/bsp_linker.o
__ram_from_data_flash$$Load                       fsp_gen.lld:339
                                                  ./ra/fsp/src/bsp/mcu/ra8p1/bsp_linker.o
__ram_from_flash$$Base                            fsp_gen.lld:610
                                                  ./ra/fsp/src/bsp/mcu/ra8p1/bsp_linker.o
__ram_from_flash$$Limit                           fsp_gen.lld:617
                                                  ./ra/fsp/src/bsp/mcu/ra8p1/bsp_linker.o
__ram_from_flash$$Load                            fsp_gen.lld:610
                                                  ./ra/fsp/src/bsp/mcu/ra8p1/bsp_linker.o
__ram_tdata$$Base                                 fsp_gen.lld:659
                                                  ./ra/fsp/src/bsp/mcu/ra8p1/bsp_linker.o
__ram_tdata$$Limit                                fsp_gen.lld:663
                                                  ./ra/fsp/src/bsp/mcu/ra8p1/bsp_linker.o
__ram_tdata$$Load                                 fsp_gen.lld:659
                                                  ./ra/fsp/src/bsp/mcu/ra8p1/bsp_linker.o
SystemCoreClockUpdate                             ./ra/fsp/src/bsp/mcu/all/bsp_clocks.o
                                                  ./ra/fsp/src/bsp/cmsis/Device/RENESAS/Source/system.o
bsp_clock_init                                    ./ra/fsp/src/bsp/mcu/all/bsp_clocks.o
                                                  ./ra/fsp/src/bsp/cmsis/Device/RENESAS/Source/system.o
R_BSP_SubClockStabilizeWaitAfterReset             ./ra/fsp/src/bsp/mcu/all/bsp_clocks.o
R_BSP_Init_RTC                                    ./ra/fsp/src/bsp/mcu/all/bsp_clocks.o
                                                  ./ra/fsp/src/bsp/cmsis/Device/RENESAS/Source/system.o
bsp_init                                          ./ra/board/ra8p1_ek/board_init.o
                                                  ./ra/fsp/src/bsp/mcu/all/bsp_common.o
                                                  ./ra/fsp/src/bsp/cmsis/Device/RENESAS/Source/system.o
bsp_prv_software_delay_loop                       ./ra/fsp/src/bsp/mcu/all/bsp_delay.o
g_bsp_group_irq_sources                           ./ra/fsp/src/bsp/mcu/all/bsp_group_irq.o
NMI_Handler                                       ./ra/fsp/src/bsp/mcu/all/bsp_group_irq.o
                                                  ./ra/fsp/src/bsp/cmsis/Device/RENESAS/Source/startup.o
bsp_irq_cfg                                       ./ra/fsp/src/bsp/mcu/all/bsp_irq.o
                                                  ./ra/fsp/src/bsp/cmsis/Device/RENESAS/Source/system.o
g_protect_counters                                ./ra/fsp/src/bsp/mcu/all/bsp_register_protection.o
Reset_Handler                                     ./ra/fsp/src/bsp/cmsis/Device/RENESAS/Source/startup.o
SystemInit                                        ./ra/fsp/src/bsp/cmsis/Device/RENESAS/Source/system.o
                                                  ./ra/fsp/src/bsp/cmsis/Device/RENESAS/Source/startup.o
Default_Handler                                   ./ra/fsp/src/bsp/cmsis/Device/RENESAS/Source/startup.o
g_main_stack                                      ./ra/fsp/src/bsp/cmsis/Device/RENESAS/Source/startup.o
                                                  ./ra/fsp/src/bsp/cmsis/Device/RENESAS/Source/system.o
__Vectors                                         ./ra/fsp/src/bsp/cmsis/Device/RENESAS/Source/startup.o
                                                  ./ra/fsp/src/bsp/cmsis/Device/RENESAS/Source/system.o
HardFault_Handler                                 ./ra/fsp/src/bsp/cmsis/Device/RENESAS/Source/startup.o
MemManage_Handler                                 ./ra/fsp/src/bsp/cmsis/Device/RENESAS/Source/startup.o
BusFault_Handler                                  ./ra/fsp/src/bsp/cmsis/Device/RENESAS/Source/startup.o
UsageFault_Handler                                ./ra/fsp/src/bsp/cmsis/Device/RENESAS/Source/startup.o
SecureFault_Handler                               ./ra/fsp/src/bsp/cmsis/Device/RENESAS/Source/startup.o
SVC_Handler                                       ./ra/fsp/src/bsp/cmsis/Device/RENESAS/Source/startup.o
DebugMon_Handler                                  ./ra/fsp/src/bsp/cmsis/Device/RENESAS/Source/startup.o
PendSV_Handler                                    ./ra/fsp/src/bsp/cmsis/Device/RENESAS/Source/startup.o
SysTick_Handler                                   ./ra/fsp/src/bsp/cmsis/Device/RENESAS/Source/startup.o
__aeabi_memcpy4                                   /Applications/Renesas e2 studio with RA FSP v6.0.0/toolchains/LLVM-ET-Arm-18.1.3-Darwin-universal/bin/../lib/clang-runtimes/arm-none-eabi/armv8.1m.main_hard_fpdp_nomve_exn_rtti/lib/libc.a(memcpy.c.o)
                                                  ./ra/fsp/src/bsp/cmsis/Device/RENESAS/Source/system.o
__tls_base                                        fsp_gen.lld:1024
                                                  ./ra/fsp/src/bsp/cmsis/Device/RENESAS/Source/system.o
_init_tls                                         /Applications/Renesas e2 studio with RA FSP v6.0.0/toolchains/LLVM-ET-Arm-18.1.3-Darwin-universal/bin/../lib/clang-runtimes/arm-none-eabi/armv8.1m.main_hard_fpdp_nomve_exn_rtti/lib/libc.a(libc_picolib_inittls.c.o)
                                                  ./ra/fsp/src/bsp/cmsis/Device/RENESAS/Source/system.o
_set_tls                                          /Applications/Renesas e2 studio with RA FSP v6.0.0/toolchains/LLVM-ET-Arm-18.1.3-Darwin-universal/bin/../lib/clang-runtimes/arm-none-eabi/armv8.1m.main_hard_fpdp_nomve_exn_rtti/lib/libc.a(libc_picolib_machine_arm_tls.c.o)
                                                  ./ra/fsp/src/bsp/cmsis/Device/RENESAS/Source/system.o
__init_array_end                                  fsp_gen.lld:739
                                                  ./ra/fsp/src/bsp/cmsis/Device/RENESAS/Source/system.o
__init_array_start                                fsp_gen.lld:736
                                                  ./ra/fsp/src/bsp/cmsis/Device/RENESAS/Source/system.o
__aeabi_memclr                                    /Applications/Renesas e2 studio with RA FSP v6.0.0/toolchains/LLVM-ET-Arm-18.1.3-Darwin-universal/bin/../lib/clang-runtimes/arm-none-eabi/armv8.1m.main_hard_fpdp_nomve_exn_rtti/lib/libc.a(bzero.c.o)
                                                  /Applications/Renesas e2 studio with RA FSP v6.0.0/toolchains/LLVM-ET-Arm-18.1.3-Darwin-universal/bin/../lib/clang-runtimes/arm-none-eabi/armv8.1m.main_hard_fpdp_nomve_exn_rtti/lib/libc.a(libc_picolib_inittls.c.o)
__tdata_source                                    fsp_gen.lld:1025
                                                  /Applications/Renesas e2 studio with RA FSP v6.0.0/toolchains/LLVM-ET-Arm-18.1.3-Darwin-universal/bin/../lib/clang-runtimes/arm-none-eabi/armv8.1m.main_hard_fpdp_nomve_exn_rtti/lib/libc.a(libc_picolib_inittls.c.o)
__tdata_size                                      fsp_gen.lld:1026
                                                  /Applications/Renesas e2 studio with RA FSP v6.0.0/toolchains/LLVM-ET-Arm-18.1.3-Darwin-universal/bin/../lib/clang-runtimes/arm-none-eabi/armv8.1m.main_hard_fpdp_nomve_exn_rtti/lib/libc.a(libc_picolib_inittls.c.o)
__tbss_offset                                     fsp_gen.lld:1027
                                                  /Applications/Renesas e2 studio with RA FSP v6.0.0/toolchains/LLVM-ET-Arm-18.1.3-Darwin-universal/bin/../lib/clang-runtimes/arm-none-eabi/armv8.1m.main_hard_fpdp_nomve_exn_rtti/lib/libc.a(libc_picolib_inittls.c.o)
__tbss_size                                       fsp_gen.lld:1028
                                                  /Applications/Renesas e2 studio with RA FSP v6.0.0/toolchains/LLVM-ET-Arm-18.1.3-Darwin-universal/bin/../lib/clang-runtimes/arm-none-eabi/armv8.1m.main_hard_fpdp_nomve_exn_rtti/lib/libc.a(libc_picolib_inittls.c.o)
__arm32_tls_tcb_offset                            fsp_gen.lld:1029
                                                  /Applications/Renesas e2 studio with RA FSP v6.0.0/toolchains/LLVM-ET-Arm-18.1.3-Darwin-universal/bin/../lib/clang-runtimes/arm-none-eabi/armv8.1m.main_hard_fpdp_nomve_exn_rtti/lib/libc.a(libc_picolib_machine_arm_tls.c.o)
__tls                                             /Applications/Renesas e2 studio with RA FSP v6.0.0/toolchains/LLVM-ET-Arm-18.1.3-Darwin-universal/bin/../lib/clang-runtimes/arm-none-eabi/armv8.1m.main_hard_fpdp_nomve_exn_rtti/lib/libc.a(libc_picolib_machine_arm_read_tp.S.o)
                                                  /Applications/Renesas e2 studio with RA FSP v6.0.0/toolchains/LLVM-ET-Arm-18.1.3-Darwin-universal/bin/../lib/clang-runtimes/arm-none-eabi/armv8.1m.main_hard_fpdp_nomve_exn_rtti/lib/libc.a(libc_picolib_machine_arm_tls.c.o)
__kernel_sinf                                     /Applications/Renesas e2 studio with RA FSP v6.0.0/toolchains/LLVM-ET-Arm-18.1.3-Darwin-universal/bin/../lib/clang-runtimes/arm-none-eabi/armv8.1m.main_hard_fpdp_nomve_exn_rtti/lib/libc.a(libm_math_kf_sin.c.o)
                                                  /Applications/Renesas e2 studio with RA FSP v6.0.0/toolchains/LLVM-ET-Arm-18.1.3-Darwin-universal/bin/../lib/clang-runtimes/arm-none-eabi/armv8.1m.main_hard_fpdp_nomve_exn_rtti/lib/libc.a(libm_math_sf_sin.c.o)
__rem_pio2f                                       /Applications/Renesas e2 studio with RA FSP v6.0.0/toolchains/LLVM-ET-Arm-18.1.3-Darwin-universal/bin/../lib/clang-runtimes/arm-none-eabi/armv8.1m.main_hard_fpdp_nomve_exn_rtti/lib/libc.a(libm_math_sf_rem_pio2.c.o)
                                                  /Applications/Renesas e2 studio with RA FSP v6.0.0/toolchains/LLVM-ET-Arm-18.1.3-Darwin-universal/bin/../lib/clang-runtimes/arm-none-eabi/armv8.1m.main_hard_fpdp_nomve_exn_rtti/lib/libc.a(libm_math_sf_sin.c.o)
__kernel_cosf                                     /Applications/Renesas e2 studio with RA FSP v6.0.0/toolchains/LLVM-ET-Arm-18.1.3-Darwin-universal/bin/../lib/clang-runtimes/arm-none-eabi/armv8.1m.main_hard_fpdp_nomve_exn_rtti/lib/libc.a(libm_math_kf_cos.c.o)
                                                  /Applications/Renesas e2 studio with RA FSP v6.0.0/toolchains/LLVM-ET-Arm-18.1.3-Darwin-universal/bin/../lib/clang-runtimes/arm-none-eabi/armv8.1m.main_hard_fpdp_nomve_exn_rtti/lib/libc.a(libm_math_sf_sin.c.o)
_sinf                                             /Applications/Renesas e2 studio with RA FSP v6.0.0/toolchains/LLVM-ET-Arm-18.1.3-Darwin-universal/bin/../lib/clang-runtimes/arm-none-eabi/armv8.1m.main_hard_fpdp_nomve_exn_rtti/lib/libc.a(libm_math_sf_sin.c.o)
__kernel_rem_pio2f                                /Applications/Renesas e2 studio with RA FSP v6.0.0/toolchains/LLVM-ET-Arm-18.1.3-Darwin-universal/bin/../lib/clang-runtimes/arm-none-eabi/armv8.1m.main_hard_fpdp_nomve_exn_rtti/lib/libc.a(libm_math_kf_rem_pio2.c.o)
                                                  /Applications/Renesas e2 studio with RA FSP v6.0.0/toolchains/LLVM-ET-Arm-18.1.3-Darwin-universal/bin/../lib/clang-runtimes/arm-none-eabi/armv8.1m.main_hard_fpdp_nomve_exn_rtti/lib/libc.a(libm_math_sf_rem_pio2.c.o)
scalbnf                                           /Applications/Renesas e2 studio with RA FSP v6.0.0/toolchains/LLVM-ET-Arm-18.1.3-Darwin-universal/bin/../lib/clang-runtimes/arm-none-eabi/armv8.1m.main_hard_fpdp_nomve_exn_rtti/lib/libc.a(libm_common_sf_scalbn.c.o)
                                                  /Applications/Renesas e2 studio with RA FSP v6.0.0/toolchains/LLVM-ET-Arm-18.1.3-Darwin-universal/bin/../lib/clang-runtimes/arm-none-eabi/armv8.1m.main_hard_fpdp_nomve_exn_rtti/lib/libc.a(libm_math_kf_rem_pio2.c.o)
ldexpf                                            /Applications/Renesas e2 studio with RA FSP v6.0.0/toolchains/LLVM-ET-Arm-18.1.3-Darwin-universal/bin/../lib/clang-runtimes/arm-none-eabi/armv8.1m.main_hard_fpdp_nomve_exn_rtti/lib/libc.a(libm_common_sf_scalbn.c.o)
__fpclassifyf                                     /Applications/Renesas e2 studio with RA FSP v6.0.0/toolchains/LLVM-ET-Arm-18.1.3-Darwin-universal/bin/../lib/clang-runtimes/arm-none-eabi/armv8.1m.main_hard_fpdp_nomve_exn_rtti/lib/libc.a(libm_common_sf_fpclassify.c.o)
                                                  /Applications/Renesas e2 studio with RA FSP v6.0.0/toolchains/LLVM-ET-Arm-18.1.3-Darwin-universal/bin/../lib/clang-runtimes/arm-none-eabi/armv8.1m.main_hard_fpdp_nomve_exn_rtti/lib/libc.a(libm_common_math_errf_invalidf.c.o)
bzero                                             /Applications/Renesas e2 studio with RA FSP v6.0.0/toolchains/LLVM-ET-Arm-18.1.3-Darwin-universal/bin/../lib/clang-runtimes/arm-none-eabi/armv8.1m.main_hard_fpdp_nomve_exn_rtti/lib/libc.a(bzero.c.o)
memset                                            /Applications/Renesas e2 studio with RA FSP v6.0.0/toolchains/LLVM-ET-Arm-18.1.3-Darwin-universal/bin/../lib/clang-runtimes/arm-none-eabi/armv8.1m.main_hard_fpdp_nomve_exn_rtti/lib/libc.a(memset.c.o)
                                                  /Applications/Renesas e2 studio with RA FSP v6.0.0/toolchains/LLVM-ET-Arm-18.1.3-Darwin-universal/bin/../lib/clang-runtimes/arm-none-eabi/armv8.1m.main_hard_fpdp_nomve_exn_rtti/lib/libc.a(bzero.c.o)
__aeabi_memclr8                                   /Applications/Renesas e2 studio with RA FSP v6.0.0/toolchains/LLVM-ET-Arm-18.1.3-Darwin-universal/bin/../lib/clang-runtimes/arm-none-eabi/armv8.1m.main_hard_fpdp_nomve_exn_rtti/lib/libc.a(bzero.c.o)
memcpy                                            /Applications/Renesas e2 studio with RA FSP v6.0.0/toolchains/LLVM-ET-Arm-18.1.3-Darwin-universal/bin/../lib/clang-runtimes/arm-none-eabi/armv8.1m.main_hard_fpdp_nomve_exn_rtti/lib/libc.a(memcpy.c.o)
__aeabi_memcpy8                                   /Applications/Renesas e2 studio with RA FSP v6.0.0/toolchains/LLVM-ET-Arm-18.1.3-Darwin-universal/bin/../lib/clang-runtimes/arm-none-eabi/armv8.1m.main_hard_fpdp_nomve_exn_rtti/lib/libc.a(memcpy.c.o)
